Process 0 of 1 is on cl243.stfx.acenet.ca - thread support 1
initial socket setup ...start
initial socket setup ...done 
now start server 0 ... 

cmd = /usr/bin/ssh clhead /usr/local/qchem/bin/get_hostid 1216035466 > /scratch/tmp/6028592.1.long.q/qchem4579/lic.dat
                  Welcome to Q-Chem
     A Quantum Leap Into The Future Of Chemistry

 Y. Shao, L. Fusti-Molnar, Y. Jung, J. Kussmann, C. Ochsenfeld,
 S. T. Brown, A. T. B. Gilbert, L. V. Slipchenko,S. V. Levchenko,
 D. P. O'Neill, R. A. DiStasio Jr., R. C. Lochan, T. Wang,
 G. J. O. Beran, N. A. Besley, J. M. Herbert, C. Y. Lin,
 T. Van Voorhis, S. H. Chien, A. Sodt, R. P. Steele, 
 V. A. Rassolov, P. E. Maslen, P. P. Korambath, R. D. Adamson,
 B. Austin, J. Baker, E. F. C. Byrd, H. Dachsel, R. J. Doerksen,
 A. Dreuw, B. D. Dunietz, A. D. Dutoi, T. R. Furlani,
 S. R. Gwaltney, A. Heyden, S. Hirata, C.-P. Hsu, G. Kedziora,
 R. Z. Khaliullin, P. Klunzinger, A. M. Lee, M. S. Lee, W. Liang,
 I. Lotan, N. Nair, B. Peters, E. I. Proynov, P. A. Pieniazek, 
 Y. M. Rhee, J. Ritchie, E. Rosta, C. D. Sherrill, 
 A. C. Simmonett, J. E. Subotnik, H. L. Woodcock III,
 W. Zhang, A. T. Bell, A. K. Chakraborty, D. M. Chipman,
 F. J. Keil, A. Warshel, W. J. Hehre, H. F. Schaefer III,
 J. Kong, A. I. Krylov, P. M. W. Gill, M. Head-Gordon,
 Q-Chem, Version 3.1, Q-Chem, Inc., Pittsburgh, PA (2007).

 Additional authors for Version 3.1: 
 Z. Gan, Y. Zhao, N. E. Schultz, D. Truhlar, E. Epifanovsky and M. Oana.

 Additional authors for Version 3.2: 
 R. Baer, B. R. Brooks, D. Casanova, J.-D. Chai, C.-L. Cheng, 
 C. Cramer, D. Crittenden, A. Ghysels, G. Hawkins, E. G. Hohenstein, 
 C. Kelley, W. Kurlancheek, D. Liotard, E. Livshits, P. Manohar, 
 A. Marenich, D. Neuhauser, R. Olson, M. A. Rohrdanz, K. S. Thanthiriwatte, 
 A. J. W. Thom, V. Vanovschi, C. F. Williams, Q. Wu and Z.-Q. You. 


 Intel X86 Linux Version

 Q-chem begins on Tue Jun  4 15:44:35 2013  

 Parallel job on  1  processors
Processing $rem in /usr/local/qchem/config/preferences.

theFileMan(): MAXOPENFILES=974 MAX_SUB_FILE_NUM=16
Maximum size of a physical file is 2.0 GB, maximum size of a tmp-file is 32.0 GB


--------------------------------------------------------------
User input:
--------------------------------------------------------------

$molecule
-1,2
Li         0.00000        0.00000       -0.02802
H          0.00000        0.00000        1.64909
$end

$comment
negative
$end

$xc_functional
C PBE   1.00
X wPBE  1.00
$end

$rem
SYMMETRY_DECOMPOSITION	0
exchange 		general
LRC_DFT                 true
BASIS                   g3large
omega			440
mem_static              760
max_scf_cycles          200
scf_final_print         1
sym_ignore              true
$end

--------------------------------------------------------------
 Writing REM_CC_EA            2
 ----------------------------------------------------
       Standard Nuclear Orientation (Angstroms)
    I     Atom         X            Y            Z
 ----------------------------------------------------
    1      Li      0.000000     0.000000    -0.028020
    2      H       0.000000     0.000000     1.649090
 ----------------------------------------------------
 Nuclear Repulsion Energy =     0.9465876612 hartrees
 There are        3 alpha and        2 beta electrons
 Requested basis set is G3large
 There are 16 shells and 52 basis functions

Total QAlloc Memory Limit   2000 MB
Mega-Array Size       743 MB
MEM_STATIC part       760 MB

                       Distance Matrix (Angstroms)
             Li(  1)
   H (  2)  1.677110
 
 A cutoff of  1.0D-08 yielded    136 shell pairs
 There are   1462 function pairs (  1834 Cartesian)
Evaluating contribution to one-electron hamiltonian from nuclear
 Smallest overlap matrix eigenvalue = 4.09E-03
 Multipole matrices computed through 2nd order

  Scale SEOQF with 1.000000e-02/1.000000e-02/1.000000e-02

 Standard Electronic Orientation quadrupole field applied
 Guess from superposition of atomic densities
 Warning:  Energy on first SCF cycle will be non-variational
 Long-range K will be added via erf
 Coulomb attenuation parameter = 0.44 bohr**(-1)
 An unrestricted Kohn-Sham SCF calculation will be
 performed using Pulay DIIS extrapolation
 Exchange:  wPBE + LR-HF      Correlation:  PBE
 Using SG-1 standard quadrature grid
 SCF converges when DIIS error is below 1.0E-05
 Requested basis set is G3large
 There are 16 shells and 52 basis functions
 A cutoff of  1.0D-08 yielded    136 shell pairs
 There are   1462 function pairs (  1834 Cartesian)
 Warning!  Inaccurate integrated density:
   Number of electrons =     5
   Numerical integral  =     4.012981843575
   Relative error      =   -19.7403631285 %
 ---------------------------------------
  Cycle       Energy         DIIS Error
 ---------------------------------------
    1      -7.7606728807      4.94E-03
    2      -7.9843162138      6.34E-03
    3      -8.0153734736      3.69E-03
    4      -8.0418929528      5.74E-04
 Warning!  Inaccurate integrated density:
   Number of electrons =     5
   Numerical integral  =     4.992778902167
   Relative error      =    -0.1444219567 %
    5      -8.0473078067      4.17E-04
 Warning!  Inaccurate integrated density:
   Number of electrons =     5
   Numerical integral  =     4.990124330500
   Relative error      =    -0.1975133900 %
    6      -8.0526569448      3.39E-04
 Warning!  Inaccurate integrated density:
   Number of electrons =     5
   Numerical integral  =     4.990771757169
   Relative error      =    -0.1845648566 %
    7      -8.0567117740      3.71E-04
 Warning!  Inaccurate integrated density:
   Number of electrons =     5
   Numerical integral  =     4.988254240522
   Relative error      =    -0.2349151896 %
    8      -8.0515906792      2.58E-04
 Warning!  Inaccurate integrated density:
   Number of electrons =     5
   Numerical integral  =     4.986675356829
   Relative error      =    -0.2664928634 %
    9      -8.0501668308      1.63E-04
 Warning!  Inaccurate integrated density:
   Number of electrons =     5
   Numerical integral  =     4.984372564811
   Relative error      =    -0.3125487038 %
   10      -8.0502155498      5.01E-05
 Warning!  Inaccurate integrated density:
   Number of electrons =     5
   Numerical integral  =     4.983610476789
   Relative error      =    -0.3277904642 %
   11      -8.0502644398      1.58E-05
 Warning!  Inaccurate integrated density:
   Number of electrons =     5
   Numerical integral  =     4.983626265340
   Relative error      =    -0.3274746932 %
   12      -8.0502684325      8.87E-06 Convergence criterion met
 ---------------------------------------
 One-Electron    Energy =   -12.7062126057
 Total Coulomb   Energy =     5.9592632596
 Alpha Exchange  Energy =    -0.4389028687
 Beta  Exchange  Energy =    -0.4014097255
 DFT   Exchange  Energy =    -1.3210677701
 DFT Correlation Energy =    -0.0885263833
 Nuclear Repu.   Energy =     0.9465876611
 Nuclear Attr.   Energy =   -20.6564454402
 Kinetic         Energy =     7.9502328346
 <S^2> = 0.7502
 SCF time:  CPU 6.99 s  wall 7.33 s
 Final Alpha MO Eigenvalues
            1           2           3           4           5           6
    1  -2.0144325  -0.2136992   0.0090503   0.0533634   0.0730527   0.0807661
            7           8
    1   0.0917196   0.1190743
 Final Beta MO Eigenvalues
            1           2           3           4           5           6
    1  -2.0142952  -0.2150915   0.0673183   0.0809902   0.0885892   0.0890908
            7
    1   0.1010992
 Analysis of SCF Wavefunction
 
 --------------------------------------------------------------
                    Orbital Energies (a.u.)
 --------------------------------------------------------------
 
 Alpha MOs
 -- Occupied --
 -2.014  -0.214   0.009
 -- Virtual --
  0.053   0.073   0.081   0.092   0.119   0.127   0.148   0.213
  0.236   0.237   0.238   0.327   0.364   0.365   0.369   0.371
  0.483   0.591   0.633   0.635   0.680   0.681   0.697   0.697
  0.698   0.699   0.719   0.913   1.180   1.181   1.287   1.369
  1.370   1.441   1.442   1.651   2.972   3.758   4.320   4.320
  4.442   7.001   7.002   7.266  20.134  20.161  21.349  21.353
 21.353
 
 Beta MOs
 -- Occupied --
 -2.014  -0.215
 -- Virtual --
  0.067   0.081   0.089   0.089   0.101   0.128   0.128   0.146
  0.212   0.234   0.236   0.238   0.326   0.364   0.365   0.369
  0.370   0.481   0.591   0.633   0.633   0.680   0.680   0.696
  0.696   0.698   0.698   0.718   0.912   1.179   1.180   1.286
  1.369   1.370   1.441   1.442   1.651   2.971   3.758   4.318
  4.318   4.440   7.002   7.002   7.266  20.135  20.161  21.349
 21.353  21.353
 --------------------------------------------------------------
 
          Ground-State Mulliken Net Atomic Charges

     Atom                 Charge (a.u.)    Spin (a.u.)
  --------------------------------------------------------
      1 Li                   -0.650688       1.015636
      2 H                    -0.349312      -0.015636
  --------------------------------------------------------
  Sum of atomic charges =    -1.000000
  Sum of spin   charges =     1.000000

 -----------------------------------------------------------------
                    Cartesian Multipole Moments
 -----------------------------------------------------------------
    Charge (ESU x 10^10)
                -4.8032
    Dipole Moment (Debye)
         X      -0.2670      Y      -0.2668      Z      -5.9496
       Tot       5.9616
    Quadrupole Moments (Debye-Ang)
        XX     -99.7649     XY     -47.1068     YY     -99.6940
        XZ       0.9500     YZ       0.9493     ZZ     -59.6177
    Octapole Moments (Debye-Ang^2)
       XXX     -10.6319    XXY      -3.5416    XYY      -3.5443
       YYY     -10.6238    XXZ      -3.7701    XYZ       1.4214
       YYZ      -3.7722    XZZ      -3.5733    YZZ      -3.5706
       ZZZ     -23.5379
    Hexadecapole Moments (Debye-Ang^3)
      XXXX   -4159.7940   XXXY   -1381.1391   XXYY   -1385.9049
      XYYY   -1381.1391   YYYY   -4155.6424   XXXZ      31.5431
      XXYZ      10.5064   XYYZ      10.5143   YYYZ      31.5194
      XXZZ    -934.8477   XYZZ    -460.4191   YYZZ    -934.1557
      XZZZ      31.5671   YZZZ      31.5434   ZZZZ   -1458.4741
 -----------------------------------------------------------------
 Total job time:  7.41s(wall), 7.05s(cpu) 
 Tue Jun  4 15:44:42 2013

        *************************************************************
        *                                                           *
        *  Thank you very much for using Q-Chem.  Have a nice day.  *
        *                                                           *
        *************************************************************


0 sent ACK to 0 
now end server 0 ... 
 
**********************************************************************
Job 2 of 3 
**********************************************************************
 
Process 0 of 1 is on cl243.stfx.acenet.ca - thread support 1
initial socket setup ...start
initial socket setup ...done 
now start server 0 ... 

cmd = /usr/bin/ssh clhead /usr/local/qchem/bin/get_hostid 1392557702 > /scratch/tmp/6028592.1.long.q/qchem4579/lic.dat
                  Welcome to Q-Chem
     A Quantum Leap Into The Future Of Chemistry

 Y. Shao, L. Fusti-Molnar, Y. Jung, J. Kussmann, C. Ochsenfeld,
 S. T. Brown, A. T. B. Gilbert, L. V. Slipchenko,S. V. Levchenko,
 D. P. O'Neill, R. A. DiStasio Jr., R. C. Lochan, T. Wang,
 G. J. O. Beran, N. A. Besley, J. M. Herbert, C. Y. Lin,
 T. Van Voorhis, S. H. Chien, A. Sodt, R. P. Steele, 
 V. A. Rassolov, P. E. Maslen, P. P. Korambath, R. D. Adamson,
 B. Austin, J. Baker, E. F. C. Byrd, H. Dachsel, R. J. Doerksen,
 A. Dreuw, B. D. Dunietz, A. D. Dutoi, T. R. Furlani,
 S. R. Gwaltney, A. Heyden, S. Hirata, C.-P. Hsu, G. Kedziora,
 R. Z. Khaliullin, P. Klunzinger, A. M. Lee, M. S. Lee, W. Liang,
 I. Lotan, N. Nair, B. Peters, E. I. Proynov, P. A. Pieniazek, 
 Y. M. Rhee, J. Ritchie, E. Rosta, C. D. Sherrill, 
 A. C. Simmonett, J. E. Subotnik, H. L. Woodcock III,
 W. Zhang, A. T. Bell, A. K. Chakraborty, D. M. Chipman,
 F. J. Keil, A. Warshel, W. J. Hehre, H. F. Schaefer III,
 J. Kong, A. I. Krylov, P. M. W. Gill, M. Head-Gordon,
 Q-Chem, Version 3.1, Q-Chem, Inc., Pittsburgh, PA (2007).

 Additional authors for Version 3.1: 
 Z. Gan, Y. Zhao, N. E. Schultz, D. Truhlar, E. Epifanovsky and M. Oana.

 Additional authors for Version 3.2: 
 R. Baer, B. R. Brooks, D. Casanova, J.-D. Chai, C.-L. Cheng, 
 C. Cramer, D. Crittenden, A. Ghysels, G. Hawkins, E. G. Hohenstein, 
 C. Kelley, W. Kurlancheek, D. Liotard, E. Livshits, P. Manohar, 
 A. Marenich, D. Neuhauser, R. Olson, M. A. Rohrdanz, K. S. Thanthiriwatte, 
 A. J. W. Thom, V. Vanovschi, C. F. Williams, Q. Wu and Z.-Q. You. 


 Intel X86 Linux Version

 Q-chem begins on Tue Jun  4 15:44:45 2013  

 Parallel job on  1  processors
Processing $rem in /usr/local/qchem/config/preferences.

theFileMan(): MAXOPENFILES=974 MAX_SUB_FILE_NUM=16
Maximum size of a physical file is 2.0 GB, maximum size of a tmp-file is 32.0 GB


--------------------------------------------------------------
User input:
--------------------------------------------------------------

$molecule
0,1
Li         0.00000        0.00000       -0.02802
H          0.00000        0.00000        1.64909
$end

$comment
neutral
$end

$xc_functional
C PBE   1.00
X wPBE  1.00
$end


$rem
SYMMETRY_DECOMPOSITION	0
LRC_DFT                 true
exchange 		general
BASIS                   g3large
omega			440
mem_static              760
max_scf_cycles          200
scf_final_print         1
sym_ignore              true
$end

--------------------------------------------------------------
 Writing REM_CC_EA            2
 ----------------------------------------------------
       Standard Nuclear Orientation (Angstroms)
    I     Atom         X            Y            Z
 ----------------------------------------------------
    1      Li      0.000000     0.000000    -0.028020
    2      H       0.000000     0.000000     1.649090
 ----------------------------------------------------
 Nuclear Repulsion Energy =     0.9465876612 hartrees
 There are        2 alpha and        2 beta electrons
 Requested basis set is G3large
 There are 16 shells and 52 basis functions

Total QAlloc Memory Limit   2000 MB
Mega-Array Size       743 MB
MEM_STATIC part       760 MB

                       Distance Matrix (Angstroms)
             Li(  1)
   H (  2)  1.677110
 
 A cutoff of  1.0D-08 yielded    136 shell pairs
 There are   1462 function pairs (  1834 Cartesian)
Evaluating contribution to one-electron hamiltonian from nuclear
 Smallest overlap matrix eigenvalue = 4.09E-03
 Multipole matrices computed through 2nd order

  Scale SEOQF with 1.000000e-02/1.000000e-02/1.000000e-02

 Standard Electronic Orientation quadrupole field applied
 Guess from superposition of atomic densities
 Warning:  Energy on first SCF cycle will be non-variational
 Long-range K will be added via erf
 Coulomb attenuation parameter = 0.44 bohr**(-1)
 A restricted Kohn-Sham SCF calculation will be
 performed using Pulay DIIS extrapolation
 Exchange:  wPBE + LR-HF      Correlation:  PBE
 Using SG-1 standard quadrature grid
 SCF converges when DIIS error is below 1.0E-05
 Requested basis set is G3large
 There are 16 shells and 52 basis functions
 A cutoff of  1.0D-08 yielded    136 shell pairs
 There are   1462 function pairs (  1834 Cartesian)
 Warning!  Inaccurate integrated density:
   Number of electrons =     4
   Numerical integral  =     4.012981843575
   Relative error      =     0.3245460894 %
 ---------------------------------------
  Cycle       Energy         DIIS Error
 ---------------------------------------
    1      -7.7606728807      4.94E-03
    2      -8.0321201023      5.81E-03
    3      -8.0499940598      3.26E-03
    4      -8.0604659557      3.56E-04
    5      -8.0608161581      1.35E-04
    6      -8.0608771006      2.03E-05
    7      -8.0608781850      3.52E-06 Convergence criterion met
 ---------------------------------------
 One-Electron    Energy =   -12.3648055105
 Total Coulomb   Energy =     5.5652375633
 Alpha Exchange  Energy =    -0.4012441784
 Beta  Exchange  Energy =    -0.4012441784
 DFT   Exchange  Energy =    -1.3211059632
 DFT Correlation Energy =    -0.0843035790
 Nuclear Repu.   Energy =     0.9465876611
 Nuclear Attr.   Energy =   -20.3005771948
 Kinetic         Energy =     7.9357716844
 SCF time:  CPU 3.73 s  wall 3.99 s
 Final Alpha MO Eigenvalues
            1           2           3           4           5           6
    1  -2.1045922  -0.3018777  -0.0095064   0.0147059   0.0147063   0.0215927
            7
    1   0.0275075
 Analysis of SCF Wavefunction
 
 --------------------------------------------------------------
                    Orbital Energies (a.u.)
 --------------------------------------------------------------
 
 Alpha MOs
 -- Occupied --
 -2.105  -0.302
 -- Virtual --
 -0.010   0.015   0.015   0.022   0.028   0.052   0.052   0.076
  0.134   0.156   0.156   0.160   0.243   0.279   0.279   0.284
  0.284   0.398   0.504   0.545   0.545   0.593   0.593   0.608
  0.608   0.611   0.611   0.634   0.825   1.092   1.092   1.200
  1.279   1.279   1.353   1.353   1.563   2.885   3.669   4.232
  4.232   4.355   6.911   6.911   7.176  20.044  20.071  21.259
 21.263  21.263
 --------------------------------------------------------------
 
          Ground-State Mulliken Net Atomic Charges

     Atom                 Charge (a.u.)
  ----------------------------------------
      1 Li                    0.341246
      2 H                    -0.341246
  ----------------------------------------
  Sum of atomic charges =     0.000000

 -----------------------------------------------------------------
                    Cartesian Multipole Moments
 -----------------------------------------------------------------
    Charge (ESU x 10^10)
                 0.0000
    Dipole Moment (Debye)
         X       0.0000      Y       0.0000      Z      -6.0970
       Tot       6.0970
    Quadrupole Moments (Debye-Ang)
        XX      -5.3591     XY       0.0000     YY      -5.3591
        XZ       0.0000     YZ       0.0000     ZZ     -12.1523
    Octapole Moments (Debye-Ang^2)
       XXX       0.0001    XXY       0.0000    XYY       0.0000
       YYY       0.0000    XXZ      -6.4921    XYZ       0.0000
       YYZ      -6.4921    XZZ       0.0000    YZZ       0.0000
       ZZZ     -27.1027
    Hexadecapole Moments (Debye-Ang^3)
      XXXX     -12.1138   XXXY       0.0001   XXYY      -4.0379
      XYYY       0.0001   YYYY     -12.1138   XXXZ       0.0000
      XXYZ       0.0000   XYYZ       0.0000   YYYZ       0.0000
      XXZZ     -12.4498   XYZZ       0.0001   YYZZ     -12.4498
      XZZZ       0.0000   YZZZ       0.0000   ZZZZ     -71.3509
 -----------------------------------------------------------------
 Total job time:  4.05s(wall), 3.79s(cpu) 
 Tue Jun  4 15:44:49 2013

        *************************************************************
        *                                                           *
        *  Thank you very much for using Q-Chem.  Have a nice day.  *
        *                                                           *
        *************************************************************


0 sent ACK to 0 
now end server 0 ... 
 
**********************************************************************
Job 3 of 3 
**********************************************************************
 
Process 0 of 1 is on cl243.stfx.acenet.ca - thread support 1
initial socket setup ...start
initial socket setup ...done 
now start server 0 ... 

cmd = /usr/bin/ssh clhead /usr/local/qchem/bin/get_hostid 333912728 > /scratch/tmp/6028592.1.long.q/qchem4579/lic.dat
                  Welcome to Q-Chem
     A Quantum Leap Into The Future Of Chemistry

 Y. Shao, L. Fusti-Molnar, Y. Jung, J. Kussmann, C. Ochsenfeld,
 S. T. Brown, A. T. B. Gilbert, L. V. Slipchenko,S. V. Levchenko,
 D. P. O'Neill, R. A. DiStasio Jr., R. C. Lochan, T. Wang,
 G. J. O. Beran, N. A. Besley, J. M. Herbert, C. Y. Lin,
 T. Van Voorhis, S. H. Chien, A. Sodt, R. P. Steele, 
 V. A. Rassolov, P. E. Maslen, P. P. Korambath, R. D. Adamson,
 B. Austin, J. Baker, E. F. C. Byrd, H. Dachsel, R. J. Doerksen,
 A. Dreuw, B. D. Dunietz, A. D. Dutoi, T. R. Furlani,
 S. R. Gwaltney, A. Heyden, S. Hirata, C.-P. Hsu, G. Kedziora,
 R. Z. Khaliullin, P. Klunzinger, A. M. Lee, M. S. Lee, W. Liang,
 I. Lotan, N. Nair, B. Peters, E. I. Proynov, P. A. Pieniazek, 
 Y. M. Rhee, J. Ritchie, E. Rosta, C. D. Sherrill, 
 A. C. Simmonett, J. E. Subotnik, H. L. Woodcock III,
 W. Zhang, A. T. Bell, A. K. Chakraborty, D. M. Chipman,
 F. J. Keil, A. Warshel, W. J. Hehre, H. F. Schaefer III,
 J. Kong, A. I. Krylov, P. M. W. Gill, M. Head-Gordon,
 Q-Chem, Version 3.1, Q-Chem, Inc., Pittsburgh, PA (2007).

 Additional authors for Version 3.1: 
 Z. Gan, Y. Zhao, N. E. Schultz, D. Truhlar, E. Epifanovsky and M. Oana.

 Additional authors for Version 3.2: 
 R. Baer, B. R. Brooks, D. Casanova, J.-D. Chai, C.-L. Cheng, 
 C. Cramer, D. Crittenden, A. Ghysels, G. Hawkins, E. G. Hohenstein, 
 C. Kelley, W. Kurlancheek, D. Liotard, E. Livshits, P. Manohar, 
 A. Marenich, D. Neuhauser, R. Olson, M. A. Rohrdanz, K. S. Thanthiriwatte, 
 A. J. W. Thom, V. Vanovschi, C. F. Williams, Q. Wu and Z.-Q. You. 


 Intel X86 Linux Version

 Q-chem begins on Tue Jun  4 15:44:52 2013  

 Parallel job on  1  processors
Processing $rem in /usr/local/qchem/config/preferences.

theFileMan(): MAXOPENFILES=974 MAX_SUB_FILE_NUM=16
Maximum size of a physical file is 2.0 GB, maximum size of a tmp-file is 32.0 GB


--------------------------------------------------------------
User input:
--------------------------------------------------------------

$molecule
1,2
Li         0.00000        0.00000       -0.02802
H          0.00000        0.00000        1.64909
$end

$comment
positive
$end

$xc_functional
C PBE   1.00
X wPBE  1.00
$end

$rem
SYMMETRY_DECOMPOSITION	0
LRC_DFT                 true
exchange 		general
BASIS                   g3large
omega			440
mem_static              760
max_scf_cycles          200
scf_final_print         1
sym_ignore              true
$end

--------------------------------------------------------------
 Writing REM_CC_EA            2
 ----------------------------------------------------
       Standard Nuclear Orientation (Angstroms)
    I     Atom         X            Y            Z
 ----------------------------------------------------
    1      Li      0.000000     0.000000    -0.028020
    2      H       0.000000     0.000000     1.649090
 ----------------------------------------------------
 Nuclear Repulsion Energy =     0.9465876612 hartrees
 There are        2 alpha and        1 beta electrons
 Requested basis set is G3large
 There are 16 shells and 52 basis functions

Total QAlloc Memory Limit   2000 MB
Mega-Array Size       743 MB
MEM_STATIC part       760 MB

                       Distance Matrix (Angstroms)
             Li(  1)
   H (  2)  1.677110
 
 A cutoff of  1.0D-08 yielded    136 shell pairs
 There are   1462 function pairs (  1834 Cartesian)
Evaluating contribution to one-electron hamiltonian from nuclear
 Smallest overlap matrix eigenvalue = 4.09E-03
 Multipole matrices computed through 2nd order

  Scale SEOQF with 1.000000e-02/1.000000e-02/1.000000e-02

 Standard Electronic Orientation quadrupole field applied
 Guess from superposition of atomic densities
 Warning:  Energy on first SCF cycle will be non-variational
 Long-range K will be added via erf
 Coulomb attenuation parameter = 0.44 bohr**(-1)
 An unrestricted Kohn-Sham SCF calculation will be
 performed using Pulay DIIS extrapolation
 Exchange:  wPBE + LR-HF      Correlation:  PBE
 Using SG-1 standard quadrature grid
 SCF converges when DIIS error is below 1.0E-05
 Requested basis set is G3large
 There are 16 shells and 52 basis functions
 A cutoff of  1.0D-08 yielded    136 shell pairs
 There are   1462 function pairs (  1834 Cartesian)
 Warning!  Inaccurate integrated density:
   Number of electrons =     3
   Numerical integral  =     4.012981843575
   Relative error      =    33.7660614525 %
 ---------------------------------------
  Cycle       Energy         DIIS Error
 ---------------------------------------
    1      -7.7606728807      4.94E-03
    2      -7.7584425676      2.26E-03
    3      -7.7676386596      7.81E-04
    4      -7.7689152310      5.35E-05
    5      -7.7689203647      1.07E-05
    6      -7.7689206290      2.05E-06 Convergence criterion met
 ---------------------------------------
 One-Electron    Energy =   -10.9936781795
 Total Coulomb   Energy =     4.2848500202
 Alpha Exchange  Energy =    -0.4273940124
 Beta  Exchange  Energy =    -0.2350917867
 DFT   Exchange  Energy =    -1.2925606806
 DFT Correlation Energy =    -0.0516336511
 Nuclear Repu.   Energy =     0.9465876611
 Nuclear Attr.   Energy =   -18.7529134808
 Kinetic         Energy =     7.7592353013
 <S^2> = 0.7500
 SCF time:  CPU 3.16 s  wall 3.45 s
 Final Alpha MO Eigenvalues
            1           2           3           4           5           6
    1  -2.4307487  -0.7652186  -0.1755808  -0.1368306  -0.1368287  -0.0858596
            7
    1  -0.0696402
 Final Beta MO Eigenvalues
            1           2           3           4           5           6
    1  -2.4279932  -0.2066925  -0.1425684  -0.1277922  -0.1277880  -0.0763728
 Analysis of SCF Wavefunction
 
 --------------------------------------------------------------
                    Orbital Energies (a.u.)
 --------------------------------------------------------------
 
 Alpha MOs
 -- Occupied --
 -2.431  -0.765
 -- Virtual --
 -0.176  -0.137  -0.137  -0.086  -0.070  -0.058  -0.058  -0.052
 -0.027  -0.006  -0.005  -0.005   0.034   0.056   0.056   0.081
  0.082   0.194   0.235   0.299   0.299   0.340   0.351   0.351
  0.386   0.386   0.396   0.396   0.572   0.756   0.756   0.860
  1.011   1.012   1.050   1.050   1.248   2.396   3.327   3.721
  3.721   3.865   6.589   6.589   6.849  19.719  19.742  20.933
 20.934  20.934
 
 Beta MOs
 -- Occupied --
 -2.428
 -- Virtual --
 -0.207  -0.143  -0.128  -0.128  -0.076  -0.061  -0.057  -0.057
 -0.037  -0.013  -0.005  -0.002  -0.002   0.081   0.081   0.084
  0.084   0.110   0.206   0.286   0.301   0.301   0.392   0.392
  0.396   0.396   0.398   0.398   0.479   0.667   0.900   0.901
  1.012   1.013   1.064   1.145   1.146   1.326   2.902   3.391
  4.264   4.265   4.461   6.591   6.591   6.856  19.722  19.746
 20.933  20.935  20.935
 --------------------------------------------------------------
 
          Ground-State Mulliken Net Atomic Charges

     Atom                 Charge (a.u.)    Spin (a.u.)
  --------------------------------------------------------
      1 Li                    0.818752       0.178098
      2 H                     0.181248       0.821902
  --------------------------------------------------------
  Sum of atomic charges =     1.000000
  Sum of spin   charges =     1.000000

 -----------------------------------------------------------------
                    Cartesian Multipole Moments
 -----------------------------------------------------------------
    Charge (ESU x 10^10)
                 4.8032
    Dipole Moment (Debye)
         X       0.0000      Y       0.0000      Z       0.4587
       Tot       0.4587
    Quadrupole Moments (Debye-Ang)
        XX      -1.6533     XY       0.0000     YY      -1.6533
        XZ       0.0000     YZ       0.0000     ZZ       0.2102
    Octapole Moments (Debye-Ang^2)
       XXX       0.0000    XXY       0.0000    XYY       0.0000
       YYY       0.0000    XXZ      -1.8327    XYZ       0.0000
       YYZ      -1.8327    XZZ       0.0000    YZZ       0.0000
       ZZZ      -1.1368
    Hexadecapole Moments (Debye-Ang^3)
      XXXX      -1.6852   XXXY       0.0000   XXYY      -0.5617
      XYYY       0.0000   YYYY      -1.6852   XXXZ       0.0000
      XXYZ       0.0000   XYYZ       0.0000   YYYZ       0.0000
      XXZZ      -3.2722   XYZZ       0.0000   YYZZ      -3.2722
      XZZZ       0.0000   YZZZ       0.0000   ZZZZ      -8.9753
 -----------------------------------------------------------------
 Total job time:  3.52s(wall), 3.22s(cpu) 
 Tue Jun  4 15:44:55 2013

        *************************************************************
        *                                                           *
        *  Thank you very much for using Q-Chem.  Have a nice day.  *
        *                                                           *
        *************************************************************


0 sent ACK to 0 
now end server 0 ... 
