Process 0 of 1 is on cl180.stfx.acenet.ca - thread support 1
initial socket setup ...start
initial socket setup ...done 
now start server 0 ... 

cmd = /usr/bin/ssh clhead /usr/local/qchem/bin/get_hostid 1746363766 > /scratch/tmp/6028588.1.medium.q/qchem21955/lic.dat
                  Welcome to Q-Chem
     A Quantum Leap Into The Future Of Chemistry

 Y. Shao, L. Fusti-Molnar, Y. Jung, J. Kussmann, C. Ochsenfeld,
 S. T. Brown, A. T. B. Gilbert, L. V. Slipchenko,S. V. Levchenko,
 D. P. O'Neill, R. A. DiStasio Jr., R. C. Lochan, T. Wang,
 G. J. O. Beran, N. A. Besley, J. M. Herbert, C. Y. Lin,
 T. Van Voorhis, S. H. Chien, A. Sodt, R. P. Steele, 
 V. A. Rassolov, P. E. Maslen, P. P. Korambath, R. D. Adamson,
 B. Austin, J. Baker, E. F. C. Byrd, H. Dachsel, R. J. Doerksen,
 A. Dreuw, B. D. Dunietz, A. D. Dutoi, T. R. Furlani,
 S. R. Gwaltney, A. Heyden, S. Hirata, C.-P. Hsu, G. Kedziora,
 R. Z. Khaliullin, P. Klunzinger, A. M. Lee, M. S. Lee, W. Liang,
 I. Lotan, N. Nair, B. Peters, E. I. Proynov, P. A. Pieniazek, 
 Y. M. Rhee, J. Ritchie, E. Rosta, C. D. Sherrill, 
 A. C. Simmonett, J. E. Subotnik, H. L. Woodcock III,
 W. Zhang, A. T. Bell, A. K. Chakraborty, D. M. Chipman,
 F. J. Keil, A. Warshel, W. J. Hehre, H. F. Schaefer III,
 J. Kong, A. I. Krylov, P. M. W. Gill, M. Head-Gordon,
 Q-Chem, Version 3.1, Q-Chem, Inc., Pittsburgh, PA (2007).

 Additional authors for Version 3.1: 
 Z. Gan, Y. Zhao, N. E. Schultz, D. Truhlar, E. Epifanovsky and M. Oana.

 Additional authors for Version 3.2: 
 R. Baer, B. R. Brooks, D. Casanova, J.-D. Chai, C.-L. Cheng, 
 C. Cramer, D. Crittenden, A. Ghysels, G. Hawkins, E. G. Hohenstein, 
 C. Kelley, W. Kurlancheek, D. Liotard, E. Livshits, P. Manohar, 
 A. Marenich, D. Neuhauser, R. Olson, M. A. Rohrdanz, K. S. Thanthiriwatte, 
 A. J. W. Thom, V. Vanovschi, C. F. Williams, Q. Wu and Z.-Q. You. 


 Intel X86 Linux Version

 Q-chem begins on Tue Jun  4 15:44:05 2013  

 Parallel job on  1  processors
Processing $rem in /usr/local/qchem/config/preferences.

theFileMan(): MAXOPENFILES=974 MAX_SUB_FILE_NUM=16
Maximum size of a physical file is 2.0 GB, maximum size of a tmp-file is 32.0 GB


--------------------------------------------------------------
User input:
--------------------------------------------------------------

$molecule
-1,2
Li         0.00000        0.00000       -0.02802
H          0.00000        0.00000        1.64909
$end

$comment
negative
$end

$xc_functional
C PBE   1.00
X wPBE  1.00
$end

$rem
SYMMETRY_DECOMPOSITION	0
exchange 		general
LRC_DFT                 true
BASIS                   g3large
omega			390
mem_static              760
max_scf_cycles          200
scf_final_print         1
sym_ignore              true
$end

--------------------------------------------------------------
 Writing REM_CC_EA            2
 ----------------------------------------------------
       Standard Nuclear Orientation (Angstroms)
    I     Atom         X            Y            Z
 ----------------------------------------------------
    1      Li      0.000000     0.000000    -0.028020
    2      H       0.000000     0.000000     1.649090
 ----------------------------------------------------
 Nuclear Repulsion Energy =     0.9465876612 hartrees
 There are        3 alpha and        2 beta electrons
 Requested basis set is G3large
 There are 16 shells and 52 basis functions

Total QAlloc Memory Limit   2000 MB
Mega-Array Size       743 MB
MEM_STATIC part       760 MB

                       Distance Matrix (Angstroms)
             Li(  1)
   H (  2)  1.677110
 
 A cutoff of  1.0D-08 yielded    136 shell pairs
 There are   1462 function pairs (  1834 Cartesian)
Evaluating contribution to one-electron hamiltonian from nuclear
 Smallest overlap matrix eigenvalue = 4.09E-03
 Multipole matrices computed through 2nd order

  Scale SEOQF with 1.000000e-02/1.000000e-02/1.000000e-02

 Standard Electronic Orientation quadrupole field applied
 Guess from superposition of atomic densities
 Warning:  Energy on first SCF cycle will be non-variational
 Long-range K will be added via erf
 Coulomb attenuation parameter = 0.39 bohr**(-1)
 An unrestricted Kohn-Sham SCF calculation will be
 performed using Pulay DIIS extrapolation
 Exchange:  wPBE + LR-HF      Correlation:  PBE
 Using SG-1 standard quadrature grid
 SCF converges when DIIS error is below 1.0E-05
 Requested basis set is G3large
 There are 16 shells and 52 basis functions
 A cutoff of  1.0D-08 yielded    136 shell pairs
 There are   1462 function pairs (  1834 Cartesian)
 Warning!  Inaccurate integrated density:
   Number of electrons =     5
   Numerical integral  =     4.012981843575
   Relative error      =   -19.7403631285 %
 ---------------------------------------
  Cycle       Energy         DIIS Error
 ---------------------------------------
    1      -7.7631636344      4.89E-03
    2      -7.9800289241      6.55E-03
    3      -8.0116757619      3.90E-03
    4      -8.0399390902      5.84E-04
 Warning!  Inaccurate integrated density:
   Number of electrons =     5
   Numerical integral  =     4.993002694432
   Relative error      =    -0.1399461114 %
    5      -8.0453940446      4.22E-04
 Warning!  Inaccurate integrated density:
   Number of electrons =     5
   Numerical integral  =     4.990427434990
   Relative error      =    -0.1914513002 %
    6      -8.0507059016      3.46E-04
 Warning!  Inaccurate integrated density:
   Number of electrons =     5
   Numerical integral  =     4.990965134391
   Relative error      =    -0.1806973122 %
    7      -8.0547988611      3.75E-04
 Warning!  Inaccurate integrated density:
   Number of electrons =     5
   Numerical integral  =     4.988640238380
   Relative error      =    -0.2271952324 %
    8      -8.0500031592      2.72E-04
 Warning!  Inaccurate integrated density:
   Number of electrons =     5
   Numerical integral  =     4.987011226523
   Relative error      =    -0.2597754695 %
    9      -8.0482963528      1.73E-04
 Warning!  Inaccurate integrated density:
   Number of electrons =     5
   Numerical integral  =     4.984672328262
   Relative error      =    -0.3065534348 %
   10      -8.0483513176      6.02E-05
 Warning!  Inaccurate integrated density:
   Number of electrons =     5
   Numerical integral  =     4.983713613517
   Relative error      =    -0.3257277297 %
   11      -8.0484171494      1.93E-05
 Warning!  Inaccurate integrated density:
   Number of electrons =     5
   Numerical integral  =     4.983706428998
   Relative error      =    -0.3258714200 %
   12      -8.0484203660      1.12E-05
 Warning!  Inaccurate integrated density:
   Number of electrons =     5
   Numerical integral  =     4.983611271892
   Relative error      =    -0.3277745622 %
   13      -8.0484245308      6.83E-06 Convergence criterion met
 ---------------------------------------
 One-Electron    Energy =   -12.7039886719
 Total Coulomb   Energy =     5.9554581494
 Alpha Exchange  Energy =    -0.4042753409
 Beta  Exchange  Energy =    -0.3666396597
 DFT   Exchange  Energy =    -1.3871911403
 DFT Correlation Energy =    -0.0883755286
 Nuclear Repu.   Energy =     0.9465876611
 Nuclear Attr.   Energy =   -20.6542046671
 Kinetic         Energy =     7.9502159953
 <S^2> = 0.7502
 SCF time:  CPU 6.93 s  wall 9.65 s
 Final Alpha MO Eigenvalues
            1           2           3           4           5           6
    1  -1.9902492  -0.2081986   0.0088649   0.0535262   0.0730666   0.0807346
            7           8
    1   0.0914388   0.1186964
 Final Beta MO Eigenvalues
            1           2           3           4           5           6
    1  -1.9901151  -0.2092578   0.0667324   0.0806196   0.0878443   0.0887115
            7
    1   0.1002556
 Analysis of SCF Wavefunction
 
 --------------------------------------------------------------
                    Orbital Energies (a.u.)
 --------------------------------------------------------------
 
 Alpha MOs
 -- Occupied --
 -1.990  -0.208   0.009
 -- Virtual --
  0.054   0.073   0.081   0.091   0.119   0.127   0.148   0.212
  0.235   0.236   0.237   0.326   0.363   0.363   0.369   0.370
  0.482   0.585   0.626   0.628   0.678   0.678   0.695   0.696
  0.696   0.697   0.714   0.908   1.171   1.172   1.277   1.363
  1.364   1.433   1.433   1.641   2.951   3.737   4.298   4.299
  4.420   6.978   6.979   7.243  20.091  20.117  21.336  21.340
 21.340
 
 Beta MOs
 -- Occupied --
 -1.990  -0.209
 -- Virtual --
  0.067   0.081   0.088   0.089   0.100   0.127   0.128   0.146
  0.211   0.233   0.234   0.237   0.325   0.363   0.363   0.369
  0.370   0.480   0.585   0.626   0.627   0.677   0.678   0.695
  0.695   0.696   0.696   0.713   0.907   1.170   1.171   1.276
  1.363   1.363   1.432   1.433   1.641   2.949   3.737   4.297
  4.297   4.419   6.979   6.979   7.243  20.091  20.118  21.336
 21.340  21.340
 --------------------------------------------------------------
 
          Ground-State Mulliken Net Atomic Charges

     Atom                 Charge (a.u.)    Spin (a.u.)
  --------------------------------------------------------
      1 Li                   -0.658647       1.014781
      2 H                    -0.341353      -0.014781
  --------------------------------------------------------
  Sum of atomic charges =    -1.000000
  Sum of spin   charges =     1.000000

 -----------------------------------------------------------------
                    Cartesian Multipole Moments
 -----------------------------------------------------------------
    Charge (ESU x 10^10)
                -4.8032
    Dipole Moment (Debye)
         X      -0.2100      Y      -0.2099      Z      -5.9116
       Tot       5.9191
    Quadrupole Moments (Debye-Ang)
        XX     -99.5878     XY     -46.9976     YY     -99.5588
        XZ       0.7948     YZ       0.7945     ZZ     -59.4604
    Octapole Moments (Debye-Ang^2)
       XXX      -8.6744    XXY      -2.8908    XYY      -2.8917
       YYY      -8.6718    XXZ      -3.8387    XYZ       1.4190
       YYZ      -3.8395    XZZ      -2.9171    YZZ      -2.9162
       ZZZ     -23.5639
    Hexadecapole Moments (Debye-Ang^3)
      XXXX   -4146.1246   XXXY   -1376.9070   XXYY   -1381.7598
      XYYY   -1376.9070   YYYY   -4144.4406   XXXZ      26.7403
      XXYZ       8.9106   XYYZ       8.9134   YYYZ      26.7321
      XXZZ    -931.8383   XYZZ    -459.0083   YYZZ    -931.5576
      XZZZ      26.7584   YZZZ      26.7502   ZZZZ   -1453.8281
 -----------------------------------------------------------------
 Total job time:  9.73s(wall), 7.00s(cpu) 
 Tue Jun  4 15:44:15 2013

        *************************************************************
        *                                                           *
        *  Thank you very much for using Q-Chem.  Have a nice day.  *
        *                                                           *
        *************************************************************


0 sent ACK to 0 
now end server 0 ... 
 
**********************************************************************
Job 2 of 3 
**********************************************************************
 
Process 0 of 1 is on cl180.stfx.acenet.ca - thread support 1
initial socket setup ...start
initial socket setup ...done 
now start server 0 ... 

cmd = /usr/bin/ssh clhead /usr/local/qchem/bin/get_hostid 2095152447 > /scratch/tmp/6028588.1.medium.q/qchem21955/lic.dat
                  Welcome to Q-Chem
     A Quantum Leap Into The Future Of Chemistry

 Y. Shao, L. Fusti-Molnar, Y. Jung, J. Kussmann, C. Ochsenfeld,
 S. T. Brown, A. T. B. Gilbert, L. V. Slipchenko,S. V. Levchenko,
 D. P. O'Neill, R. A. DiStasio Jr., R. C. Lochan, T. Wang,
 G. J. O. Beran, N. A. Besley, J. M. Herbert, C. Y. Lin,
 T. Van Voorhis, S. H. Chien, A. Sodt, R. P. Steele, 
 V. A. Rassolov, P. E. Maslen, P. P. Korambath, R. D. Adamson,
 B. Austin, J. Baker, E. F. C. Byrd, H. Dachsel, R. J. Doerksen,
 A. Dreuw, B. D. Dunietz, A. D. Dutoi, T. R. Furlani,
 S. R. Gwaltney, A. Heyden, S. Hirata, C.-P. Hsu, G. Kedziora,
 R. Z. Khaliullin, P. Klunzinger, A. M. Lee, M. S. Lee, W. Liang,
 I. Lotan, N. Nair, B. Peters, E. I. Proynov, P. A. Pieniazek, 
 Y. M. Rhee, J. Ritchie, E. Rosta, C. D. Sherrill, 
 A. C. Simmonett, J. E. Subotnik, H. L. Woodcock III,
 W. Zhang, A. T. Bell, A. K. Chakraborty, D. M. Chipman,
 F. J. Keil, A. Warshel, W. J. Hehre, H. F. Schaefer III,
 J. Kong, A. I. Krylov, P. M. W. Gill, M. Head-Gordon,
 Q-Chem, Version 3.1, Q-Chem, Inc., Pittsburgh, PA (2007).

 Additional authors for Version 3.1: 
 Z. Gan, Y. Zhao, N. E. Schultz, D. Truhlar, E. Epifanovsky and M. Oana.

 Additional authors for Version 3.2: 
 R. Baer, B. R. Brooks, D. Casanova, J.-D. Chai, C.-L. Cheng, 
 C. Cramer, D. Crittenden, A. Ghysels, G. Hawkins, E. G. Hohenstein, 
 C. Kelley, W. Kurlancheek, D. Liotard, E. Livshits, P. Manohar, 
 A. Marenich, D. Neuhauser, R. Olson, M. A. Rohrdanz, K. S. Thanthiriwatte, 
 A. J. W. Thom, V. Vanovschi, C. F. Williams, Q. Wu and Z.-Q. You. 


 Intel X86 Linux Version

 Q-chem begins on Tue Jun  4 15:44:17 2013  

 Parallel job on  1  processors
Processing $rem in /usr/local/qchem/config/preferences.

theFileMan(): MAXOPENFILES=974 MAX_SUB_FILE_NUM=16
Maximum size of a physical file is 2.0 GB, maximum size of a tmp-file is 32.0 GB


--------------------------------------------------------------
User input:
--------------------------------------------------------------

$molecule
0,1
Li         0.00000        0.00000       -0.02802
H          0.00000        0.00000        1.64909
$end

$comment
neutral
$end

$xc_functional
C PBE   1.00
X wPBE  1.00
$end


$rem
SYMMETRY_DECOMPOSITION	0
LRC_DFT                 true
exchange 		general
BASIS                   g3large
omega			390
mem_static              760
max_scf_cycles          200
scf_final_print         1
sym_ignore              true
$end

--------------------------------------------------------------
 Writing REM_CC_EA            2
 ----------------------------------------------------
       Standard Nuclear Orientation (Angstroms)
    I     Atom         X            Y            Z
 ----------------------------------------------------
    1      Li      0.000000     0.000000    -0.028020
    2      H       0.000000     0.000000     1.649090
 ----------------------------------------------------
 Nuclear Repulsion Energy =     0.9465876612 hartrees
 There are        2 alpha and        2 beta electrons
 Requested basis set is G3large
 There are 16 shells and 52 basis functions

Total QAlloc Memory Limit   2000 MB
Mega-Array Size       743 MB
MEM_STATIC part       760 MB

                       Distance Matrix (Angstroms)
             Li(  1)
   H (  2)  1.677110
 
 A cutoff of  1.0D-08 yielded    136 shell pairs
 There are   1462 function pairs (  1834 Cartesian)
Evaluating contribution to one-electron hamiltonian from nuclear
 Smallest overlap matrix eigenvalue = 4.09E-03
 Multipole matrices computed through 2nd order

  Scale SEOQF with 1.000000e-02/1.000000e-02/1.000000e-02

 Standard Electronic Orientation quadrupole field applied
 Guess from superposition of atomic densities
 Warning:  Energy on first SCF cycle will be non-variational
 Long-range K will be added via erf
 Coulomb attenuation parameter = 0.39 bohr**(-1)
 A restricted Kohn-Sham SCF calculation will be
 performed using Pulay DIIS extrapolation
 Exchange:  wPBE + LR-HF      Correlation:  PBE
 Using SG-1 standard quadrature grid
 SCF converges when DIIS error is below 1.0E-05
 Requested basis set is G3large
 There are 16 shells and 52 basis functions
 A cutoff of  1.0D-08 yielded    136 shell pairs
 There are   1462 function pairs (  1834 Cartesian)
 Warning!  Inaccurate integrated density:
   Number of electrons =     4
   Numerical integral  =     4.012981843575
   Relative error      =     0.3245460894 %
 ---------------------------------------
  Cycle       Energy         DIIS Error
 ---------------------------------------
    1      -7.7631636344      4.89E-03
    2      -8.0281672263      6.02E-03
    3      -8.0468202122      3.46E-03
    4      -8.0585196917      3.73E-04
    5      -8.0589134665      1.45E-04
    6      -8.0589847594      2.36E-05
    7      -8.0589864253      4.19E-06 Convergence criterion met
 ---------------------------------------
 One-Electron    Energy =   -12.3628290833
 Total Coulomb   Energy =     5.5617168649
 Alpha Exchange  Energy =    -0.3665983591
 Beta  Exchange  Energy =    -0.3665983591
 DFT   Exchange  Energy =    -1.3871291578
 DFT Correlation Energy =    -0.0841359921
 Nuclear Repu.   Energy =     0.9465876611
 Nuclear Attr.   Energy =   -20.2988420589
 Kinetic         Energy =     7.9360129756
 SCF time:  CPU 3.38 s  wall 5.85 s
 Final Alpha MO Eigenvalues
            1           2           3           4           5           6
    1  -2.0804841  -0.2962623  -0.0096822   0.0146729   0.0146736   0.0214019
            7
    1   0.0273959
 Analysis of SCF Wavefunction
 
 --------------------------------------------------------------
                    Orbital Energies (a.u.)
 --------------------------------------------------------------
 
 Alpha MOs
 -- Occupied --
 -2.080  -0.296
 -- Virtual --
 -0.010   0.015   0.015   0.021   0.027   0.052   0.052   0.076
  0.133   0.155   0.155   0.159   0.241   0.278   0.278   0.283
  0.283   0.396   0.499   0.539   0.539   0.591   0.591   0.607
  0.607   0.609   0.609   0.628   0.820   1.084   1.084   1.189
  1.273   1.273   1.344   1.344   1.552   2.864   3.647   4.211
  4.211   4.333   6.888   6.888   7.153  20.001  20.027  21.246
 21.249  21.249
 --------------------------------------------------------------
 
          Ground-State Mulliken Net Atomic Charges

     Atom                 Charge (a.u.)
  ----------------------------------------
      1 Li                    0.334135
      2 H                    -0.334135
  ----------------------------------------
  Sum of atomic charges =     0.000000

 -----------------------------------------------------------------
                    Cartesian Multipole Moments
 -----------------------------------------------------------------
    Charge (ESU x 10^10)
                 0.0000
    Dipole Moment (Debye)
         X       0.0000      Y       0.0000      Z      -6.0575
       Tot       6.0575
    Quadrupole Moments (Debye-Ang)
        XX      -5.4181     XY       0.0001     YY      -5.4181
        XZ       0.0000     YZ       0.0000     ZZ     -12.1083
    Octapole Moments (Debye-Ang^2)
       XXX       0.0001    XXY       0.0000    XYY       0.0000
       YYY       0.0000    XXZ      -6.5209    XYZ       0.0000
       YYZ      -6.5209    XZZ       0.0000    YZZ       0.0000
       ZZZ     -27.0219
    Hexadecapole Moments (Debye-Ang^3)
      XXXX     -12.4772   XXXY       0.0001   XXYY      -4.1591
      XYYY       0.0001   YYYY     -12.4772   XXXZ       0.0000
      XXYZ       0.0000   XYYZ       0.0000   YYYZ       0.0000
      XXZZ     -12.5631   XYZZ       0.0001   YYZZ     -12.5632
      XZZZ       0.0000   YZZZ       0.0000   ZZZZ     -71.4156
 -----------------------------------------------------------------
 Total job time:  5.91s(wall), 3.44s(cpu) 
 Tue Jun  4 15:44:23 2013

        *************************************************************
        *                                                           *
        *  Thank you very much for using Q-Chem.  Have a nice day.  *
        *                                                           *
        *************************************************************


0 sent ACK to 0 
now end server 0 ... 
 
**********************************************************************
Job 3 of 3 
**********************************************************************
 
Process 0 of 1 is on cl180.stfx.acenet.ca - thread support 1
initial socket setup ...start
initial socket setup ...done 
now start server 0 ... 

cmd = /usr/bin/ssh clhead /usr/local/qchem/bin/get_hostid 727016588 > /scratch/tmp/6028588.1.medium.q/qchem21955/lic.dat
                  Welcome to Q-Chem
     A Quantum Leap Into The Future Of Chemistry

 Y. Shao, L. Fusti-Molnar, Y. Jung, J. Kussmann, C. Ochsenfeld,
 S. T. Brown, A. T. B. Gilbert, L. V. Slipchenko,S. V. Levchenko,
 D. P. O'Neill, R. A. DiStasio Jr., R. C. Lochan, T. Wang,
 G. J. O. Beran, N. A. Besley, J. M. Herbert, C. Y. Lin,
 T. Van Voorhis, S. H. Chien, A. Sodt, R. P. Steele, 
 V. A. Rassolov, P. E. Maslen, P. P. Korambath, R. D. Adamson,
 B. Austin, J. Baker, E. F. C. Byrd, H. Dachsel, R. J. Doerksen,
 A. Dreuw, B. D. Dunietz, A. D. Dutoi, T. R. Furlani,
 S. R. Gwaltney, A. Heyden, S. Hirata, C.-P. Hsu, G. Kedziora,
 R. Z. Khaliullin, P. Klunzinger, A. M. Lee, M. S. Lee, W. Liang,
 I. Lotan, N. Nair, B. Peters, E. I. Proynov, P. A. Pieniazek, 
 Y. M. Rhee, J. Ritchie, E. Rosta, C. D. Sherrill, 
 A. C. Simmonett, J. E. Subotnik, H. L. Woodcock III,
 W. Zhang, A. T. Bell, A. K. Chakraborty, D. M. Chipman,
 F. J. Keil, A. Warshel, W. J. Hehre, H. F. Schaefer III,
 J. Kong, A. I. Krylov, P. M. W. Gill, M. Head-Gordon,
 Q-Chem, Version 3.1, Q-Chem, Inc., Pittsburgh, PA (2007).

 Additional authors for Version 3.1: 
 Z. Gan, Y. Zhao, N. E. Schultz, D. Truhlar, E. Epifanovsky and M. Oana.

 Additional authors for Version 3.2: 
 R. Baer, B. R. Brooks, D. Casanova, J.-D. Chai, C.-L. Cheng, 
 C. Cramer, D. Crittenden, A. Ghysels, G. Hawkins, E. G. Hohenstein, 
 C. Kelley, W. Kurlancheek, D. Liotard, E. Livshits, P. Manohar, 
 A. Marenich, D. Neuhauser, R. Olson, M. A. Rohrdanz, K. S. Thanthiriwatte, 
 A. J. W. Thom, V. Vanovschi, C. F. Williams, Q. Wu and Z.-Q. You. 


 Intel X86 Linux Version

 Q-chem begins on Tue Jun  4 15:44:26 2013  

 Parallel job on  1  processors
Processing $rem in /usr/local/qchem/config/preferences.

theFileMan(): MAXOPENFILES=974 MAX_SUB_FILE_NUM=16
Maximum size of a physical file is 2.0 GB, maximum size of a tmp-file is 32.0 GB


--------------------------------------------------------------
User input:
--------------------------------------------------------------

$molecule
1,2
Li         0.00000        0.00000       -0.02802
H          0.00000        0.00000        1.64909
$end

$comment
positive
$end

$xc_functional
C PBE   1.00
X wPBE  1.00
$end

$rem
SYMMETRY_DECOMPOSITION	0
LRC_DFT                 true
exchange 		general
BASIS                   g3large
omega			390
mem_static              760
max_scf_cycles          200
scf_final_print         1
sym_ignore              true
$end

--------------------------------------------------------------
 Writing REM_CC_EA            2
 ----------------------------------------------------
       Standard Nuclear Orientation (Angstroms)
    I     Atom         X            Y            Z
 ----------------------------------------------------
    1      Li      0.000000     0.000000    -0.028020
    2      H       0.000000     0.000000     1.649090
 ----------------------------------------------------
 Nuclear Repulsion Energy =     0.9465876612 hartrees
 There are        2 alpha and        1 beta electrons
 Requested basis set is G3large
 There are 16 shells and 52 basis functions

Total QAlloc Memory Limit   2000 MB
Mega-Array Size       743 MB
MEM_STATIC part       760 MB

                       Distance Matrix (Angstroms)
             Li(  1)
   H (  2)  1.677110
 
 A cutoff of  1.0D-08 yielded    136 shell pairs
 There are   1462 function pairs (  1834 Cartesian)
Evaluating contribution to one-electron hamiltonian from nuclear
 Smallest overlap matrix eigenvalue = 4.09E-03
 Multipole matrices computed through 2nd order

  Scale SEOQF with 1.000000e-02/1.000000e-02/1.000000e-02

 Standard Electronic Orientation quadrupole field applied
 Guess from superposition of atomic densities
 Warning:  Energy on first SCF cycle will be non-variational
 Long-range K will be added via erf
 Coulomb attenuation parameter = 0.39 bohr**(-1)
 An unrestricted Kohn-Sham SCF calculation will be
 performed using Pulay DIIS extrapolation
 Exchange:  wPBE + LR-HF      Correlation:  PBE
 Using SG-1 standard quadrature grid
 SCF converges when DIIS error is below 1.0E-05
 Requested basis set is G3large
 There are 16 shells and 52 basis functions
 A cutoff of  1.0D-08 yielded    136 shell pairs
 There are   1462 function pairs (  1834 Cartesian)
 Warning!  Inaccurate integrated density:
   Number of electrons =     3
   Numerical integral  =     4.012981843575
   Relative error      =    33.7660614525 %
 ---------------------------------------
  Cycle       Energy         DIIS Error
 ---------------------------------------
    1      -7.7631636344      4.89E-03
    2      -7.7566510704      2.17E-03
    3      -7.7652305157      7.03E-04
    4      -7.7662750080      5.08E-05
    5      -7.7662796946      1.06E-05
    6      -7.7662799530      1.88E-06 Convergence criterion met
 ---------------------------------------
 One-Electron    Energy =   -10.9938842223
 Total Coulomb   Energy =     4.2846027293
 Alpha Exchange  Energy =    -0.3884793429
 Beta  Exchange  Energy =    -0.2106756871
 DFT   Exchange  Energy =    -1.3528113826
 DFT Correlation Energy =    -0.0516197084
 Nuclear Repu.   Energy =     0.9465876611
 Nuclear Attr.   Energy =   -18.7530581069
 Kinetic         Energy =     7.7591738846
 <S^2> = 0.7500
 SCF time:  CPU 3.45 s  wall 8.11 s
 Final Alpha MO Eigenvalues
            1           2           3           4           5           6
    1  -2.4063944  -0.7536290  -0.1766986  -0.1380765  -0.1380760  -0.0860513
            7
    1  -0.0699856
 Final Beta MO Eigenvalues
            1           2           3           4           5           6
    1  -2.4036468  -0.2089715  -0.1446220  -0.1286296  -0.1286269  -0.0766854
 Analysis of SCF Wavefunction
 
 --------------------------------------------------------------
                    Orbital Energies (a.u.)
 --------------------------------------------------------------
 
 Alpha MOs
 -- Occupied --
 -2.406  -0.754
 -- Virtual --
 -0.177  -0.138  -0.138  -0.086  -0.070  -0.059  -0.059  -0.053
 -0.028  -0.007  -0.006  -0.006   0.033   0.055   0.055   0.081
  0.081   0.193   0.230   0.293   0.293   0.337   0.349   0.349
  0.385   0.385   0.395   0.395   0.570   0.749   0.749   0.851
  1.005   1.006   1.042   1.042   1.239   2.377   3.306   3.701
  3.701   3.845   6.566   6.566   6.827  19.676  19.699  20.919
 20.921  20.921
 
 Beta MOs
 -- Occupied --
 -2.404
 -- Virtual --
 -0.209  -0.145  -0.129  -0.129  -0.077  -0.061  -0.057  -0.057
 -0.037  -0.014  -0.005  -0.003  -0.003   0.080   0.080   0.084
  0.084   0.108   0.205   0.280   0.295   0.295   0.392   0.392
  0.395   0.395   0.398   0.398   0.477   0.662   0.894   0.894
  1.007   1.008   1.051   1.136   1.136   1.318   2.895   3.370
  4.256   4.257   4.442   6.568   6.568   6.833  19.679  19.703
 20.920  20.922  20.922
 --------------------------------------------------------------
 
          Ground-State Mulliken Net Atomic Charges

     Atom                 Charge (a.u.)    Spin (a.u.)
  --------------------------------------------------------
      1 Li                    0.816762       0.180051
      2 H                     0.183238       0.819949
  --------------------------------------------------------
  Sum of atomic charges =     1.000000
  Sum of spin   charges =     1.000000

 -----------------------------------------------------------------
                    Cartesian Multipole Moments
 -----------------------------------------------------------------
    Charge (ESU x 10^10)
                 4.8032
    Dipole Moment (Debye)
         X       0.0000      Y       0.0000      Z       0.4642
       Tot       0.4642
    Quadrupole Moments (Debye-Ang)
        XX      -1.6608     XY       0.0000     YY      -1.6608
        XZ       0.0000     YZ       0.0000     ZZ       0.2197
    Octapole Moments (Debye-Ang^2)
       XXX       0.0000    XXY       0.0000    XYY       0.0000
       YYY       0.0000    XXZ      -1.8402    XYZ       0.0000
       YYZ      -1.8402    XZZ       0.0000    YZZ       0.0000
       ZZZ      -1.1240
    Hexadecapole Moments (Debye-Ang^3)
      XXXX      -1.7095   XXXY       0.0000   XXYY      -0.5698
      XYYY       0.0000   YYYY      -1.7095   XXXZ       0.0000
      XXYZ       0.0000   XYYZ       0.0000   YYYZ       0.0000
      XXZZ      -3.2862   XYZZ       0.0000   YYZZ      -3.2862
      XZZZ       0.0000   YZZZ       0.0000   ZZZZ      -8.9731
 -----------------------------------------------------------------
 Total job time:  8.18s(wall), 3.51s(cpu) 
 Tue Jun  4 15:44:34 2013

        *************************************************************
        *                                                           *
        *  Thank you very much for using Q-Chem.  Have a nice day.  *
        *                                                           *
        *************************************************************


0 sent ACK to 0 
now end server 0 ... 
