Process 0 of 1 is on cl249.stfx.acenet.ca - thread support 1
initial socket setup ...start
initial socket setup ...done 
now start server 0 ... 

cmd = /usr/bin/ssh clhead /usr/local/qchem/bin/get_hostid 1945873360 > /scratch/tmp/6028458.1.long.q/qchem2190/lic.dat
                  Welcome to Q-Chem
     A Quantum Leap Into The Future Of Chemistry

 Y. Shao, L. Fusti-Molnar, Y. Jung, J. Kussmann, C. Ochsenfeld,
 S. T. Brown, A. T. B. Gilbert, L. V. Slipchenko,S. V. Levchenko,
 D. P. O'Neill, R. A. DiStasio Jr., R. C. Lochan, T. Wang,
 G. J. O. Beran, N. A. Besley, J. M. Herbert, C. Y. Lin,
 T. Van Voorhis, S. H. Chien, A. Sodt, R. P. Steele, 
 V. A. Rassolov, P. E. Maslen, P. P. Korambath, R. D. Adamson,
 B. Austin, J. Baker, E. F. C. Byrd, H. Dachsel, R. J. Doerksen,
 A. Dreuw, B. D. Dunietz, A. D. Dutoi, T. R. Furlani,
 S. R. Gwaltney, A. Heyden, S. Hirata, C.-P. Hsu, G. Kedziora,
 R. Z. Khaliullin, P. Klunzinger, A. M. Lee, M. S. Lee, W. Liang,
 I. Lotan, N. Nair, B. Peters, E. I. Proynov, P. A. Pieniazek, 
 Y. M. Rhee, J. Ritchie, E. Rosta, C. D. Sherrill, 
 A. C. Simmonett, J. E. Subotnik, H. L. Woodcock III,
 W. Zhang, A. T. Bell, A. K. Chakraborty, D. M. Chipman,
 F. J. Keil, A. Warshel, W. J. Hehre, H. F. Schaefer III,
 J. Kong, A. I. Krylov, P. M. W. Gill, M. Head-Gordon,
 Q-Chem, Version 3.1, Q-Chem, Inc., Pittsburgh, PA (2007).

 Additional authors for Version 3.1: 
 Z. Gan, Y. Zhao, N. E. Schultz, D. Truhlar, E. Epifanovsky and M. Oana.

 Additional authors for Version 3.2: 
 R. Baer, B. R. Brooks, D. Casanova, J.-D. Chai, C.-L. Cheng, 
 C. Cramer, D. Crittenden, A. Ghysels, G. Hawkins, E. G. Hohenstein, 
 C. Kelley, W. Kurlancheek, D. Liotard, E. Livshits, P. Manohar, 
 A. Marenich, D. Neuhauser, R. Olson, M. A. Rohrdanz, K. S. Thanthiriwatte, 
 A. J. W. Thom, V. Vanovschi, C. F. Williams, Q. Wu and Z.-Q. You. 


 Intel X86 Linux Version

 Q-chem begins on Tue Jun  4 15:32:49 2013  

 Parallel job on  1  processors
Processing $rem in /usr/local/qchem/config/preferences.

theFileMan(): MAXOPENFILES=974 MAX_SUB_FILE_NUM=16
Maximum size of a physical file is 2.0 GB, maximum size of a tmp-file is 32.0 GB


--------------------------------------------------------------
User input:
--------------------------------------------------------------

$molecule
-1,2
Li         0.00000        0.00000       -0.02802
H          0.00000        0.00000        1.64909
$end

$comment
negative
$end

$xc_functional
C PBE   1.00
X wPBE  1.00
$end

$rem
SYMMETRY_DECOMPOSITION	0
exchange 		general
LRC_DFT                 true
BASIS                   g3large
omega			800
mem_static              760
max_scf_cycles          200
scf_final_print         1
sym_ignore              true
$end

--------------------------------------------------------------
 Writing REM_CC_EA            2
 ----------------------------------------------------
       Standard Nuclear Orientation (Angstroms)
    I     Atom         X            Y            Z
 ----------------------------------------------------
    1      Li      0.000000     0.000000    -0.028020
    2      H       0.000000     0.000000     1.649090
 ----------------------------------------------------
 Nuclear Repulsion Energy =     0.9465876612 hartrees
 There are        3 alpha and        2 beta electrons
 Requested basis set is G3large
 There are 16 shells and 52 basis functions

Total QAlloc Memory Limit   2000 MB
Mega-Array Size       743 MB
MEM_STATIC part       760 MB

                       Distance Matrix (Angstroms)
             Li(  1)
   H (  2)  1.677110
 
 A cutoff of  1.0D-08 yielded    136 shell pairs
 There are   1462 function pairs (  1834 Cartesian)
Evaluating contribution to one-electron hamiltonian from nuclear
 Smallest overlap matrix eigenvalue = 4.09E-03
 Multipole matrices computed through 2nd order

  Scale SEOQF with 1.000000e-02/1.000000e-02/1.000000e-02

 Standard Electronic Orientation quadrupole field applied
 Guess from superposition of atomic densities
 Warning:  Energy on first SCF cycle will be non-variational
 Long-range K will be added via erf
 Coulomb attenuation parameter = 0.8 bohr**(-1)
 An unrestricted Kohn-Sham SCF calculation will be
 performed using Pulay DIIS extrapolation
 Exchange:  wPBE + LR-HF      Correlation:  PBE
 Using SG-1 standard quadrature grid
 SCF converges when DIIS error is below 1.0E-05
 Requested basis set is G3large
 There are 16 shells and 52 basis functions
 A cutoff of  1.0D-08 yielded    136 shell pairs
 There are   1462 function pairs (  1834 Cartesian)
 Warning!  Inaccurate integrated density:
   Number of electrons =     5
   Numerical integral  =     4.012981843575
   Relative error      =   -19.7403631285 %
 ---------------------------------------
  Cycle       Energy         DIIS Error
 ---------------------------------------
    1      -7.7607340088      5.29E-03
    2      -8.0052858490      5.39E-03
    3      -8.0351398912      2.70E-03
    4      -8.0543655024      5.42E-04
 Warning!  Inaccurate integrated density:
   Number of electrons =     5
   Numerical integral  =     4.991909127690
   Relative error      =    -0.1618174462 %
    5      -8.0597334626      3.95E-04
 Warning!  Inaccurate integrated density:
   Number of electrons =     5
   Numerical integral  =     4.989009930870
   Relative error      =    -0.2198013826 %
    6      -8.0650807748      3.11E-04
 Warning!  Inaccurate integrated density:
   Number of electrons =     5
   Numerical integral  =     4.990013138843
   Relative error      =    -0.1997372231 %
    7      -8.0685919247      3.56E-04
 Warning!  Inaccurate integrated density:
   Number of electrons =     5
   Numerical integral  =     4.987101291263
   Relative error      =    -0.2579741747 %
    8      -8.0630159204      2.15E-04
 Warning!  Inaccurate integrated density:
   Number of electrons =     5
   Numerical integral  =     4.985755120612
   Relative error      =    -0.2848975878 %
    9      -8.0622336358      1.32E-04
 Warning!  Inaccurate integrated density:
   Number of electrons =     5
   Numerical integral  =     4.983743127083
   Relative error      =    -0.3251374583 %
   10      -8.0622952291      2.98E-05
 Warning!  Inaccurate integrated density:
   Number of electrons =     5
   Numerical integral  =     4.983446185785
   Relative error      =    -0.3310762843 %
   11      -8.0623129550      1.06E-05
 Warning!  Inaccurate integrated density:
   Number of electrons =     5
   Numerical integral  =     4.983391517351
   Relative error      =    -0.3321696530 %
   12      -8.0623189732      6.92E-06 Convergence criterion met
 ---------------------------------------
 One-Electron    Energy =   -12.7102066960
 Total Coulomb   Energy =     5.9693182622
 Alpha Exchange  Energy =    -0.6319932720
 Beta  Exchange  Energy =    -0.5950179384
 DFT   Exchange  Energy =    -0.9518783267
 DFT Correlation Energy =    -0.0891286635
 Nuclear Repu.   Energy =     0.9465876611
 Nuclear Attr.   Energy =   -20.6606872164
 Kinetic         Energy =     7.9504805204
 <S^2> = 0.7502
 SCF time:  CPU 6.41 s  wall 7.37 s
 Final Alpha MO Eigenvalues
            1           2           3           4           5           6
    1  -2.1595084  -0.2298669   0.0088841   0.0533982   0.0729569   0.0808194
            7           8
    1   0.0922211   0.1197467
 Final Beta MO Eigenvalues
            1           2           3           4           5           6
    1  -2.1593799  -0.2319633   0.0689503   0.0820453   0.0904647   0.0912289
            7
    1   0.1042732
 Analysis of SCF Wavefunction
 
 --------------------------------------------------------------
                    Orbital Energies (a.u.)
 --------------------------------------------------------------
 
 Alpha MOs
 -- Occupied --
 -2.160  -0.230   0.009
 -- Virtual --
  0.053   0.073   0.081   0.092   0.120   0.128   0.148   0.216
  0.239   0.240   0.240   0.330   0.367   0.367   0.371   0.373
  0.486   0.609   0.656   0.658   0.686   0.687   0.700   0.700
  0.703   0.704   0.734   0.930   1.209   1.210   1.323   1.389
  1.390   1.471   1.471   1.689   3.077   3.875   4.423   4.423
  4.547   7.144   7.144   7.408  20.416  20.443  21.441  21.444
 21.444
 
 Beta MOs
 -- Occupied --
 -2.159  -0.232
 -- Virtual --
  0.069   0.082   0.090   0.091   0.104   0.128   0.130   0.146
  0.216   0.237   0.239   0.241   0.329   0.366   0.367   0.370
  0.371   0.484   0.609   0.656   0.656   0.685   0.686   0.698
  0.698   0.702   0.703   0.733   0.929   1.208   1.209   1.322
  1.389   1.389   1.470   1.471   1.688   3.075   3.875   4.421
  4.422   4.546   7.144   7.144   7.408  20.416  20.443  21.441
 21.444  21.445
 --------------------------------------------------------------
 
          Ground-State Mulliken Net Atomic Charges

     Atom                 Charge (a.u.)    Spin (a.u.)
  --------------------------------------------------------
      1 Li                   -0.625263       1.014549
      2 H                    -0.374737      -0.014549
  --------------------------------------------------------
  Sum of atomic charges =    -1.000000
  Sum of spin   charges =     1.000000

 -----------------------------------------------------------------
                    Cartesian Multipole Moments
 -----------------------------------------------------------------
    Charge (ESU x 10^10)
                -4.8032
    Dipole Moment (Debye)
         X      -0.1692      Y      -0.1691      Z      -6.0787
       Tot       6.0834
    Quadrupole Moments (Debye-Ang)
        XX    -100.1025     XY     -47.3946     YY    -100.0504
        XZ       0.6973     YZ       0.6970     ZZ     -60.0124
    Octapole Moments (Debye-Ang^2)
       XXX      -7.2942    XXY      -2.4306    XYY      -2.4319
       YYY      -7.2903    XXZ      -3.6542    XYZ       1.4287
       YYZ      -3.6558    XZZ      -2.4453    YZZ      -2.4440
       ZZZ     -23.7987
    Hexadecapole Moments (Debye-Ang^3)
      XXXX   -4190.2413   XXXY   -1392.0772   XXYY   -1396.2397
      XYYY   -1392.0772   YYYY   -4187.2061   XXXZ      23.8314
      XXYZ       7.9395   XYYZ       7.9438   YYYZ      23.8185
      XXZZ    -941.3143   XYZZ    -464.0654   YYZZ    -940.8084
      XZZZ      23.8574   YZZZ      23.8444   ZZZZ   -1467.7310
 -----------------------------------------------------------------
 Total job time:  7.45s(wall), 6.47s(cpu) 
 Tue Jun  4 15:32:57 2013

        *************************************************************
        *                                                           *
        *  Thank you very much for using Q-Chem.  Have a nice day.  *
        *                                                           *
        *************************************************************


0 sent ACK to 0 
now end server 0 ... 
 
**********************************************************************
Job 2 of 3 
**********************************************************************
 
Process 0 of 1 is on cl249.stfx.acenet.ca - thread support 1
initial socket setup ...start
initial socket setup ...done 
now start server 0 ... 

cmd = /usr/bin/ssh clhead /usr/local/qchem/bin/get_hostid 2125112880 > /scratch/tmp/6028458.1.long.q/qchem2190/lic.dat
                  Welcome to Q-Chem
     A Quantum Leap Into The Future Of Chemistry

 Y. Shao, L. Fusti-Molnar, Y. Jung, J. Kussmann, C. Ochsenfeld,
 S. T. Brown, A. T. B. Gilbert, L. V. Slipchenko,S. V. Levchenko,
 D. P. O'Neill, R. A. DiStasio Jr., R. C. Lochan, T. Wang,
 G. J. O. Beran, N. A. Besley, J. M. Herbert, C. Y. Lin,
 T. Van Voorhis, S. H. Chien, A. Sodt, R. P. Steele, 
 V. A. Rassolov, P. E. Maslen, P. P. Korambath, R. D. Adamson,
 B. Austin, J. Baker, E. F. C. Byrd, H. Dachsel, R. J. Doerksen,
 A. Dreuw, B. D. Dunietz, A. D. Dutoi, T. R. Furlani,
 S. R. Gwaltney, A. Heyden, S. Hirata, C.-P. Hsu, G. Kedziora,
 R. Z. Khaliullin, P. Klunzinger, A. M. Lee, M. S. Lee, W. Liang,
 I. Lotan, N. Nair, B. Peters, E. I. Proynov, P. A. Pieniazek, 
 Y. M. Rhee, J. Ritchie, E. Rosta, C. D. Sherrill, 
 A. C. Simmonett, J. E. Subotnik, H. L. Woodcock III,
 W. Zhang, A. T. Bell, A. K. Chakraborty, D. M. Chipman,
 F. J. Keil, A. Warshel, W. J. Hehre, H. F. Schaefer III,
 J. Kong, A. I. Krylov, P. M. W. Gill, M. Head-Gordon,
 Q-Chem, Version 3.1, Q-Chem, Inc., Pittsburgh, PA (2007).

 Additional authors for Version 3.1: 
 Z. Gan, Y. Zhao, N. E. Schultz, D. Truhlar, E. Epifanovsky and M. Oana.

 Additional authors for Version 3.2: 
 R. Baer, B. R. Brooks, D. Casanova, J.-D. Chai, C.-L. Cheng, 
 C. Cramer, D. Crittenden, A. Ghysels, G. Hawkins, E. G. Hohenstein, 
 C. Kelley, W. Kurlancheek, D. Liotard, E. Livshits, P. Manohar, 
 A. Marenich, D. Neuhauser, R. Olson, M. A. Rohrdanz, K. S. Thanthiriwatte, 
 A. J. W. Thom, V. Vanovschi, C. F. Williams, Q. Wu and Z.-Q. You. 


 Intel X86 Linux Version

 Q-chem begins on Tue Jun  4 15:32:59 2013  

 Parallel job on  1  processors
Processing $rem in /usr/local/qchem/config/preferences.

theFileMan(): MAXOPENFILES=974 MAX_SUB_FILE_NUM=16
Maximum size of a physical file is 2.0 GB, maximum size of a tmp-file is 32.0 GB


--------------------------------------------------------------
User input:
--------------------------------------------------------------

$molecule
0,1
Li         0.00000        0.00000       -0.02802
H          0.00000        0.00000        1.64909
$end

$comment
neutral
$end

$xc_functional
C PBE   1.00
X wPBE  1.00
$end


$rem
SYMMETRY_DECOMPOSITION	0
LRC_DFT                 true
exchange 		general
BASIS                   g3large
omega			800
mem_static              760
max_scf_cycles          200
scf_final_print         1
sym_ignore              true
$end

--------------------------------------------------------------
 Writing REM_CC_EA            2
 ----------------------------------------------------
       Standard Nuclear Orientation (Angstroms)
    I     Atom         X            Y            Z
 ----------------------------------------------------
    1      Li      0.000000     0.000000    -0.028020
    2      H       0.000000     0.000000     1.649090
 ----------------------------------------------------
 Nuclear Repulsion Energy =     0.9465876612 hartrees
 There are        2 alpha and        2 beta electrons
 Requested basis set is G3large
 There are 16 shells and 52 basis functions

Total QAlloc Memory Limit   2000 MB
Mega-Array Size       743 MB
MEM_STATIC part       760 MB

                       Distance Matrix (Angstroms)
             Li(  1)
   H (  2)  1.677110
 
 A cutoff of  1.0D-08 yielded    136 shell pairs
 There are   1462 function pairs (  1834 Cartesian)
Evaluating contribution to one-electron hamiltonian from nuclear
 Smallest overlap matrix eigenvalue = 4.09E-03
 Multipole matrices computed through 2nd order

  Scale SEOQF with 1.000000e-02/1.000000e-02/1.000000e-02

 Standard Electronic Orientation quadrupole field applied
 Guess from superposition of atomic densities
 Warning:  Energy on first SCF cycle will be non-variational
 Long-range K will be added via erf
 Coulomb attenuation parameter = 0.8 bohr**(-1)
 A restricted Kohn-Sham SCF calculation will be
 performed using Pulay DIIS extrapolation
 Exchange:  wPBE + LR-HF      Correlation:  PBE
 Using SG-1 standard quadrature grid
 SCF converges when DIIS error is below 1.0E-05
 Requested basis set is G3large
 There are 16 shells and 52 basis functions
 A cutoff of  1.0D-08 yielded    136 shell pairs
 There are   1462 function pairs (  1834 Cartesian)
 Warning!  Inaccurate integrated density:
   Number of electrons =     4
   Numerical integral  =     4.012981843575
   Relative error      =     0.3245460894 %
 ---------------------------------------
  Cycle       Energy         DIIS Error
 ---------------------------------------
    1      -7.7607340088      5.29E-03
    2      -8.0520916541      4.89E-03
    3      -8.0670101897      2.33E-03
    4      -8.0727814063      2.85E-04
    5      -8.0730013564      9.35E-05
    6      -8.0730302327      1.08E-05
    7      -8.0730304259      1.72E-06 Convergence criterion met
 ---------------------------------------
 One-Electron    Energy =   -12.3716814972
 Total Coulomb   Energy =     5.5782607172
 Alpha Exchange  Energy =    -0.5945762715
 Beta  Exchange  Energy =    -0.5945762715
 DFT   Exchange  Energy =    -0.9520787416
 DFT Correlation Energy =    -0.0849660226
 Nuclear Repu.   Energy =     0.9465876611
 Nuclear Attr.   Energy =   -20.3076507856
 Kinetic         Energy =     7.9359692884
 SCF time:  CPU 3.51 s  wall 4.06 s
 Final Alpha MO Eigenvalues
            1           2           3           4           5           6
    1  -2.2489286  -0.3180159  -0.0092056   0.0147775   0.0147776   0.0220225
            7
    1   0.0278531
 Analysis of SCF Wavefunction
 
 --------------------------------------------------------------
                    Orbital Energies (a.u.)
 --------------------------------------------------------------
 
 Alpha MOs
 -- Occupied --
 -2.249  -0.318
 -- Virtual --
 -0.009   0.015   0.015   0.022   0.028   0.053   0.053   0.076
  0.138   0.159   0.159   0.162   0.246   0.282   0.282   0.286
  0.286   0.401   0.523   0.569   0.569   0.599   0.599   0.611
  0.611   0.617   0.617   0.649   0.843   1.122   1.122   1.236
  1.300   1.300   1.383   1.383   1.601   2.990   3.786   4.336
  4.336   4.460   7.055   7.055   7.318  20.327  20.353  21.351
 21.355  21.355
 --------------------------------------------------------------
 
          Ground-State Mulliken Net Atomic Charges

     Atom                 Charge (a.u.)
  ----------------------------------------
      1 Li                    0.366118
      2 H                    -0.366118
  ----------------------------------------
  Sum of atomic charges =     0.000000

 -----------------------------------------------------------------
                    Cartesian Multipole Moments
 -----------------------------------------------------------------
    Charge (ESU x 10^10)
                 0.0000
    Dipole Moment (Debye)
         X       0.0000      Y       0.0000      Z      -6.2275
       Tot       6.2275
    Quadrupole Moments (Debye-Ang)
        XX      -5.1660     XY       0.0000     YY      -5.1660
        XZ       0.0000     YZ       0.0000     ZZ     -12.3139
    Octapole Moments (Debye-Ang^2)
       XXX       0.0001    XXY       0.0000    XYY       0.0000
       YYY       0.0000    XXZ      -6.3847    XYZ       0.0000
       YYZ      -6.3847    XZZ       0.0000    YZZ       0.0000
       ZZZ     -27.3844
    Hexadecapole Moments (Debye-Ang^3)
      XXXX     -11.0127   XXXY       0.0000   XXYY      -3.6709
      XYYY       0.0000   YYYY     -11.0127   XXXZ       0.0001
      XXYZ       0.0000   XYYZ       0.0000   YYYZ       0.0000
      XXZZ     -12.0910   XYZZ       0.0000   YYZZ     -12.0910
      XZZZ       0.0001   YZZZ       0.0000   ZZZZ     -71.2310
 -----------------------------------------------------------------
 Total job time:  4.13s(wall), 3.57s(cpu) 
 Tue Jun  4 15:33:04 2013

        *************************************************************
        *                                                           *
        *  Thank you very much for using Q-Chem.  Have a nice day.  *
        *                                                           *
        *************************************************************


0 sent ACK to 0 
now end server 0 ... 
 
**********************************************************************
Job 3 of 3 
**********************************************************************
 
Process 0 of 1 is on cl249.stfx.acenet.ca - thread support 1
initial socket setup ...start
initial socket setup ...done 
now start server 0 ... 

cmd = /usr/bin/ssh clhead /usr/local/qchem/bin/get_hostid 1075053593 > /scratch/tmp/6028458.1.long.q/qchem2190/lic.dat
                  Welcome to Q-Chem
     A Quantum Leap Into The Future Of Chemistry

 Y. Shao, L. Fusti-Molnar, Y. Jung, J. Kussmann, C. Ochsenfeld,
 S. T. Brown, A. T. B. Gilbert, L. V. Slipchenko,S. V. Levchenko,
 D. P. O'Neill, R. A. DiStasio Jr., R. C. Lochan, T. Wang,
 G. J. O. Beran, N. A. Besley, J. M. Herbert, C. Y. Lin,
 T. Van Voorhis, S. H. Chien, A. Sodt, R. P. Steele, 
 V. A. Rassolov, P. E. Maslen, P. P. Korambath, R. D. Adamson,
 B. Austin, J. Baker, E. F. C. Byrd, H. Dachsel, R. J. Doerksen,
 A. Dreuw, B. D. Dunietz, A. D. Dutoi, T. R. Furlani,
 S. R. Gwaltney, A. Heyden, S. Hirata, C.-P. Hsu, G. Kedziora,
 R. Z. Khaliullin, P. Klunzinger, A. M. Lee, M. S. Lee, W. Liang,
 I. Lotan, N. Nair, B. Peters, E. I. Proynov, P. A. Pieniazek, 
 Y. M. Rhee, J. Ritchie, E. Rosta, C. D. Sherrill, 
 A. C. Simmonett, J. E. Subotnik, H. L. Woodcock III,
 W. Zhang, A. T. Bell, A. K. Chakraborty, D. M. Chipman,
 F. J. Keil, A. Warshel, W. J. Hehre, H. F. Schaefer III,
 J. Kong, A. I. Krylov, P. M. W. Gill, M. Head-Gordon,
 Q-Chem, Version 3.1, Q-Chem, Inc., Pittsburgh, PA (2007).

 Additional authors for Version 3.1: 
 Z. Gan, Y. Zhao, N. E. Schultz, D. Truhlar, E. Epifanovsky and M. Oana.

 Additional authors for Version 3.2: 
 R. Baer, B. R. Brooks, D. Casanova, J.-D. Chai, C.-L. Cheng, 
 C. Cramer, D. Crittenden, A. Ghysels, G. Hawkins, E. G. Hohenstein, 
 C. Kelley, W. Kurlancheek, D. Liotard, E. Livshits, P. Manohar, 
 A. Marenich, D. Neuhauser, R. Olson, M. A. Rohrdanz, K. S. Thanthiriwatte, 
 A. J. W. Thom, V. Vanovschi, C. F. Williams, Q. Wu and Z.-Q. You. 


 Intel X86 Linux Version

 Q-chem begins on Tue Jun  4 15:33:06 2013  

 Parallel job on  1  processors
Processing $rem in /usr/local/qchem/config/preferences.

theFileMan(): MAXOPENFILES=974 MAX_SUB_FILE_NUM=16
Maximum size of a physical file is 2.0 GB, maximum size of a tmp-file is 32.0 GB


--------------------------------------------------------------
User input:
--------------------------------------------------------------

$molecule
1,2
Li         0.00000        0.00000       -0.02802
H          0.00000        0.00000        1.64909
$end

$comment
positive
$end

$xc_functional
C PBE   1.00
X wPBE  1.00
$end

$rem
SYMMETRY_DECOMPOSITION	0
LRC_DFT                 true
exchange 		general
BASIS                   g3large
omega			800
mem_static              760
max_scf_cycles          200
scf_final_print         1
sym_ignore              true
$end

--------------------------------------------------------------
 Writing REM_CC_EA            2
 ----------------------------------------------------
       Standard Nuclear Orientation (Angstroms)
    I     Atom         X            Y            Z
 ----------------------------------------------------
    1      Li      0.000000     0.000000    -0.028020
    2      H       0.000000     0.000000     1.649090
 ----------------------------------------------------
 Nuclear Repulsion Energy =     0.9465876612 hartrees
 There are        2 alpha and        1 beta electrons
 Requested basis set is G3large
 There are 16 shells and 52 basis functions

Total QAlloc Memory Limit   2000 MB
Mega-Array Size       743 MB
MEM_STATIC part       760 MB

                       Distance Matrix (Angstroms)
             Li(  1)
   H (  2)  1.677110
 
 A cutoff of  1.0D-08 yielded    136 shell pairs
 There are   1462 function pairs (  1834 Cartesian)
Evaluating contribution to one-electron hamiltonian from nuclear
 Smallest overlap matrix eigenvalue = 4.09E-03
 Multipole matrices computed through 2nd order

  Scale SEOQF with 1.000000e-02/1.000000e-02/1.000000e-02

 Standard Electronic Orientation quadrupole field applied
 Guess from superposition of atomic densities
 Warning:  Energy on first SCF cycle will be non-variational
 Long-range K will be added via erf
 Coulomb attenuation parameter = 0.8 bohr**(-1)
 An unrestricted Kohn-Sham SCF calculation will be
 performed using Pulay DIIS extrapolation
 Exchange:  wPBE + LR-HF      Correlation:  PBE
 Using SG-1 standard quadrature grid
 SCF converges when DIIS error is below 1.0E-05
 Requested basis set is G3large
 There are 16 shells and 52 basis functions
 A cutoff of  1.0D-08 yielded    136 shell pairs
 There are   1462 function pairs (  1834 Cartesian)
 Warning!  Inaccurate integrated density:
   Number of electrons =     3
   Numerical integral  =     4.012981843575
   Relative error      =    33.7660614525 %
 ---------------------------------------
  Cycle       Energy         DIIS Error
 ---------------------------------------
    1      -7.7607340088      5.29E-03
    2      -7.7710405396      2.64E-03
    3      -7.7830705393      1.14E-03
    4      -7.7856967210      7.82E-05
    5      -7.7857063589      9.91E-06 Convergence criterion met
 ---------------------------------------
 One-Electron    Energy =   -10.9938878487
 Total Coulomb   Energy =     4.2888441207
 Alpha Exchange  Energy =    -0.6453011054
 Beta  Exchange  Energy =    -0.3863887566
 DFT   Exchange  Energy =    -0.9438196035
 DFT Correlation Energy =    -0.0517408265
 Nuclear Repu.   Energy =     0.9465876611
 Nuclear Attr.   Energy =   -18.7600801716
 Kinetic         Energy =     7.7661923229
 <S^2> = 0.7500
 SCF time:  CPU 2.72 s  wall 3.32 s
 Final Alpha MO Eigenvalues
            1           2           3           4           5           6
    1  -2.5756807  -0.8079098  -0.1726871  -0.1338190  -0.1337868  -0.0855802
            7
    1  -0.0688467
 Final Beta MO Eigenvalues
            1           2           3           4           5           6
    1  -2.5726160  -0.2015369  -0.1384663  -0.1255532  -0.1255217  -0.0753165
 Analysis of SCF Wavefunction
 
 --------------------------------------------------------------
                    Orbital Energies (a.u.)
 --------------------------------------------------------------
 
 Alpha MOs
 -- Occupied --
 -2.576  -0.808
 -- Virtual --
 -0.173  -0.134  -0.134  -0.086  -0.069  -0.058  -0.058  -0.051
 -0.025  -0.004  -0.003  -0.003   0.037   0.059   0.059   0.082
  0.082   0.196   0.251   0.320   0.320   0.351   0.357   0.357
  0.389   0.389   0.397   0.397   0.582   0.781   0.781   0.894
  1.030   1.030   1.075   1.075   1.282   2.494   3.443   3.826
  3.826   3.973   6.732   6.732   6.992  20.001  20.025  21.024
 21.026  21.026
 
 Beta MOs
 -- Occupied --
 -2.573
 -- Virtual --
 -0.202  -0.138  -0.126  -0.126  -0.075  -0.060  -0.056  -0.056
 -0.037  -0.011  -0.002   0.000   0.000   0.082   0.082   0.085
  0.085   0.112   0.208   0.299   0.322   0.322   0.394   0.394
  0.396   0.396   0.398   0.398   0.484   0.680   0.911   0.911
  1.031   1.032   1.065   1.156   1.156   1.347   2.927   3.503
  4.290   4.290   4.459   6.734   6.734   6.997  20.004  20.028
 21.024  21.027  21.027
 --------------------------------------------------------------
 
          Ground-State Mulliken Net Atomic Charges

     Atom                 Charge (a.u.)    Spin (a.u.)
  --------------------------------------------------------
      1 Li                    0.830918       0.166494
      2 H                     0.169082       0.833506
  --------------------------------------------------------
  Sum of atomic charges =     1.000000
  Sum of spin   charges =     1.000000

 -----------------------------------------------------------------
                    Cartesian Multipole Moments
 -----------------------------------------------------------------
    Charge (ESU x 10^10)
                 4.8032
    Dipole Moment (Debye)
         X       0.0000      Y       0.0000      Z       0.4312
       Tot       0.4312
    Quadrupole Moments (Debye-Ang)
        XX      -1.6126     XY       0.0000     YY      -1.6126
        XZ       0.0000     YZ       0.0000     ZZ       0.1666
    Octapole Moments (Debye-Ang^2)
       XXX       0.0000    XXY       0.0000    XYY       0.0000
       YYY       0.0000    XXZ      -1.7902    XYZ       0.0000
       YYZ      -1.7902    XZZ       0.0000    YZZ       0.0000
       ZZZ      -1.1892
    Hexadecapole Moments (Debye-Ang^3)
      XXXX      -1.5552   XXXY       0.0000   XXYY      -0.5184
      XYYY       0.0000   YYYY      -1.5552   XXXZ       0.0000
      XXYZ       0.0000   XYYZ       0.0000   YYYZ       0.0000
      XXZZ      -3.1889   XYZZ       0.0000   YYZZ      -3.1889
      XZZZ      -0.0001   YZZZ      -0.0001   ZZZZ      -8.9338
 -----------------------------------------------------------------
 Total job time:  3.39s(wall), 2.79s(cpu) 
 Tue Jun  4 15:33:10 2013

        *************************************************************
        *                                                           *
        *  Thank you very much for using Q-Chem.  Have a nice day.  *
        *                                                           *
        *************************************************************


0 sent ACK to 0 
now end server 0 ... 
