Process 0 of 1 is on cl131 - thread support 1
initial socket setup ...start
initial socket setup ...done 
now start server 0 ... 

cmd = /usr/bin/ssh clhead /usr/local/qchem/bin/get_hostid 563827754 > /tmp/1589684.1.medium.q/qchem28772/lic.dat

cmd = /usr/bin/ssh clhead /usr/local/qchem/bin/get_hostid 563827754 > /tmp/1589684.1.medium.q/qchem28772/lic.dat

cmd = /usr/bin/ssh clhead /usr/local/qchem/bin/get_hostid 563827754 > /tmp/1589684.1.medium.q/qchem28772/lic.dat

cmd = /usr/bin/ssh clhead /usr/local/qchem/bin/get_hostid 563827754 > /tmp/1589684.1.medium.q/qchem28772/lic.dat

cmd = /usr/bin/ssh clhead /usr/local/qchem/bin/get_hostid 563827754 > /tmp/1589684.1.medium.q/qchem28772/lic.dat

cmd = /usr/bin/ssh clhead /usr/local/qchem/bin/get_hostid 563827754 > /tmp/1589684.1.medium.q/qchem28772/lic.dat
license check failed for the 0th node cl131 sid2590224CA6
p0_28868:  p4_error: interrupt SIGx: 6
 
**********************************************************************
Job 2 of 3 
**********************************************************************
 
Process 0 of 1 is on cl131 - thread support 1
initial socket setup ...start
initial socket setup ...done 
now start server 0 ... 

cmd = /usr/bin/ssh clhead /usr/local/qchem/bin/get_hostid 261018985 > /tmp/1589684.1.medium.q/qchem28772/lic.dat

cmd = /usr/bin/ssh clhead /usr/local/qchem/bin/get_hostid 261018985 > /tmp/1589684.1.medium.q/qchem28772/lic.dat

cmd = /usr/bin/ssh clhead /usr/local/qchem/bin/get_hostid 261018985 > /tmp/1589684.1.medium.q/qchem28772/lic.dat

cmd = /usr/bin/ssh clhead /usr/local/qchem/bin/get_hostid 261018985 > /tmp/1589684.1.medium.q/qchem28772/lic.dat

cmd = /usr/bin/ssh clhead /usr/local/qchem/bin/get_hostid 261018985 > /tmp/1589684.1.medium.q/qchem28772/lic.dat

cmd = /usr/bin/ssh clhead /usr/local/qchem/bin/get_hostid 261018985 > /tmp/1589684.1.medium.q/qchem28772/lic.dat
license check failed for the 0th node cl131 sid2590224CA6
p0_28935:  p4_error: interrupt SIGx: 6
 
**********************************************************************
Job 3 of 3 
**********************************************************************
 
Process 0 of 1 is on cl131 - thread support 1
initial socket setup ...start
initial socket setup ...done 
now start server 0 ... 

cmd = /usr/bin/ssh clhead /usr/local/qchem/bin/get_hostid 1036369494 > /tmp/1589684.1.medium.q/qchem28772/lic.dat

cmd = /usr/bin/ssh clhead /usr/local/qchem/bin/get_hostid 1036369494 > /tmp/1589684.1.medium.q/qchem28772/lic.dat

cmd = /usr/bin/ssh clhead /usr/local/qchem/bin/get_hostid 1036369494 > /tmp/1589684.1.medium.q/qchem28772/lic.dat

cmd = /usr/bin/ssh clhead /usr/local/qchem/bin/get_hostid 1036369494 > /tmp/1589684.1.medium.q/qchem28772/lic.dat

cmd = /usr/bin/ssh clhead /usr/local/qchem/bin/get_hostid 1036369494 > /tmp/1589684.1.medium.q/qchem28772/lic.dat

cmd = /usr/bin/ssh clhead /usr/local/qchem/bin/get_hostid 1036369494 > /tmp/1589684.1.medium.q/qchem28772/lic.dat
license check failed for the 0th node cl131 sid2590224CA6
p0_29002:  p4_error: interrupt SIGx: 6
