Process 0 of 1 is on cl151.stfx.acenet.ca - thread support 1
initial socket setup ...start
initial socket setup ...done 
now start server 0 ... 

cmd = /usr/bin/ssh clhead /usr/local/qchem/bin/get_hostid 37780030 > /scratch/tmp/6028449.1.medium.q/qchem26411/lic.dat
                  Welcome to Q-Chem
     A Quantum Leap Into The Future Of Chemistry

 Y. Shao, L. Fusti-Molnar, Y. Jung, J. Kussmann, C. Ochsenfeld,
 S. T. Brown, A. T. B. Gilbert, L. V. Slipchenko,S. V. Levchenko,
 D. P. O'Neill, R. A. DiStasio Jr., R. C. Lochan, T. Wang,
 G. J. O. Beran, N. A. Besley, J. M. Herbert, C. Y. Lin,
 T. Van Voorhis, S. H. Chien, A. Sodt, R. P. Steele, 
 V. A. Rassolov, P. E. Maslen, P. P. Korambath, R. D. Adamson,
 B. Austin, J. Baker, E. F. C. Byrd, H. Dachsel, R. J. Doerksen,
 A. Dreuw, B. D. Dunietz, A. D. Dutoi, T. R. Furlani,
 S. R. Gwaltney, A. Heyden, S. Hirata, C.-P. Hsu, G. Kedziora,
 R. Z. Khaliullin, P. Klunzinger, A. M. Lee, M. S. Lee, W. Liang,
 I. Lotan, N. Nair, B. Peters, E. I. Proynov, P. A. Pieniazek, 
 Y. M. Rhee, J. Ritchie, E. Rosta, C. D. Sherrill, 
 A. C. Simmonett, J. E. Subotnik, H. L. Woodcock III,
 W. Zhang, A. T. Bell, A. K. Chakraborty, D. M. Chipman,
 F. J. Keil, A. Warshel, W. J. Hehre, H. F. Schaefer III,
 J. Kong, A. I. Krylov, P. M. W. Gill, M. Head-Gordon,
 Q-Chem, Version 3.1, Q-Chem, Inc., Pittsburgh, PA (2007).

 Additional authors for Version 3.1: 
 Z. Gan, Y. Zhao, N. E. Schultz, D. Truhlar, E. Epifanovsky and M. Oana.

 Additional authors for Version 3.2: 
 R. Baer, B. R. Brooks, D. Casanova, J.-D. Chai, C.-L. Cheng, 
 C. Cramer, D. Crittenden, A. Ghysels, G. Hawkins, E. G. Hohenstein, 
 C. Kelley, W. Kurlancheek, D. Liotard, E. Livshits, P. Manohar, 
 A. Marenich, D. Neuhauser, R. Olson, M. A. Rohrdanz, K. S. Thanthiriwatte, 
 A. J. W. Thom, V. Vanovschi, C. F. Williams, Q. Wu and Z.-Q. You. 


 Intel X86 Linux Version

 Q-chem begins on Tue Jun  4 15:32:21 2013  

 Parallel job on  1  processors
Processing $rem in /usr/local/qchem/config/preferences.

theFileMan(): MAXOPENFILES=974 MAX_SUB_FILE_NUM=16
Maximum size of a physical file is 2.0 GB, maximum size of a tmp-file is 32.0 GB


--------------------------------------------------------------
User input:
--------------------------------------------------------------

$molecule
-1,2
Li         0.00000        0.00000       -0.02802
H          0.00000        0.00000        1.64909
$end

$comment
negative
$end

$xc_functional
C PBE   1.00
X wPBE  1.00
$end

$rem
SYMMETRY_DECOMPOSITION	0
exchange 		general
LRC_DFT                 true
BASIS                   g3large
omega			100
mem_static              760
max_scf_cycles          200
scf_final_print         1
sym_ignore              true
$end

--------------------------------------------------------------
 Writing REM_CC_EA            2
 ----------------------------------------------------
       Standard Nuclear Orientation (Angstroms)
    I     Atom         X            Y            Z
 ----------------------------------------------------
    1      Li      0.000000     0.000000    -0.028020
    2      H       0.000000     0.000000     1.649090
 ----------------------------------------------------
 Nuclear Repulsion Energy =     0.9465876612 hartrees
 There are        3 alpha and        2 beta electrons
 Requested basis set is G3large
 There are 16 shells and 52 basis functions

Total QAlloc Memory Limit   2000 MB
Mega-Array Size       743 MB
MEM_STATIC part       760 MB

                       Distance Matrix (Angstroms)
             Li(  1)
   H (  2)  1.677110
 
 A cutoff of  1.0D-08 yielded    136 shell pairs
 There are   1462 function pairs (  1834 Cartesian)
Evaluating contribution to one-electron hamiltonian from nuclear
 Smallest overlap matrix eigenvalue = 4.09E-03
 Multipole matrices computed through 2nd order

  Scale SEOQF with 1.000000e-02/1.000000e-02/1.000000e-02

 Standard Electronic Orientation quadrupole field applied
 Guess from superposition of atomic densities
 Warning:  Energy on first SCF cycle will be non-variational
 Long-range K will be added via erf
 Coulomb attenuation parameter = 0.1 bohr**(-1)
 An unrestricted Kohn-Sham SCF calculation will be
 performed using Pulay DIIS extrapolation
 Exchange:  wPBE + LR-HF      Correlation:  PBE
 Using SG-1 standard quadrature grid
 SCF converges when DIIS error is below 1.0E-05
 Requested basis set is G3large
 There are 16 shells and 52 basis functions
 A cutoff of  1.0D-08 yielded    136 shell pairs
 There are   1462 function pairs (  1834 Cartesian)
 Warning!  Inaccurate integrated density:
   Number of electrons =     5
   Numerical integral  =     4.012981843575
   Relative error      =   -19.7403631285 %
 ---------------------------------------
  Cycle       Energy         DIIS Error
 ---------------------------------------
    1      -7.8190166640      4.69E-03
    2      -7.9686594741      7.60E-03
    3      -8.0224217460      4.35E-03
    4      -8.0579516311      7.91E-04
    5      -8.0623490495      2.73E-04
    6      -8.0634179214      1.63E-04
    7      -8.0639995534      7.39E-05
    8      -8.0641576061      3.00E-05
    9      -8.0641901634      1.37E-05
   10      -8.0641983348      6.14E-06 Convergence criterion met
 ---------------------------------------
 One-Electron    Energy =   -12.9642765130
 Total Coulomb   Energy =     6.2278152771
 Alpha Exchange  Energy =    -0.1552157177
 Beta  Exchange  Energy =    -0.1104336378
 DFT   Exchange  Energy =    -1.9191995002
 DFT Correlation Energy =    -0.0894759043
 Nuclear Repu.   Energy =     0.9465876611
 Nuclear Attr.   Energy =   -20.9458444481
 Kinetic         Energy =     7.9815679351
 <S^2> = 0.7503
 SCF time:  CPU 5.37 s  wall 7.71 s
 Final Alpha MO Eigenvalues
            1           2           3           4           5           6
    1  -1.7548295  -0.0855733  -0.0048407   0.0825797   0.0825856   0.0888000
            7           8
    1   0.1001155   0.1387658
 Final Beta MO Eigenvalues
            1           2           3           4           5           6
    1  -1.7528989  -0.0823312   0.0880115   0.0880133   0.0910049   0.0988948
            7
    1   0.1291357
 Analysis of SCF Wavefunction
 
 --------------------------------------------------------------
                    Orbital Energies (a.u.)
 --------------------------------------------------------------
 
 Alpha MOs
 -- Occupied --
 -1.755  -0.086  -0.005
 -- Virtual --
  0.083   0.083   0.089   0.100   0.139   0.139   0.163   0.221
  0.233   0.241   0.241   0.323   0.359   0.359   0.372   0.372
  0.474   0.562   0.610   0.610   0.664   0.664   0.675   0.686
  0.686   0.693   0.693   0.887   1.119   1.119   1.223   1.353
  1.354   1.400   1.400   1.602   2.839   3.663   4.184   4.184
  4.310   6.911   6.911   7.175  19.901  19.927  21.341  21.345
 21.345
 
 Beta MOs
 -- Occupied --
 -1.753  -0.082
 -- Virtual --
  0.088   0.088   0.091   0.099   0.129   0.149   0.149   0.180
  0.231   0.246   0.249   0.249   0.336   0.376   0.376   0.382
  0.382   0.491   0.572   0.614   0.614   0.682   0.682   0.684
  0.701   0.701   0.701   0.701   0.900   1.126   1.126   1.230
  1.352   1.353   1.405   1.405   1.607   2.845   3.669   4.190
  4.190   4.316   6.912   6.912   7.177  19.903  19.929  21.341
 21.345  21.345
 --------------------------------------------------------------
 
          Ground-State Mulliken Net Atomic Charges

     Atom                 Charge (a.u.)    Spin (a.u.)
  --------------------------------------------------------
      1 Li                   -0.473798       0.894714
      2 H                    -0.526202       0.105286
  --------------------------------------------------------
  Sum of atomic charges =    -1.000000
  Sum of spin   charges =     1.000000

 -----------------------------------------------------------------
                    Cartesian Multipole Moments
 -----------------------------------------------------------------
    Charge (ESU x 10^10)
                -4.8032
    Dipole Moment (Debye)
         X       0.0368      Y       0.0365      Z       3.9558
       Tot       3.9561
    Quadrupole Moments (Debye-Ang)
        XX     -30.2988     XY      -0.0006     YY     -30.2988
        XZ      -0.0782     YZ      -0.0775     ZZ     -55.0195
    Octapole Moments (Debye-Ang^2)
       XXX       1.1473    XXY       0.3787    XYY       0.3824
       YYY       1.1362    XXZ      52.8384    XYZ       0.0000
       YYZ      52.8384    XZZ       0.3914    YZZ       0.3876
       ZZZ     152.3043
    Hexadecapole Moments (Debye-Ang^3)
      XXXX    -560.3370   XXXY      -0.0177   XXYY    -186.7789
      XYYY      -0.0177   YYYY    -560.3362   XXXZ      -2.0713
      XXYZ      -0.6832   XYYZ      -0.6904   YYYZ      -2.0497
      XXZZ    -293.8251   XYZZ      -0.0059   YYZZ    -293.8249
      XZZZ      -2.0640   YZZZ      -2.0425   ZZZZ   -1213.5599
 -----------------------------------------------------------------
 Total job time:  7.79s(wall), 5.44s(cpu) 
 Tue Jun  4 15:32:28 2013

        *************************************************************
        *                                                           *
        *  Thank you very much for using Q-Chem.  Have a nice day.  *
        *                                                           *
        *************************************************************


0 sent ACK to 0 
now end server 0 ... 
 
**********************************************************************
Job 2 of 3 
**********************************************************************
 
Process 0 of 1 is on cl151.stfx.acenet.ca - thread support 1
initial socket setup ...start
initial socket setup ...done 
now start server 0 ... 

cmd = /usr/bin/ssh clhead /usr/local/qchem/bin/get_hostid 977622708 > /scratch/tmp/6028449.1.medium.q/qchem26411/lic.dat
                  Welcome to Q-Chem
     A Quantum Leap Into The Future Of Chemistry

 Y. Shao, L. Fusti-Molnar, Y. Jung, J. Kussmann, C. Ochsenfeld,
 S. T. Brown, A. T. B. Gilbert, L. V. Slipchenko,S. V. Levchenko,
 D. P. O'Neill, R. A. DiStasio Jr., R. C. Lochan, T. Wang,
 G. J. O. Beran, N. A. Besley, J. M. Herbert, C. Y. Lin,
 T. Van Voorhis, S. H. Chien, A. Sodt, R. P. Steele, 
 V. A. Rassolov, P. E. Maslen, P. P. Korambath, R. D. Adamson,
 B. Austin, J. Baker, E. F. C. Byrd, H. Dachsel, R. J. Doerksen,
 A. Dreuw, B. D. Dunietz, A. D. Dutoi, T. R. Furlani,
 S. R. Gwaltney, A. Heyden, S. Hirata, C.-P. Hsu, G. Kedziora,
 R. Z. Khaliullin, P. Klunzinger, A. M. Lee, M. S. Lee, W. Liang,
 I. Lotan, N. Nair, B. Peters, E. I. Proynov, P. A. Pieniazek, 
 Y. M. Rhee, J. Ritchie, E. Rosta, C. D. Sherrill, 
 A. C. Simmonett, J. E. Subotnik, H. L. Woodcock III,
 W. Zhang, A. T. Bell, A. K. Chakraborty, D. M. Chipman,
 F. J. Keil, A. Warshel, W. J. Hehre, H. F. Schaefer III,
 J. Kong, A. I. Krylov, P. M. W. Gill, M. Head-Gordon,
 Q-Chem, Version 3.1, Q-Chem, Inc., Pittsburgh, PA (2007).

 Additional authors for Version 3.1: 
 Z. Gan, Y. Zhao, N. E. Schultz, D. Truhlar, E. Epifanovsky and M. Oana.

 Additional authors for Version 3.2: 
 R. Baer, B. R. Brooks, D. Casanova, J.-D. Chai, C.-L. Cheng, 
 C. Cramer, D. Crittenden, A. Ghysels, G. Hawkins, E. G. Hohenstein, 
 C. Kelley, W. Kurlancheek, D. Liotard, E. Livshits, P. Manohar, 
 A. Marenich, D. Neuhauser, R. Olson, M. A. Rohrdanz, K. S. Thanthiriwatte, 
 A. J. W. Thom, V. Vanovschi, C. F. Williams, Q. Wu and Z.-Q. You. 


 Intel X86 Linux Version

 Q-chem begins on Tue Jun  4 15:32:31 2013  

 Parallel job on  1  processors
Processing $rem in /usr/local/qchem/config/preferences.

theFileMan(): MAXOPENFILES=974 MAX_SUB_FILE_NUM=16
Maximum size of a physical file is 2.0 GB, maximum size of a tmp-file is 32.0 GB


--------------------------------------------------------------
User input:
--------------------------------------------------------------

$molecule
0,1
Li         0.00000        0.00000       -0.02802
H          0.00000        0.00000        1.64909
$end

$comment
neutral
$end

$xc_functional
C PBE   1.00
X wPBE  1.00
$end


$rem
SYMMETRY_DECOMPOSITION	0
LRC_DFT                 true
exchange 		general
BASIS                   g3large
omega			100
mem_static              760
max_scf_cycles          200
scf_final_print         1
sym_ignore              true
$end

--------------------------------------------------------------
 Writing REM_CC_EA            2
 ----------------------------------------------------
       Standard Nuclear Orientation (Angstroms)
    I     Atom         X            Y            Z
 ----------------------------------------------------
    1      Li      0.000000     0.000000    -0.028020
    2      H       0.000000     0.000000     1.649090
 ----------------------------------------------------
 Nuclear Repulsion Energy =     0.9465876612 hartrees
 There are        2 alpha and        2 beta electrons
 Requested basis set is G3large
 There are 16 shells and 52 basis functions

Total QAlloc Memory Limit   2000 MB
Mega-Array Size       743 MB
MEM_STATIC part       760 MB

                       Distance Matrix (Angstroms)
             Li(  1)
   H (  2)  1.677110
 
 A cutoff of  1.0D-08 yielded    136 shell pairs
 There are   1462 function pairs (  1834 Cartesian)
Evaluating contribution to one-electron hamiltonian from nuclear
 Smallest overlap matrix eigenvalue = 4.09E-03
 Multipole matrices computed through 2nd order

  Scale SEOQF with 1.000000e-02/1.000000e-02/1.000000e-02

 Standard Electronic Orientation quadrupole field applied
 Guess from superposition of atomic densities
 Warning:  Energy on first SCF cycle will be non-variational
 Long-range K will be added via erf
 Coulomb attenuation parameter = 0.1 bohr**(-1)
 A restricted Kohn-Sham SCF calculation will be
 performed using Pulay DIIS extrapolation
 Exchange:  wPBE + LR-HF      Correlation:  PBE
 Using SG-1 standard quadrature grid
 SCF converges when DIIS error is below 1.0E-05
 Requested basis set is G3large
 There are 16 shells and 52 basis functions
 A cutoff of  1.0D-08 yielded    136 shell pairs
 There are   1462 function pairs (  1834 Cartesian)
 Warning!  Inaccurate integrated density:
   Number of electrons =     4
   Numerical integral  =     4.012981843575
   Relative error      =     0.3245460894 %
 ---------------------------------------
  Cycle       Energy         DIIS Error
 ---------------------------------------
    1      -7.8190166640      4.69E-03
    2      -8.0029496184      7.05E-03
    3      -8.0290416348      4.06E-03
    4      -8.0456688614      3.18E-04
    5      -8.0460492769      1.75E-04
    6      -8.0461084535      2.79E-05
    7      -8.0461124173      5.23E-06 Convergence criterion met
 ---------------------------------------
 One-Electron    Energy =   -12.3492319916
 Total Coulomb   Energy =     5.5403510023
 Alpha Exchange  Energy =    -0.1105823656
 Beta  Exchange  Energy =    -0.1105823656
 DFT   Exchange  Energy =    -1.8795798153
 DFT Correlation Energy =    -0.0830745424
 Nuclear Repu.   Energy =     0.9465876611
 Nuclear Attr.   Energy =   -20.2879420359
 Kinetic         Energy =     7.9387100442
 SCF time:  CPU 3.44 s  wall 6.14 s
 Final Alpha MO Eigenvalues
            1           2           3           4           5           6
    1  -1.9274697  -0.2136321  -0.0225674   0.0115282   0.0115311   0.0151737
            7
    1   0.0257253
 Analysis of SCF Wavefunction
 
 --------------------------------------------------------------
                    Orbital Energies (a.u.)
 --------------------------------------------------------------
 
 Alpha MOs
 -- Occupied --
 -1.927  -0.214
 -- Virtual --
 -0.023   0.012   0.012   0.015   0.026   0.036   0.036   0.069
  0.112   0.126   0.126   0.134   0.205   0.241   0.241   0.250
  0.250   0.362   0.426   0.462   0.462   0.543   0.543   0.557
  0.563   0.563   0.567   0.567   0.760   0.990   0.990   1.086
  1.187   1.188   1.247   1.247   1.452   2.713   3.501   4.057
  4.057   4.180   6.739   6.739   7.004  19.728  19.754  21.167
 21.171  21.171
 --------------------------------------------------------------
 
          Ground-State Mulliken Net Atomic Charges

     Atom                 Charge (a.u.)
  ----------------------------------------
      1 Li                    0.288598
      2 H                    -0.288598
  ----------------------------------------
  Sum of atomic charges =     0.000000

 -----------------------------------------------------------------
                    Cartesian Multipole Moments
 -----------------------------------------------------------------
    Charge (ESU x 10^10)
                 0.0000
    Dipole Moment (Debye)
         X       0.0000      Y       0.0000      Z      -5.7660
       Tot       5.7660
    Quadrupole Moments (Debye-Ang)
        XX      -5.8145     XY       0.0001     YY      -5.8145
        XZ       0.0000     YZ       0.0000     ZZ     -11.8645
    Octapole Moments (Debye-Ang^2)
       XXX       0.0001    XXY       0.0000    XYY       0.0000
       YYY       0.0000    XXZ      -6.5852    XYZ       0.0001
       YYZ      -6.5852    XZZ       0.0000    YZZ       0.0000
       ZZZ     -26.3400
    Hexadecapole Moments (Debye-Ang^3)
      XXXX     -15.8655   XXXY       0.0003   XXYY      -5.2885
      XYYY       0.0003   YYYY     -15.8655   XXXZ       0.0000
      XXYZ       0.0000   XYYZ       0.0000   YYYZ       0.0000
      XXZZ     -13.4385   XYZZ       0.0001   YYZZ     -13.4385
      XZZZ       0.0001   YZZZ       0.0000   ZZZZ     -72.0907
 -----------------------------------------------------------------
 Total job time:  6.21s(wall), 3.50s(cpu) 
 Tue Jun  4 15:32:38 2013

        *************************************************************
        *                                                           *
        *  Thank you very much for using Q-Chem.  Have a nice day.  *
        *                                                           *
        *************************************************************


0 sent ACK to 0 
now end server 0 ... 
 
**********************************************************************
Job 3 of 3 
**********************************************************************
 
Process 0 of 1 is on cl151.stfx.acenet.ca - thread support 1
initial socket setup ...start
initial socket setup ...done 
now start server 0 ... 

cmd = /usr/bin/ssh clhead /usr/local/qchem/bin/get_hostid 386015207 > /scratch/tmp/6028449.1.medium.q/qchem26411/lic.dat
                  Welcome to Q-Chem
     A Quantum Leap Into The Future Of Chemistry

 Y. Shao, L. Fusti-Molnar, Y. Jung, J. Kussmann, C. Ochsenfeld,
 S. T. Brown, A. T. B. Gilbert, L. V. Slipchenko,S. V. Levchenko,
 D. P. O'Neill, R. A. DiStasio Jr., R. C. Lochan, T. Wang,
 G. J. O. Beran, N. A. Besley, J. M. Herbert, C. Y. Lin,
 T. Van Voorhis, S. H. Chien, A. Sodt, R. P. Steele, 
 V. A. Rassolov, P. E. Maslen, P. P. Korambath, R. D. Adamson,
 B. Austin, J. Baker, E. F. C. Byrd, H. Dachsel, R. J. Doerksen,
 A. Dreuw, B. D. Dunietz, A. D. Dutoi, T. R. Furlani,
 S. R. Gwaltney, A. Heyden, S. Hirata, C.-P. Hsu, G. Kedziora,
 R. Z. Khaliullin, P. Klunzinger, A. M. Lee, M. S. Lee, W. Liang,
 I. Lotan, N. Nair, B. Peters, E. I. Proynov, P. A. Pieniazek, 
 Y. M. Rhee, J. Ritchie, E. Rosta, C. D. Sherrill, 
 A. C. Simmonett, J. E. Subotnik, H. L. Woodcock III,
 W. Zhang, A. T. Bell, A. K. Chakraborty, D. M. Chipman,
 F. J. Keil, A. Warshel, W. J. Hehre, H. F. Schaefer III,
 J. Kong, A. I. Krylov, P. M. W. Gill, M. Head-Gordon,
 Q-Chem, Version 3.1, Q-Chem, Inc., Pittsburgh, PA (2007).

 Additional authors for Version 3.1: 
 Z. Gan, Y. Zhao, N. E. Schultz, D. Truhlar, E. Epifanovsky and M. Oana.

 Additional authors for Version 3.2: 
 R. Baer, B. R. Brooks, D. Casanova, J.-D. Chai, C.-L. Cheng, 
 C. Cramer, D. Crittenden, A. Ghysels, G. Hawkins, E. G. Hohenstein, 
 C. Kelley, W. Kurlancheek, D. Liotard, E. Livshits, P. Manohar, 
 A. Marenich, D. Neuhauser, R. Olson, M. A. Rohrdanz, K. S. Thanthiriwatte, 
 A. J. W. Thom, V. Vanovschi, C. F. Williams, Q. Wu and Z.-Q. You. 


 Intel X86 Linux Version

 Q-chem begins on Tue Jun  4 15:32:40 2013  

 Parallel job on  1  processors
Processing $rem in /usr/local/qchem/config/preferences.

theFileMan(): MAXOPENFILES=974 MAX_SUB_FILE_NUM=16
Maximum size of a physical file is 2.0 GB, maximum size of a tmp-file is 32.0 GB


--------------------------------------------------------------
User input:
--------------------------------------------------------------

$molecule
1,2
Li         0.00000        0.00000       -0.02802
H          0.00000        0.00000        1.64909
$end

$comment
positive
$end

$xc_functional
C PBE   1.00
X wPBE  1.00
$end

$rem
SYMMETRY_DECOMPOSITION	0
LRC_DFT                 true
exchange 		general
BASIS                   g3large
omega			100
mem_static              760
max_scf_cycles          200
scf_final_print         1
sym_ignore              true
$end

--------------------------------------------------------------
 Writing REM_CC_EA            2
 ----------------------------------------------------
       Standard Nuclear Orientation (Angstroms)
    I     Atom         X            Y            Z
 ----------------------------------------------------
    1      Li      0.000000     0.000000    -0.028020
    2      H       0.000000     0.000000     1.649090
 ----------------------------------------------------
 Nuclear Repulsion Energy =     0.9465876612 hartrees
 There are        2 alpha and        1 beta electrons
 Requested basis set is G3large
 There are 16 shells and 52 basis functions

Total QAlloc Memory Limit   2000 MB
Mega-Array Size       743 MB
MEM_STATIC part       760 MB

                       Distance Matrix (Angstroms)
             Li(  1)
   H (  2)  1.677110
 
 A cutoff of  1.0D-08 yielded    136 shell pairs
 There are   1462 function pairs (  1834 Cartesian)
Evaluating contribution to one-electron hamiltonian from nuclear
 Smallest overlap matrix eigenvalue = 4.09E-03
 Multipole matrices computed through 2nd order

  Scale SEOQF with 1.000000e-02/1.000000e-02/1.000000e-02

 Standard Electronic Orientation quadrupole field applied
 Guess from superposition of atomic densities
 Warning:  Energy on first SCF cycle will be non-variational
 Long-range K will be added via erf
 Coulomb attenuation parameter = 0.1 bohr**(-1)
 An unrestricted Kohn-Sham SCF calculation will be
 performed using Pulay DIIS extrapolation
 Exchange:  wPBE + LR-HF      Correlation:  PBE
 Using SG-1 standard quadrature grid
 SCF converges when DIIS error is below 1.0E-05
 Requested basis set is G3large
 There are 16 shells and 52 basis functions
 A cutoff of  1.0D-08 yielded    136 shell pairs
 There are   1462 function pairs (  1834 Cartesian)
 Warning!  Inaccurate integrated density:
   Number of electrons =     3
   Numerical integral  =     4.012981843575
   Relative error      =    33.7660614525 %
 ---------------------------------------
  Cycle       Energy         DIIS Error
 ---------------------------------------
    1      -7.8190166640      4.69E-03
    2      -7.7488665443      1.62E-03
    3      -7.7538379889      2.04E-04
    4      -7.7539153807      2.28E-05
    5      -7.7539160050      4.02E-06 Convergence criterion met
 ---------------------------------------
 One-Electron    Energy =   -10.9950376703
 Total Coulomb   Energy =     4.2855688262
 Alpha Exchange  Energy =    -0.1116356921
 Beta  Exchange  Energy =    -0.0562481984
 DFT   Exchange  Energy =    -1.7715796360
 DFT Correlation Energy =    -0.0515712955
 Nuclear Repu.   Energy =     0.9465876611
 Nuclear Attr.   Energy =   -18.7593502333
 Kinetic         Energy =     7.7643125630
 <S^2> = 0.7500
 SCF time:  CPU 2.64 s  wall 3.97 s
 Final Alpha MO Eigenvalues
            1           2           3           4           5           6
    1  -2.2510427  -0.6379923  -0.2024030  -0.1728725  -0.1728712  -0.0951355
            7
    1  -0.0850695
 Final Beta MO Eigenvalues
            1           2           3           4           5           6
    1  -2.2482565  -0.2291367  -0.1636229  -0.1440530  -0.1440469  -0.0802775
 Analysis of SCF Wavefunction
 
 --------------------------------------------------------------
                    Orbital Energies (a.u.)
 --------------------------------------------------------------
 
 Alpha MOs
 -- Occupied --
 -2.251  -0.638
 -- Virtual --
 -0.202  -0.173  -0.173  -0.095  -0.085  -0.068  -0.064  -0.064
 -0.039  -0.018  -0.018  -0.016   0.009   0.023   0.023   0.058
  0.058   0.167   0.175   0.233   0.233   0.282   0.312   0.312
  0.354   0.354   0.372   0.372   0.533   0.676   0.676   0.761
  0.928   0.929   0.957   0.957   1.148   2.243   3.165   3.561
  3.561   3.704   6.419   6.419   6.680  19.405  19.428  20.843
 20.845  20.845
 
 Beta MOs
 -- Occupied --
 -2.248
 -- Virtual --
 -0.229  -0.164  -0.144  -0.144  -0.080  -0.065  -0.061  -0.061
 -0.038  -0.020  -0.014  -0.013  -0.013   0.076   0.076   0.080
  0.080   0.103   0.195   0.242   0.242   0.246   0.387   0.387
  0.391   0.391   0.393   0.393   0.470   0.639   0.852   0.852
  0.937   0.938   1.016   1.101   1.102   1.267   2.888   3.241
  4.260   4.260   4.446   6.422   6.422   6.689  19.408  19.433
 20.843  20.845  20.845
 --------------------------------------------------------------
 
          Ground-State Mulliken Net Atomic Charges

     Atom                 Charge (a.u.)    Spin (a.u.)
  --------------------------------------------------------
      1 Li                    0.808794       0.187898
      2 H                     0.191206       0.812102
  --------------------------------------------------------
  Sum of atomic charges =     1.000000
  Sum of spin   charges =     1.000000

 -----------------------------------------------------------------
                    Cartesian Multipole Moments
 -----------------------------------------------------------------
    Charge (ESU x 10^10)
                 4.8032
    Dipole Moment (Debye)
         X       0.0000      Y       0.0000      Z       0.4803
       Tot       0.4803
    Quadrupole Moments (Debye-Ang)
        XX      -1.6792     XY       0.0000     YY      -1.6792
        XZ       0.0000     YZ       0.0000     ZZ       0.2465
    Octapole Moments (Debye-Ang^2)
       XXX       0.0000    XXY       0.0000    XYY       0.0000
       YYY       0.0000    XXZ      -1.8555    XYZ       0.0000
       YYZ      -1.8555    XZZ       0.0000    YZZ       0.0000
       ZZZ      -1.0866
    Hexadecapole Moments (Debye-Ang^3)
      XXXX      -1.7963   XXXY       0.0000   XXYY      -0.5988
      XYYY       0.0000   YYYY      -1.7963   XXXZ       0.0000
      XXYZ       0.0000   XYYZ       0.0000   YYYZ       0.0000
      XXZZ      -3.3207   XYZZ       0.0000   YYZZ      -3.3207
      XZZZ       0.0000   YZZZ       0.0000   ZZZZ      -8.9678
 -----------------------------------------------------------------
 Total job time:  4.04s(wall), 2.70s(cpu) 
 Tue Jun  4 15:32:44 2013

        *************************************************************
        *                                                           *
        *  Thank you very much for using Q-Chem.  Have a nice day.  *
        *                                                           *
        *************************************************************


0 sent ACK to 0 
now end server 0 ... 
