Process 0 of 1 is on cl077.stfx.acenet.ca - thread support 1
initial socket setup ...start
initial socket setup ...done 
now start server 0 ... 

cmd = /usr/bin/ssh clhead /usr/local/qchem/bin/get_hostid 1406375990 > /scratch/tmp/6028454.1.short.q/qchem28083/lic.dat
                  Welcome to Q-Chem
     A Quantum Leap Into The Future Of Chemistry

 Y. Shao, L. Fusti-Molnar, Y. Jung, J. Kussmann, C. Ochsenfeld,
 S. T. Brown, A. T. B. Gilbert, L. V. Slipchenko,S. V. Levchenko,
 D. P. O'Neill, R. A. DiStasio Jr., R. C. Lochan, T. Wang,
 G. J. O. Beran, N. A. Besley, J. M. Herbert, C. Y. Lin,
 T. Van Voorhis, S. H. Chien, A. Sodt, R. P. Steele, 
 V. A. Rassolov, P. E. Maslen, P. P. Korambath, R. D. Adamson,
 B. Austin, J. Baker, E. F. C. Byrd, H. Dachsel, R. J. Doerksen,
 A. Dreuw, B. D. Dunietz, A. D. Dutoi, T. R. Furlani,
 S. R. Gwaltney, A. Heyden, S. Hirata, C.-P. Hsu, G. Kedziora,
 R. Z. Khaliullin, P. Klunzinger, A. M. Lee, M. S. Lee, W. Liang,
 I. Lotan, N. Nair, B. Peters, E. I. Proynov, P. A. Pieniazek, 
 Y. M. Rhee, J. Ritchie, E. Rosta, C. D. Sherrill, 
 A. C. Simmonett, J. E. Subotnik, H. L. Woodcock III,
 W. Zhang, A. T. Bell, A. K. Chakraborty, D. M. Chipman,
 F. J. Keil, A. Warshel, W. J. Hehre, H. F. Schaefer III,
 J. Kong, A. I. Krylov, P. M. W. Gill, M. Head-Gordon,
 Q-Chem, Version 3.1, Q-Chem, Inc., Pittsburgh, PA (2007).

 Additional authors for Version 3.1: 
 Z. Gan, Y. Zhao, N. E. Schultz, D. Truhlar, E. Epifanovsky and M. Oana.

 Additional authors for Version 3.2: 
 R. Baer, B. R. Brooks, D. Casanova, J.-D. Chai, C.-L. Cheng, 
 C. Cramer, D. Crittenden, A. Ghysels, G. Hawkins, E. G. Hohenstein, 
 C. Kelley, W. Kurlancheek, D. Liotard, E. Livshits, P. Manohar, 
 A. Marenich, D. Neuhauser, R. Olson, M. A. Rohrdanz, K. S. Thanthiriwatte, 
 A. J. W. Thom, V. Vanovschi, C. F. Williams, Q. Wu and Z.-Q. You. 


 Intel X86 Linux Version

 Q-chem begins on Tue Jun  4 15:32:20 2013  

 Parallel job on  1  processors
Processing $rem in /usr/local/qchem/config/preferences.

theFileMan(): MAXOPENFILES=974 MAX_SUB_FILE_NUM=16
Maximum size of a physical file is 2.0 GB, maximum size of a tmp-file is 32.0 GB


--------------------------------------------------------------
User input:
--------------------------------------------------------------

$molecule
-1,2
Li         0.00000        0.00000       -0.02802
H          0.00000        0.00000        1.64909
$end

$comment
negative
$end

$xc_functional
C PBE   1.00
X wPBE  1.00
$end

$rem
SYMMETRY_DECOMPOSITION	0
exchange 		general
LRC_DFT                 true
BASIS                   g3large
omega			400
mem_static              760
max_scf_cycles          200
scf_final_print         1
sym_ignore              true
$end

--------------------------------------------------------------
 Writing REM_CC_EA            2
 ----------------------------------------------------
       Standard Nuclear Orientation (Angstroms)
    I     Atom         X            Y            Z
 ----------------------------------------------------
    1      Li      0.000000     0.000000    -0.028020
    2      H       0.000000     0.000000     1.649090
 ----------------------------------------------------
 Nuclear Repulsion Energy =     0.9465876612 hartrees
 There are        3 alpha and        2 beta electrons
 Requested basis set is G3large
 There are 16 shells and 52 basis functions

Total QAlloc Memory Limit   2000 MB
Mega-Array Size       743 MB
MEM_STATIC part       760 MB

                       Distance Matrix (Angstroms)
             Li(  1)
   H (  2)  1.677110
 
 A cutoff of  1.0D-08 yielded    136 shell pairs
 There are   1462 function pairs (  1834 Cartesian)
Evaluating contribution to one-electron hamiltonian from nuclear
 Smallest overlap matrix eigenvalue = 4.09E-03
 Multipole matrices computed through 2nd order

  Scale SEOQF with 1.000000e-02/1.000000e-02/1.000000e-02

 Standard Electronic Orientation quadrupole field applied
 Guess from superposition of atomic densities
 Warning:  Energy on first SCF cycle will be non-variational
 Long-range K will be added via erf
 Coulomb attenuation parameter = 0.4 bohr**(-1)
 An unrestricted Kohn-Sham SCF calculation will be
 performed using Pulay DIIS extrapolation
 Exchange:  wPBE + LR-HF      Correlation:  PBE
 Using SG-1 standard quadrature grid
 SCF converges when DIIS error is below 1.0E-05
 Requested basis set is G3large
 There are 16 shells and 52 basis functions
 A cutoff of  1.0D-08 yielded    136 shell pairs
 There are   1462 function pairs (  1834 Cartesian)
 Warning!  Inaccurate integrated density:
   Number of electrons =     5
   Numerical integral  =     4.012981843575
   Relative error      =   -19.7403631285 %
 ---------------------------------------
  Cycle       Energy         DIIS Error
 ---------------------------------------
    1      -7.7625743535      4.90E-03
    2      -7.9809235679      6.51E-03
    3      -8.0124351589      3.86E-03
    4      -8.0403346588      5.81E-04
 Warning!  Inaccurate integrated density:
   Number of electrons =     5
   Numerical integral  =     4.992955768952
   Relative error      =    -0.1408846210 %
    5      -8.0457798902      4.21E-04
 Warning!  Inaccurate integrated density:
   Number of electrons =     5
   Numerical integral  =     4.990362661386
   Relative error      =    -0.1927467723 %
    6      -8.0510987461      3.45E-04
 Warning!  Inaccurate integrated density:
   Number of electrons =     5
   Numerical integral  =     4.990922230500
   Relative error      =    -0.1815553900 %
    7      -8.0551912369      3.74E-04
 Warning!  Inaccurate integrated density:
   Number of electrons =     5
   Numerical integral  =     4.988537502140
   Relative error      =    -0.2292499572 %
    8      -8.0502915486      2.68E-04
 Warning!  Inaccurate integrated density:
   Number of electrons =     5
   Numerical integral  =     4.986939498815
   Relative error      =    -0.2612100237 %
    9      -8.0486806160      1.71E-04
 Warning!  Inaccurate integrated density:
   Number of electrons =     5
   Numerical integral  =     4.984598876769
   Relative error      =    -0.3080224646 %
   10      -8.0487315967      5.76E-05
 Warning!  Inaccurate integrated density:
   Number of electrons =     5
   Numerical integral  =     4.983695632426
   Relative error      =    -0.3260873515 %
   11      -8.0487909455      1.76E-05
 Warning!  Inaccurate integrated density:
   Number of electrons =     5
   Numerical integral  =     4.983672063352
   Relative error      =    -0.3265587330 %
   12      -8.0487956324      9.68E-06 Convergence criterion met
 ---------------------------------------
 One-Electron    Energy =   -12.7052995856
 Total Coulomb   Energy =     5.9571518237
 Alpha Exchange  Energy =    -0.4113544905
 Beta  Exchange  Energy =    -0.3738529238
 DFT   Exchange  Energy =    -1.3736181646
 DFT Correlation Energy =    -0.0884099527
 Nuclear Repu.   Energy =     0.9465876611
 Nuclear Attr.   Energy =   -20.6557529388
 Kinetic         Energy =     7.9504533533
 <S^2> = 0.7502
 SCF time:  CPU 6.66 s  wall 7.22 s
 Final Alpha MO Eigenvalues
            1           2           3           4           5           6
    1  -1.9950553  -0.2092505   0.0089270   0.0535571   0.0730798   0.0807589
            7           8
    1   0.0915738   0.1186912
 Final Beta MO Eigenvalues
            1           2           3           4           5           6
    1  -1.9949043  -0.2106018   0.0669203   0.0807276   0.0880376   0.0888107
            7
    1   0.1004759
 Analysis of SCF Wavefunction
 
 --------------------------------------------------------------
                    Orbital Energies (a.u.)
 --------------------------------------------------------------
 
 Alpha MOs
 -- Occupied --
 -1.995  -0.209   0.009
 -- Virtual --
  0.054   0.073   0.081   0.092   0.119   0.127   0.148   0.212
  0.235   0.236   0.238   0.326   0.363   0.364   0.369   0.370
  0.482   0.587   0.628   0.629   0.678   0.679   0.696   0.696
  0.696   0.697   0.715   0.909   1.173   1.174   1.279   1.364
  1.365   1.435   1.435   1.643   2.956   3.741   4.303   4.303
  4.425   6.983   6.983   7.247  20.100  20.126  21.339  21.342
 21.342
 
 Beta MOs
 -- Occupied --
 -1.995  -0.211
 -- Virtual --
  0.067   0.081   0.088   0.089   0.100   0.127   0.128   0.146
  0.211   0.233   0.235   0.238   0.325   0.363   0.364   0.369
  0.370   0.481   0.587   0.627   0.628   0.678   0.678   0.695
  0.695   0.696   0.697   0.714   0.908   1.172   1.173   1.278
  1.365   1.365   1.434   1.435   1.643   2.954   3.741   4.301
  4.301   4.423   6.983   6.984   7.247  20.100  20.126  21.339
 21.342  21.342
 --------------------------------------------------------------
 
          Ground-State Mulliken Net Atomic Charges

     Atom                 Charge (a.u.)    Spin (a.u.)
  --------------------------------------------------------
      1 Li                   -0.656817       1.016526
      2 H                    -0.343183      -0.016526
  --------------------------------------------------------
  Sum of atomic charges =    -1.000000
  Sum of spin   charges =     1.000000

 -----------------------------------------------------------------
                    Cartesian Multipole Moments
 -----------------------------------------------------------------
    Charge (ESU x 10^10)
                -4.8032
    Dipole Moment (Debye)
         X      -0.2997      Y      -0.2996      Z      -5.9168
       Tot       5.9319
    Quadrupole Moments (Debye-Ang)
        XX     -99.5590     XY     -46.9828     YY     -99.5203
        XZ       1.0096     YZ       1.0092     ZZ     -59.4728
    Octapole Moments (Debye-Ang^2)
       XXX     -11.7822    XXY      -3.9261    XYY      -3.9277
       YYY     -11.7772    XXZ      -3.7933    XYZ       1.4187
       YYZ      -3.7944    XZZ      -3.9593    YZZ      -3.9576
       ZZZ     -23.4635
    Hexadecapole Moments (Debye-Ang^3)
      XXXX   -4144.9864   XXXY   -1376.3408   XXYY   -1381.2856
      XYYY   -1376.3408   YYYY   -4142.7336   XXXZ      33.4057
      XXYZ      11.1306   XYYZ      11.1352   YYYZ      33.3921
      XXZZ    -931.6998   XYZZ    -458.8196   YYZZ    -931.3243
      XZZZ      33.4301   YZZZ      33.4165   ZZZZ   -1454.1920
 -----------------------------------------------------------------
 Total job time:  7.30s(wall), 6.72s(cpu) 
 Tue Jun  4 15:32:27 2013

        *************************************************************
        *                                                           *
        *  Thank you very much for using Q-Chem.  Have a nice day.  *
        *                                                           *
        *************************************************************


0 sent ACK to 0 
now end server 0 ... 
 
**********************************************************************
Job 2 of 3 
**********************************************************************
 
Process 0 of 1 is on cl077.stfx.acenet.ca - thread support 1
initial socket setup ...start
initial socket setup ...done 
now start server 0 ... 

cmd = /usr/bin/ssh clhead /usr/local/qchem/bin/get_hostid 1590938727 > /scratch/tmp/6028454.1.short.q/qchem28083/lic.dat
                  Welcome to Q-Chem
     A Quantum Leap Into The Future Of Chemistry

 Y. Shao, L. Fusti-Molnar, Y. Jung, J. Kussmann, C. Ochsenfeld,
 S. T. Brown, A. T. B. Gilbert, L. V. Slipchenko,S. V. Levchenko,
 D. P. O'Neill, R. A. DiStasio Jr., R. C. Lochan, T. Wang,
 G. J. O. Beran, N. A. Besley, J. M. Herbert, C. Y. Lin,
 T. Van Voorhis, S. H. Chien, A. Sodt, R. P. Steele, 
 V. A. Rassolov, P. E. Maslen, P. P. Korambath, R. D. Adamson,
 B. Austin, J. Baker, E. F. C. Byrd, H. Dachsel, R. J. Doerksen,
 A. Dreuw, B. D. Dunietz, A. D. Dutoi, T. R. Furlani,
 S. R. Gwaltney, A. Heyden, S. Hirata, C.-P. Hsu, G. Kedziora,
 R. Z. Khaliullin, P. Klunzinger, A. M. Lee, M. S. Lee, W. Liang,
 I. Lotan, N. Nair, B. Peters, E. I. Proynov, P. A. Pieniazek, 
 Y. M. Rhee, J. Ritchie, E. Rosta, C. D. Sherrill, 
 A. C. Simmonett, J. E. Subotnik, H. L. Woodcock III,
 W. Zhang, A. T. Bell, A. K. Chakraborty, D. M. Chipman,
 F. J. Keil, A. Warshel, W. J. Hehre, H. F. Schaefer III,
 J. Kong, A. I. Krylov, P. M. W. Gill, M. Head-Gordon,
 Q-Chem, Version 3.1, Q-Chem, Inc., Pittsburgh, PA (2007).

 Additional authors for Version 3.1: 
 Z. Gan, Y. Zhao, N. E. Schultz, D. Truhlar, E. Epifanovsky and M. Oana.

 Additional authors for Version 3.2: 
 R. Baer, B. R. Brooks, D. Casanova, J.-D. Chai, C.-L. Cheng, 
 C. Cramer, D. Crittenden, A. Ghysels, G. Hawkins, E. G. Hohenstein, 
 C. Kelley, W. Kurlancheek, D. Liotard, E. Livshits, P. Manohar, 
 A. Marenich, D. Neuhauser, R. Olson, M. A. Rohrdanz, K. S. Thanthiriwatte, 
 A. J. W. Thom, V. Vanovschi, C. F. Williams, Q. Wu and Z.-Q. You. 


 Intel X86 Linux Version

 Q-chem begins on Tue Jun  4 15:32:30 2013  

 Parallel job on  1  processors
Processing $rem in /usr/local/qchem/config/preferences.

theFileMan(): MAXOPENFILES=974 MAX_SUB_FILE_NUM=16
Maximum size of a physical file is 2.0 GB, maximum size of a tmp-file is 32.0 GB


--------------------------------------------------------------
User input:
--------------------------------------------------------------

$molecule
0,1
Li         0.00000        0.00000       -0.02802
H          0.00000        0.00000        1.64909
$end

$comment
neutral
$end

$xc_functional
C PBE   1.00
X wPBE  1.00
$end


$rem
SYMMETRY_DECOMPOSITION	0
LRC_DFT                 true
exchange 		general
BASIS                   g3large
omega			400
mem_static              760
max_scf_cycles          200
scf_final_print         1
sym_ignore              true
$end

--------------------------------------------------------------
 Writing REM_CC_EA            2
 ----------------------------------------------------
       Standard Nuclear Orientation (Angstroms)
    I     Atom         X            Y            Z
 ----------------------------------------------------
    1      Li      0.000000     0.000000    -0.028020
    2      H       0.000000     0.000000     1.649090
 ----------------------------------------------------
 Nuclear Repulsion Energy =     0.9465876612 hartrees
 There are        2 alpha and        2 beta electrons
 Requested basis set is G3large
 There are 16 shells and 52 basis functions

Total QAlloc Memory Limit   2000 MB
Mega-Array Size       743 MB
MEM_STATIC part       760 MB

                       Distance Matrix (Angstroms)
             Li(  1)
   H (  2)  1.677110
 
 A cutoff of  1.0D-08 yielded    136 shell pairs
 There are   1462 function pairs (  1834 Cartesian)
Evaluating contribution to one-electron hamiltonian from nuclear
 Smallest overlap matrix eigenvalue = 4.09E-03
 Multipole matrices computed through 2nd order

  Scale SEOQF with 1.000000e-02/1.000000e-02/1.000000e-02

 Standard Electronic Orientation quadrupole field applied
 Guess from superposition of atomic densities
 Warning:  Energy on first SCF cycle will be non-variational
 Long-range K will be added via erf
 Coulomb attenuation parameter = 0.4 bohr**(-1)
 A restricted Kohn-Sham SCF calculation will be
 performed using Pulay DIIS extrapolation
 Exchange:  wPBE + LR-HF      Correlation:  PBE
 Using SG-1 standard quadrature grid
 SCF converges when DIIS error is below 1.0E-05
 Requested basis set is G3large
 There are 16 shells and 52 basis functions
 A cutoff of  1.0D-08 yielded    136 shell pairs
 There are   1462 function pairs (  1834 Cartesian)
 Warning!  Inaccurate integrated density:
   Number of electrons =     4
   Numerical integral  =     4.012981843575
   Relative error      =     0.3245460894 %
 ---------------------------------------
  Cycle       Energy         DIIS Error
 ---------------------------------------
    1      -7.7625743535      4.90E-03
    2      -8.0289877974      5.98E-03
    3      -8.0474743851      3.42E-03
    4      -8.0589166035      3.70E-04
    5      -8.0593009277      1.43E-04
    6      -8.0593699217      2.28E-05
    7      -8.0593714036      4.02E-06 Convergence criterion met
 ---------------------------------------
 One-Electron    Energy =   -12.3632566451
 Total Coulomb   Energy =     5.5624689315
 Alpha Exchange  Energy =    -0.3737165867
 Beta  Exchange  Energy =    -0.3737165867
 DFT   Exchange  Energy =    -1.3735666666
 DFT Correlation Energy =    -0.0841715112
 Nuclear Repu.   Energy =     0.9465876611
 Nuclear Attr.   Energy =   -20.2992310103
 Kinetic         Energy =     7.9359743652
 SCF time:  CPU 3.31 s  wall 3.66 s
 Final Alpha MO Eigenvalues
            1           2           3           4           5           6
    1  -2.0853726  -0.2975053  -0.0096396   0.0146807   0.0146813   0.0214473
            7
    1   0.0274202
 Analysis of SCF Wavefunction
 
 --------------------------------------------------------------
                    Orbital Energies (a.u.)
 --------------------------------------------------------------
 
 Alpha MOs
 -- Occupied --
 -2.085  -0.298
 -- Virtual --
 -0.010   0.015   0.015   0.021   0.027   0.052   0.052   0.076
  0.133   0.155   0.155   0.159   0.241   0.278   0.278   0.283
  0.283   0.397   0.500   0.540   0.540   0.591   0.591   0.607
  0.607   0.610   0.610   0.629   0.821   1.085   1.085   1.192
  1.274   1.274   1.346   1.346   1.555   2.868   3.652   4.215
  4.215   4.338   6.893   6.893   7.157  20.010  20.036  21.248
 21.252  21.252
 --------------------------------------------------------------
 
          Ground-State Mulliken Net Atomic Charges

     Atom                 Charge (a.u.)
  ----------------------------------------
      1 Li                    0.335666
      2 H                    -0.335666
  ----------------------------------------
  Sum of atomic charges =     0.000000

 -----------------------------------------------------------------
                    Cartesian Multipole Moments
 -----------------------------------------------------------------
    Charge (ESU x 10^10)
                 0.0000
    Dipole Moment (Debye)
         X       0.0000      Y       0.0000      Z      -6.0660
       Tot       6.0660
    Quadrupole Moments (Debye-Ang)
        XX      -5.4054     XY       0.0001     YY      -5.4055
        XZ       0.0000     YZ       0.0000     ZZ     -12.1175
    Octapole Moments (Debye-Ang^2)
       XXX       0.0001    XXY       0.0000    XYY       0.0000
       YYY       0.0001    XXZ      -6.5150    XYZ       0.0000
       YYZ      -6.5150    XZZ       0.0000    YZZ       0.0000
       ZZZ     -27.0391
    Hexadecapole Moments (Debye-Ang^3)
      XXXX     -12.3977   XXXY       0.0001   XXYY      -4.1326
      XYYY       0.0001   YYYY     -12.3977   XXXZ       0.0000
      XXYZ       0.0000   XYYZ       0.0000   YYYZ       0.0000
      XXZZ     -12.5386   XYZZ       0.0001   YYZZ     -12.5386
      XZZZ       0.0001   YZZZ       0.0000   ZZZZ     -71.4007
 -----------------------------------------------------------------
 Total job time:  3.73s(wall), 3.37s(cpu) 
 Tue Jun  4 15:32:33 2013

        *************************************************************
        *                                                           *
        *  Thank you very much for using Q-Chem.  Have a nice day.  *
        *                                                           *
        *************************************************************


0 sent ACK to 0 
now end server 0 ... 
 
**********************************************************************
Job 3 of 3 
**********************************************************************
 
Process 0 of 1 is on cl077.stfx.acenet.ca - thread support 1
initial socket setup ...start
initial socket setup ...done 
now start server 0 ... 

cmd = /usr/bin/ssh clhead /usr/local/qchem/bin/get_hostid 1912430506 > /scratch/tmp/6028454.1.short.q/qchem28083/lic.dat
                  Welcome to Q-Chem
     A Quantum Leap Into The Future Of Chemistry

 Y. Shao, L. Fusti-Molnar, Y. Jung, J. Kussmann, C. Ochsenfeld,
 S. T. Brown, A. T. B. Gilbert, L. V. Slipchenko,S. V. Levchenko,
 D. P. O'Neill, R. A. DiStasio Jr., R. C. Lochan, T. Wang,
 G. J. O. Beran, N. A. Besley, J. M. Herbert, C. Y. Lin,
 T. Van Voorhis, S. H. Chien, A. Sodt, R. P. Steele, 
 V. A. Rassolov, P. E. Maslen, P. P. Korambath, R. D. Adamson,
 B. Austin, J. Baker, E. F. C. Byrd, H. Dachsel, R. J. Doerksen,
 A. Dreuw, B. D. Dunietz, A. D. Dutoi, T. R. Furlani,
 S. R. Gwaltney, A. Heyden, S. Hirata, C.-P. Hsu, G. Kedziora,
 R. Z. Khaliullin, P. Klunzinger, A. M. Lee, M. S. Lee, W. Liang,
 I. Lotan, N. Nair, B. Peters, E. I. Proynov, P. A. Pieniazek, 
 Y. M. Rhee, J. Ritchie, E. Rosta, C. D. Sherrill, 
 A. C. Simmonett, J. E. Subotnik, H. L. Woodcock III,
 W. Zhang, A. T. Bell, A. K. Chakraborty, D. M. Chipman,
 F. J. Keil, A. Warshel, W. J. Hehre, H. F. Schaefer III,
 J. Kong, A. I. Krylov, P. M. W. Gill, M. Head-Gordon,
 Q-Chem, Version 3.1, Q-Chem, Inc., Pittsburgh, PA (2007).

 Additional authors for Version 3.1: 
 Z. Gan, Y. Zhao, N. E. Schultz, D. Truhlar, E. Epifanovsky and M. Oana.

 Additional authors for Version 3.2: 
 R. Baer, B. R. Brooks, D. Casanova, J.-D. Chai, C.-L. Cheng, 
 C. Cramer, D. Crittenden, A. Ghysels, G. Hawkins, E. G. Hohenstein, 
 C. Kelley, W. Kurlancheek, D. Liotard, E. Livshits, P. Manohar, 
 A. Marenich, D. Neuhauser, R. Olson, M. A. Rohrdanz, K. S. Thanthiriwatte, 
 A. J. W. Thom, V. Vanovschi, C. F. Williams, Q. Wu and Z.-Q. You. 


 Intel X86 Linux Version

 Q-chem begins on Tue Jun  4 15:32:36 2013  

 Parallel job on  1  processors
Processing $rem in /usr/local/qchem/config/preferences.

theFileMan(): MAXOPENFILES=974 MAX_SUB_FILE_NUM=16
Maximum size of a physical file is 2.0 GB, maximum size of a tmp-file is 32.0 GB


--------------------------------------------------------------
User input:
--------------------------------------------------------------

$molecule
1,2
Li         0.00000        0.00000       -0.02802
H          0.00000        0.00000        1.64909
$end

$comment
positive
$end

$xc_functional
C PBE   1.00
X wPBE  1.00
$end

$rem
SYMMETRY_DECOMPOSITION	0
LRC_DFT                 true
exchange 		general
BASIS                   g3large
omega			400
mem_static              760
max_scf_cycles          200
scf_final_print         1
sym_ignore              true
$end

--------------------------------------------------------------
 Writing REM_CC_EA            2
 ----------------------------------------------------
       Standard Nuclear Orientation (Angstroms)
    I     Atom         X            Y            Z
 ----------------------------------------------------
    1      Li      0.000000     0.000000    -0.028020
    2      H       0.000000     0.000000     1.649090
 ----------------------------------------------------
 Nuclear Repulsion Energy =     0.9465876612 hartrees
 There are        2 alpha and        1 beta electrons
 Requested basis set is G3large
 There are 16 shells and 52 basis functions

Total QAlloc Memory Limit   2000 MB
Mega-Array Size       743 MB
MEM_STATIC part       760 MB

                       Distance Matrix (Angstroms)
             Li(  1)
   H (  2)  1.677110
 
 A cutoff of  1.0D-08 yielded    136 shell pairs
 There are   1462 function pairs (  1834 Cartesian)
Evaluating contribution to one-electron hamiltonian from nuclear
 Smallest overlap matrix eigenvalue = 4.09E-03
 Multipole matrices computed through 2nd order

  Scale SEOQF with 1.000000e-02/1.000000e-02/1.000000e-02

 Standard Electronic Orientation quadrupole field applied
 Guess from superposition of atomic densities
 Warning:  Energy on first SCF cycle will be non-variational
 Long-range K will be added via erf
 Coulomb attenuation parameter = 0.4 bohr**(-1)
 An unrestricted Kohn-Sham SCF calculation will be
 performed using Pulay DIIS extrapolation
 Exchange:  wPBE + LR-HF      Correlation:  PBE
 Using SG-1 standard quadrature grid
 SCF converges when DIIS error is below 1.0E-05
 Requested basis set is G3large
 There are 16 shells and 52 basis functions
 A cutoff of  1.0D-08 yielded    136 shell pairs
 There are   1462 function pairs (  1834 Cartesian)
 Warning!  Inaccurate integrated density:
   Number of electrons =     3
   Numerical integral  =     4.012981843575
   Relative error      =    33.7660614525 %
 ---------------------------------------
  Cycle       Energy         DIIS Error
 ---------------------------------------
    1      -7.7625743535      4.90E-03
    2      -7.7570060273      2.19E-03
    3      -7.7657118152      7.19E-04
    4      -7.7668033131      5.13E-05
    5      -7.7668080265      1.04E-05
    6      -7.7668083347      1.92E-06 Convergence criterion met
 ---------------------------------------
 One-Electron    Energy =   -10.9938386222
 Total Coulomb   Energy =     4.2846405330
 Alpha Exchange  Energy =    -0.3964600764
 Beta  Exchange  Energy =    -0.2156210564
 DFT   Exchange  Energy =    -1.3404943473
 DFT Correlation Energy =    -0.0516224264
 Nuclear Repu.   Energy =     0.9465876611
 Nuclear Attr.   Energy =   -18.7529989753
 Kinetic         Energy =     7.7591603531
 <S^2> = 0.7500
 SCF time:  CPU 3.46 s  wall 3.70 s
 Final Alpha MO Eigenvalues
            1           2           3           4           5           6
    1  -2.4113454  -0.7561214  -0.1764509  -0.1377953  -0.1377927  -0.0860083
            7
    1  -0.0699088
 Final Beta MO Eigenvalues
            1           2           3           4           5           6
    1  -2.4085969  -0.2070112  -0.1426360  -0.1283620  -0.1283577  -0.0765802
 Analysis of SCF Wavefunction
 
 --------------------------------------------------------------
                    Orbital Energies (a.u.)
 --------------------------------------------------------------
 
 Alpha MOs
 -- Occupied --
 -2.411  -0.756
 -- Virtual --
 -0.176  -0.138  -0.138  -0.086  -0.070  -0.059  -0.059  -0.053
 -0.027  -0.006  -0.006  -0.006   0.033   0.055   0.055   0.081
  0.081   0.193   0.231   0.295   0.295   0.337   0.350   0.350
  0.385   0.385   0.396   0.396   0.570   0.751   0.751   0.853
  1.006   1.007   1.044   1.044   1.240   2.381   3.311   3.705
  3.705   3.849   6.571   6.571   6.831  19.685  19.708  20.922
 20.924  20.924
 
 Beta MOs
 -- Occupied --
 -2.409
 -- Virtual --
 -0.207  -0.143  -0.128  -0.128  -0.077  -0.061  -0.057  -0.057
 -0.036  -0.014  -0.005  -0.003  -0.003   0.081   0.081   0.084
  0.084   0.111   0.206   0.285   0.297   0.297   0.393   0.393
  0.395   0.396   0.398   0.398   0.480   0.668   0.901   0.902
  1.008   1.009   1.074   1.150   1.151   1.325   2.903   3.376
  4.267   4.268   4.478   6.573   6.573   6.838  19.688  19.712
 20.922  20.924  20.924
 --------------------------------------------------------------
 
          Ground-State Mulliken Net Atomic Charges

     Atom                 Charge (a.u.)    Spin (a.u.)
  --------------------------------------------------------
      1 Li                    0.817151       0.179668
      2 H                     0.182849       0.820332
  --------------------------------------------------------
  Sum of atomic charges =     1.000000
  Sum of spin   charges =     1.000000

 -----------------------------------------------------------------
                    Cartesian Multipole Moments
 -----------------------------------------------------------------
    Charge (ESU x 10^10)
                 4.8032
    Dipole Moment (Debye)
         X       0.0000      Y       0.0000      Z       0.4631
       Tot       0.4631
    Quadrupole Moments (Debye-Ang)
        XX      -1.6593     XY       0.0000     YY      -1.6593
        XZ       0.0000     YZ       0.0000     ZZ       0.2178
    Octapole Moments (Debye-Ang^2)
       XXX       0.0000    XXY       0.0000    XYY       0.0000
       YYY       0.0000    XXZ      -1.8387    XYZ       0.0000
       YYZ      -1.8387    XZZ       0.0000    YZZ       0.0000
       ZZZ      -1.1264
    Hexadecapole Moments (Debye-Ang^3)
      XXXX      -1.7046   XXXY       0.0000   XXYY      -0.5682
      XYYY       0.0000   YYYY      -1.7046   XXXZ       0.0000
      XXYZ       0.0000   XYYZ       0.0000   YYYZ       0.0000
      XXZZ      -3.2834   XYZZ       0.0000   YYZZ      -3.2834
      XZZZ       0.0000   YZZZ       0.0000   ZZZZ      -8.9731
 -----------------------------------------------------------------
 Total job time:  3.80s(wall), 3.52s(cpu) 
 Tue Jun  4 15:32:40 2013

        *************************************************************
        *                                                           *
        *  Thank you very much for using Q-Chem.  Have a nice day.  *
        *                                                           *
        *************************************************************


0 sent ACK to 0 
now end server 0 ... 
