Process 0 of 1 is on cl249.stfx.acenet.ca - thread support 1
initial socket setup ...start
initial socket setup ...done 
now start server 0 ... 

cmd = /usr/bin/ssh clhead /usr/local/qchem/bin/get_hostid 1406375990 > /scratch/tmp/6028455.1.long.q/qchem1874/lic.dat
                  Welcome to Q-Chem
     A Quantum Leap Into The Future Of Chemistry

 Y. Shao, L. Fusti-Molnar, Y. Jung, J. Kussmann, C. Ochsenfeld,
 S. T. Brown, A. T. B. Gilbert, L. V. Slipchenko,S. V. Levchenko,
 D. P. O'Neill, R. A. DiStasio Jr., R. C. Lochan, T. Wang,
 G. J. O. Beran, N. A. Besley, J. M. Herbert, C. Y. Lin,
 T. Van Voorhis, S. H. Chien, A. Sodt, R. P. Steele, 
 V. A. Rassolov, P. E. Maslen, P. P. Korambath, R. D. Adamson,
 B. Austin, J. Baker, E. F. C. Byrd, H. Dachsel, R. J. Doerksen,
 A. Dreuw, B. D. Dunietz, A. D. Dutoi, T. R. Furlani,
 S. R. Gwaltney, A. Heyden, S. Hirata, C.-P. Hsu, G. Kedziora,
 R. Z. Khaliullin, P. Klunzinger, A. M. Lee, M. S. Lee, W. Liang,
 I. Lotan, N. Nair, B. Peters, E. I. Proynov, P. A. Pieniazek, 
 Y. M. Rhee, J. Ritchie, E. Rosta, C. D. Sherrill, 
 A. C. Simmonett, J. E. Subotnik, H. L. Woodcock III,
 W. Zhang, A. T. Bell, A. K. Chakraborty, D. M. Chipman,
 F. J. Keil, A. Warshel, W. J. Hehre, H. F. Schaefer III,
 J. Kong, A. I. Krylov, P. M. W. Gill, M. Head-Gordon,
 Q-Chem, Version 3.1, Q-Chem, Inc., Pittsburgh, PA (2007).

 Additional authors for Version 3.1: 
 Z. Gan, Y. Zhao, N. E. Schultz, D. Truhlar, E. Epifanovsky and M. Oana.

 Additional authors for Version 3.2: 
 R. Baer, B. R. Brooks, D. Casanova, J.-D. Chai, C.-L. Cheng, 
 C. Cramer, D. Crittenden, A. Ghysels, G. Hawkins, E. G. Hohenstein, 
 C. Kelley, W. Kurlancheek, D. Liotard, E. Livshits, P. Manohar, 
 A. Marenich, D. Neuhauser, R. Olson, M. A. Rohrdanz, K. S. Thanthiriwatte, 
 A. J. W. Thom, V. Vanovschi, C. F. Williams, Q. Wu and Z.-Q. You. 


 Intel X86 Linux Version

 Q-chem begins on Tue Jun  4 15:32:20 2013  

 Parallel job on  1  processors
Processing $rem in /usr/local/qchem/config/preferences.

theFileMan(): MAXOPENFILES=974 MAX_SUB_FILE_NUM=16
Maximum size of a physical file is 2.0 GB, maximum size of a tmp-file is 32.0 GB


--------------------------------------------------------------
User input:
--------------------------------------------------------------

$molecule
-1,2
Li         0.00000        0.00000       -0.02802
H          0.00000        0.00000        1.64909
$end

$comment
negative
$end

$xc_functional
C PBE   1.00
X wPBE  1.00
$end

$rem
SYMMETRY_DECOMPOSITION	0
exchange 		general
LRC_DFT                 true
BASIS                   g3large
omega			500
mem_static              760
max_scf_cycles          200
scf_final_print         1
sym_ignore              true
$end

--------------------------------------------------------------
 Writing REM_CC_EA            2
 ----------------------------------------------------
       Standard Nuclear Orientation (Angstroms)
    I     Atom         X            Y            Z
 ----------------------------------------------------
    1      Li      0.000000     0.000000    -0.028020
    2      H       0.000000     0.000000     1.649090
 ----------------------------------------------------
 Nuclear Repulsion Energy =     0.9465876612 hartrees
 There are        3 alpha and        2 beta electrons
 Requested basis set is G3large
 There are 16 shells and 52 basis functions

Total QAlloc Memory Limit   2000 MB
Mega-Array Size       743 MB
MEM_STATIC part       760 MB

                       Distance Matrix (Angstroms)
             Li(  1)
   H (  2)  1.677110
 
 A cutoff of  1.0D-08 yielded    136 shell pairs
 There are   1462 function pairs (  1834 Cartesian)
Evaluating contribution to one-electron hamiltonian from nuclear
 Smallest overlap matrix eigenvalue = 4.09E-03
 Multipole matrices computed through 2nd order

  Scale SEOQF with 1.000000e-02/1.000000e-02/1.000000e-02

 Standard Electronic Orientation quadrupole field applied
 Guess from superposition of atomic densities
 Warning:  Energy on first SCF cycle will be non-variational
 Long-range K will be added via erf
 Coulomb attenuation parameter = 0.5 bohr**(-1)
 An unrestricted Kohn-Sham SCF calculation will be
 performed using Pulay DIIS extrapolation
 Exchange:  wPBE + LR-HF      Correlation:  PBE
 Using SG-1 standard quadrature grid
 SCF converges when DIIS error is below 1.0E-05
 Requested basis set is G3large
 There are 16 shells and 52 basis functions
 A cutoff of  1.0D-08 yielded    136 shell pairs
 There are   1462 function pairs (  1834 Cartesian)
 Warning!  Inaccurate integrated density:
   Number of electrons =     5
   Numerical integral  =     4.012981843575
   Relative error      =   -19.7403631285 %
 ---------------------------------------
  Cycle       Energy         DIIS Error
 ---------------------------------------
    1      -7.7589513578      5.00E-03
    2      -7.9888919413      6.11E-03
    3      -8.0194684944      3.46E-03
    4      -8.0441497666      5.65E-04
 Warning!  Inaccurate integrated density:
   Number of electrons =     5
   Numerical integral  =     4.992553712006
   Relative error      =    -0.1489257599 %
    5      -8.0495393359      4.12E-04
 Warning!  Inaccurate integrated density:
   Number of electrons =     5
   Numerical integral  =     4.989829415095
   Relative error      =    -0.2034116981 %
    6      -8.0549071116      3.32E-04
 Warning!  Inaccurate integrated density:
   Number of electrons =     5
   Numerical integral  =     4.990576955802
   Relative error      =    -0.1884608840 %
    7      -8.0588662146      3.67E-04
 Warning!  Inaccurate integrated density:
   Number of electrons =     5
   Numerical integral  =     4.987927336558
   Relative error      =    -0.2414532688 %
    8      -8.0535626422      2.47E-04
 Warning!  Inaccurate integrated density:
   Number of electrons =     5
   Numerical integral  =     4.986383785256
   Relative error      =    -0.2723242949 %
    9      -8.0523273257      1.55E-04
 Warning!  Inaccurate integrated density:
   Number of electrons =     5
   Numerical integral  =     4.984169883107
   Relative error      =    -0.3166023379 %
   10      -8.0523727107      4.39E-05
 Warning!  Inaccurate integrated density:
   Number of electrons =     5
   Numerical integral  =     4.983539142734
   Relative error      =    -0.3292171453 %
   11      -8.0524111877      1.43E-05
 Warning!  Inaccurate integrated density:
   Number of electrons =     5
   Numerical integral  =     4.983564608800
   Relative error      =    -0.3287078240 %
   12      -8.0524154414      8.03E-06 Convergence criterion met
 ---------------------------------------
 One-Electron    Energy =   -12.7073111866
 Total Coulomb   Energy =     5.9619270700
 Alpha Exchange  Energy =    -0.4775195787
 Beta  Exchange  Energy =    -0.4400952379
 DFT   Exchange  Energy =    -1.2473268759
 DFT Correlation Energy =    -0.0886772934
 Nuclear Repu.   Energy =     0.9465876611
 Nuclear Attr.   Energy =   -20.6572230833
 Kinetic         Energy =     7.9499118967
 <S^2> = 0.7502
 SCF time:  CPU 6.36 s  wall 7.01 s
 Final Alpha MO Eigenvalues
            1           2           3           4           5           6
    1  -2.0423661  -0.2187863   0.0090771   0.0533120   0.0730265   0.0807849
            7           8
    1   0.0919069   0.1193434
 Final Beta MO Eigenvalues
            1           2           3           4           5           6
    1  -2.0422375  -0.2203552   0.0677546   0.0812803   0.0892226   0.0894642
            7
    1   0.1018276
 Analysis of SCF Wavefunction
 
 --------------------------------------------------------------
                    Orbital Energies (a.u.)
 --------------------------------------------------------------
 
 Alpha MOs
 -- Occupied --
 -2.042  -0.219   0.009
 -- Virtual --
  0.053   0.073   0.081   0.092   0.119   0.128   0.148   0.214
  0.237   0.238   0.239   0.328   0.365   0.366   0.370   0.372
  0.484   0.597   0.639   0.641   0.682   0.683   0.698   0.698
  0.700   0.701   0.724   0.918   1.188   1.189   1.297   1.375
  1.376   1.450   1.451   1.661   2.996   3.782   4.343   4.343
  4.465   7.028   7.028   7.292  20.185  20.211  21.365  21.369
 21.369
 
 Beta MOs
 -- Occupied --
 -2.042  -0.220
 -- Virtual --
  0.068   0.081   0.089   0.089   0.102   0.128   0.129   0.146
  0.213   0.235   0.237   0.239   0.327   0.365   0.365   0.370
  0.371   0.482   0.596   0.639   0.640   0.682   0.682   0.697
  0.697   0.699   0.700   0.722   0.916   1.187   1.188   1.296
  1.375   1.376   1.450   1.450   1.661   2.994   3.782   4.341
  4.342   4.464   7.028   7.028   7.292  20.185  20.211  21.365
 21.369  21.369
 --------------------------------------------------------------
 
          Ground-State Mulliken Net Atomic Charges

     Atom                 Charge (a.u.)    Spin (a.u.)
  --------------------------------------------------------
      1 Li                   -0.643390       1.015156
      2 H                    -0.356610      -0.015156
  --------------------------------------------------------
  Sum of atomic charges =    -1.000000
  Sum of spin   charges =     1.000000

 -----------------------------------------------------------------
                    Cartesian Multipole Moments
 -----------------------------------------------------------------
    Charge (ESU x 10^10)
                -4.8032
    Dipole Moment (Debye)
         X      -0.2391      Y      -0.2390      Z      -5.9882
       Tot       5.9977
    Quadrupole Moments (Debye-Ang)
        XX     -99.8844     XY     -47.2098     YY     -99.8486
        XZ       0.8834     YZ       0.8831     ZZ     -59.7497
    Octapole Moments (Debye-Ang^2)
       XXX      -9.6676    XXY      -3.2217    XYY      -3.2229
       YYY      -9.6640    XXZ      -3.7375    XYZ       1.4238
       YYZ      -3.7386    XZZ      -3.2481    YZZ      -3.2469
       ZZZ     -23.6138
    Hexadecapole Moments (Debye-Ang^3)
      XXXX   -4169.9824   XXXY   -1385.0695   XXYY   -1389.6447
      XYYY   -1385.0695   YYYY   -4167.8935   XXXZ      29.4979
      XXYZ       9.8289   XYYZ       9.8326   YYYZ      29.4869
      XXZZ    -937.0704   XYZZ    -461.7292   YYZZ    -936.7222
      XZZZ      29.5221   YZZZ      29.5110   ZZZZ   -1461.8775
 -----------------------------------------------------------------
 Total job time:  7.09s(wall), 6.42s(cpu) 
 Tue Jun  4 15:32:27 2013

        *************************************************************
        *                                                           *
        *  Thank you very much for using Q-Chem.  Have a nice day.  *
        *                                                           *
        *************************************************************


0 sent ACK to 0 
now end server 0 ... 
 
**********************************************************************
Job 2 of 3 
**********************************************************************
 
Process 0 of 1 is on cl249.stfx.acenet.ca - thread support 1
initial socket setup ...start
initial socket setup ...done 
now start server 0 ... 

cmd = /usr/bin/ssh clhead /usr/local/qchem/bin/get_hostid 1590938727 > /scratch/tmp/6028455.1.long.q/qchem1874/lic.dat
                  Welcome to Q-Chem
     A Quantum Leap Into The Future Of Chemistry

 Y. Shao, L. Fusti-Molnar, Y. Jung, J. Kussmann, C. Ochsenfeld,
 S. T. Brown, A. T. B. Gilbert, L. V. Slipchenko,S. V. Levchenko,
 D. P. O'Neill, R. A. DiStasio Jr., R. C. Lochan, T. Wang,
 G. J. O. Beran, N. A. Besley, J. M. Herbert, C. Y. Lin,
 T. Van Voorhis, S. H. Chien, A. Sodt, R. P. Steele, 
 V. A. Rassolov, P. E. Maslen, P. P. Korambath, R. D. Adamson,
 B. Austin, J. Baker, E. F. C. Byrd, H. Dachsel, R. J. Doerksen,
 A. Dreuw, B. D. Dunietz, A. D. Dutoi, T. R. Furlani,
 S. R. Gwaltney, A. Heyden, S. Hirata, C.-P. Hsu, G. Kedziora,
 R. Z. Khaliullin, P. Klunzinger, A. M. Lee, M. S. Lee, W. Liang,
 I. Lotan, N. Nair, B. Peters, E. I. Proynov, P. A. Pieniazek, 
 Y. M. Rhee, J. Ritchie, E. Rosta, C. D. Sherrill, 
 A. C. Simmonett, J. E. Subotnik, H. L. Woodcock III,
 W. Zhang, A. T. Bell, A. K. Chakraborty, D. M. Chipman,
 F. J. Keil, A. Warshel, W. J. Hehre, H. F. Schaefer III,
 J. Kong, A. I. Krylov, P. M. W. Gill, M. Head-Gordon,
 Q-Chem, Version 3.1, Q-Chem, Inc., Pittsburgh, PA (2007).

 Additional authors for Version 3.1: 
 Z. Gan, Y. Zhao, N. E. Schultz, D. Truhlar, E. Epifanovsky and M. Oana.

 Additional authors for Version 3.2: 
 R. Baer, B. R. Brooks, D. Casanova, J.-D. Chai, C.-L. Cheng, 
 C. Cramer, D. Crittenden, A. Ghysels, G. Hawkins, E. G. Hohenstein, 
 C. Kelley, W. Kurlancheek, D. Liotard, E. Livshits, P. Manohar, 
 A. Marenich, D. Neuhauser, R. Olson, M. A. Rohrdanz, K. S. Thanthiriwatte, 
 A. J. W. Thom, V. Vanovschi, C. F. Williams, Q. Wu and Z.-Q. You. 


 Intel X86 Linux Version

 Q-chem begins on Tue Jun  4 15:32:30 2013  

 Parallel job on  1  processors
Processing $rem in /usr/local/qchem/config/preferences.

theFileMan(): MAXOPENFILES=974 MAX_SUB_FILE_NUM=16
Maximum size of a physical file is 2.0 GB, maximum size of a tmp-file is 32.0 GB


--------------------------------------------------------------
User input:
--------------------------------------------------------------

$molecule
0,1
Li         0.00000        0.00000       -0.02802
H          0.00000        0.00000        1.64909
$end

$comment
neutral
$end

$xc_functional
C PBE   1.00
X wPBE  1.00
$end


$rem
SYMMETRY_DECOMPOSITION	0
LRC_DFT                 true
exchange 		general
BASIS                   g3large
omega			500
mem_static              760
max_scf_cycles          200
scf_final_print         1
sym_ignore              true
$end

--------------------------------------------------------------
 Writing REM_CC_EA            2
 ----------------------------------------------------
       Standard Nuclear Orientation (Angstroms)
    I     Atom         X            Y            Z
 ----------------------------------------------------
    1      Li      0.000000     0.000000    -0.028020
    2      H       0.000000     0.000000     1.649090
 ----------------------------------------------------
 Nuclear Repulsion Energy =     0.9465876612 hartrees
 There are        2 alpha and        2 beta electrons
 Requested basis set is G3large
 There are 16 shells and 52 basis functions

Total QAlloc Memory Limit   2000 MB
Mega-Array Size       743 MB
MEM_STATIC part       760 MB

                       Distance Matrix (Angstroms)
             Li(  1)
   H (  2)  1.677110
 
 A cutoff of  1.0D-08 yielded    136 shell pairs
 There are   1462 function pairs (  1834 Cartesian)
Evaluating contribution to one-electron hamiltonian from nuclear
 Smallest overlap matrix eigenvalue = 4.09E-03
 Multipole matrices computed through 2nd order

  Scale SEOQF with 1.000000e-02/1.000000e-02/1.000000e-02

 Standard Electronic Orientation quadrupole field applied
 Guess from superposition of atomic densities
 Warning:  Energy on first SCF cycle will be non-variational
 Long-range K will be added via erf
 Coulomb attenuation parameter = 0.5 bohr**(-1)
 A restricted Kohn-Sham SCF calculation will be
 performed using Pulay DIIS extrapolation
 Exchange:  wPBE + LR-HF      Correlation:  PBE
 Using SG-1 standard quadrature grid
 SCF converges when DIIS error is below 1.0E-05
 Requested basis set is G3large
 There are 16 shells and 52 basis functions
 A cutoff of  1.0D-08 yielded    136 shell pairs
 There are   1462 function pairs (  1834 Cartesian)
 Warning!  Inaccurate integrated density:
   Number of electrons =     4
   Numerical integral  =     4.012981843575
   Relative error      =     0.3245460894 %
 ---------------------------------------
  Cycle       Energy         DIIS Error
 ---------------------------------------
    1      -7.7589513578      5.00E-03
    2      -8.0363927881      5.59E-03
    3      -8.0534889709      3.04E-03
    4      -8.0626983557      3.38E-04
    5      -8.0630088220      1.24E-04
    6      -8.0630599743      1.74E-05
    7      -8.0630606911      2.97E-06 Convergence criterion met
 ---------------------------------------
 One-Electron    Energy =   -12.3667040503
 Total Coulomb   Energy =     5.5687260144
 Alpha Exchange  Energy =    -0.4398762637
 Beta  Exchange  Energy =    -0.4398762637
 DFT   Exchange  Energy =    -1.2474446520
 DFT Correlation Energy =    -0.0844731371
 Nuclear Repu.   Energy =     0.9465876611
 Nuclear Attr.   Energy =   -20.3021460283
 Kinetic         Energy =     7.9354419780
 SCF time:  CPU 3.38 s  wall 4.13 s
 Final Alpha MO Eigenvalues
            1           2           3           4           5           6
    1  -2.1323241  -0.3069473  -0.0093800   0.0147316   0.0147319   0.0217497
            7
    1   0.0276125
 Analysis of SCF Wavefunction
 
 --------------------------------------------------------------
                    Orbital Energies (a.u.)
 --------------------------------------------------------------
 
 Alpha MOs
 -- Occupied --
 -2.132  -0.307
 -- Virtual --
 -0.009   0.015   0.015   0.022   0.028   0.053   0.053   0.076
  0.135   0.157   0.157   0.161   0.244   0.280   0.280   0.284
  0.285   0.399   0.510   0.552   0.552   0.595   0.595   0.609
  0.609   0.613   0.613   0.638   0.830   1.101   1.101   1.210
  1.285   1.285   1.361   1.361   1.573   2.909   3.693   4.256
  4.256   4.378   6.938   6.938   7.202  20.095  20.121  21.275
 21.279  21.279
 --------------------------------------------------------------
 
          Ground-State Mulliken Net Atomic Charges

     Atom                 Charge (a.u.)
  ----------------------------------------
      1 Li                    0.348159
      2 H                    -0.348159
  ----------------------------------------
  Sum of atomic charges =     0.000000

 -----------------------------------------------------------------
                    Cartesian Multipole Moments
 -----------------------------------------------------------------
    Charge (ESU x 10^10)
                 0.0000
    Dipole Moment (Debye)
         X       0.0000      Y       0.0000      Z      -6.1352
       Tot       6.1352
    Quadrupole Moments (Debye-Ang)
        XX      -5.3019     XY       0.0000     YY      -5.3019
        XZ       0.0000     YZ       0.0000     ZZ     -12.1974
    Octapole Moments (Debye-Ang^2)
       XXX       0.0000    XXY       0.0000    XYY       0.0000
       YYY       0.0000    XXZ      -6.4619    XYZ       0.0000
       YYZ      -6.4619    XZZ       0.0000    YZZ       0.0000
       ZZZ     -27.1822
    Hexadecapole Moments (Debye-Ang^3)
      XXXX     -11.7766   XXXY       0.0001   XXYY      -3.9255
      XYYY       0.0001   YYYY     -11.7766   XXXZ       0.0000
      XXYZ       0.0000   XYYZ       0.0000   YYYZ       0.0000
      XXZZ     -12.3417   XYZZ       0.0000   YYZZ     -12.3417
      XZZZ       0.0000   YZZZ       0.0000   ZZZZ     -71.2988
 -----------------------------------------------------------------
 Total job time:  4.20s(wall), 3.44s(cpu) 
 Tue Jun  4 15:32:34 2013

        *************************************************************
        *                                                           *
        *  Thank you very much for using Q-Chem.  Have a nice day.  *
        *                                                           *
        *************************************************************


0 sent ACK to 0 
now end server 0 ... 
 
**********************************************************************
Job 3 of 3 
**********************************************************************
 
Process 0 of 1 is on cl249.stfx.acenet.ca - thread support 1
initial socket setup ...start
initial socket setup ...done 
now start server 0 ... 

cmd = /usr/bin/ssh clhead /usr/local/qchem/bin/get_hostid 1615707186 > /scratch/tmp/6028455.1.long.q/qchem1874/lic.dat
                  Welcome to Q-Chem
     A Quantum Leap Into The Future Of Chemistry

 Y. Shao, L. Fusti-Molnar, Y. Jung, J. Kussmann, C. Ochsenfeld,
 S. T. Brown, A. T. B. Gilbert, L. V. Slipchenko,S. V. Levchenko,
 D. P. O'Neill, R. A. DiStasio Jr., R. C. Lochan, T. Wang,
 G. J. O. Beran, N. A. Besley, J. M. Herbert, C. Y. Lin,
 T. Van Voorhis, S. H. Chien, A. Sodt, R. P. Steele, 
 V. A. Rassolov, P. E. Maslen, P. P. Korambath, R. D. Adamson,
 B. Austin, J. Baker, E. F. C. Byrd, H. Dachsel, R. J. Doerksen,
 A. Dreuw, B. D. Dunietz, A. D. Dutoi, T. R. Furlani,
 S. R. Gwaltney, A. Heyden, S. Hirata, C.-P. Hsu, G. Kedziora,
 R. Z. Khaliullin, P. Klunzinger, A. M. Lee, M. S. Lee, W. Liang,
 I. Lotan, N. Nair, B. Peters, E. I. Proynov, P. A. Pieniazek, 
 Y. M. Rhee, J. Ritchie, E. Rosta, C. D. Sherrill, 
 A. C. Simmonett, J. E. Subotnik, H. L. Woodcock III,
 W. Zhang, A. T. Bell, A. K. Chakraborty, D. M. Chipman,
 F. J. Keil, A. Warshel, W. J. Hehre, H. F. Schaefer III,
 J. Kong, A. I. Krylov, P. M. W. Gill, M. Head-Gordon,
 Q-Chem, Version 3.1, Q-Chem, Inc., Pittsburgh, PA (2007).

 Additional authors for Version 3.1: 
 Z. Gan, Y. Zhao, N. E. Schultz, D. Truhlar, E. Epifanovsky and M. Oana.

 Additional authors for Version 3.2: 
 R. Baer, B. R. Brooks, D. Casanova, J.-D. Chai, C.-L. Cheng, 
 C. Cramer, D. Crittenden, A. Ghysels, G. Hawkins, E. G. Hohenstein, 
 C. Kelley, W. Kurlancheek, D. Liotard, E. Livshits, P. Manohar, 
 A. Marenich, D. Neuhauser, R. Olson, M. A. Rohrdanz, K. S. Thanthiriwatte, 
 A. J. W. Thom, V. Vanovschi, C. F. Williams, Q. Wu and Z.-Q. You. 


 Intel X86 Linux Version

 Q-chem begins on Tue Jun  4 15:32:37 2013  

 Parallel job on  1  processors
Processing $rem in /usr/local/qchem/config/preferences.

theFileMan(): MAXOPENFILES=974 MAX_SUB_FILE_NUM=16
Maximum size of a physical file is 2.0 GB, maximum size of a tmp-file is 32.0 GB


--------------------------------------------------------------
User input:
--------------------------------------------------------------

$molecule
1,2
Li         0.00000        0.00000       -0.02802
H          0.00000        0.00000        1.64909
$end

$comment
positive
$end

$xc_functional
C PBE   1.00
X wPBE  1.00
$end

$rem
SYMMETRY_DECOMPOSITION	0
LRC_DFT                 true
exchange 		general
BASIS                   g3large
omega			500
mem_static              760
max_scf_cycles          200
scf_final_print         1
sym_ignore              true
$end

--------------------------------------------------------------
 Writing REM_CC_EA            2
 ----------------------------------------------------
       Standard Nuclear Orientation (Angstroms)
    I     Atom         X            Y            Z
 ----------------------------------------------------
    1      Li      0.000000     0.000000    -0.028020
    2      H       0.000000     0.000000     1.649090
 ----------------------------------------------------
 Nuclear Repulsion Energy =     0.9465876612 hartrees
 There are        2 alpha and        1 beta electrons
 Requested basis set is G3large
 There are 16 shells and 52 basis functions

Total QAlloc Memory Limit   2000 MB
Mega-Array Size       743 MB
MEM_STATIC part       760 MB

                       Distance Matrix (Angstroms)
             Li(  1)
   H (  2)  1.677110
 
 A cutoff of  1.0D-08 yielded    136 shell pairs
 There are   1462 function pairs (  1834 Cartesian)
Evaluating contribution to one-electron hamiltonian from nuclear
 Smallest overlap matrix eigenvalue = 4.09E-03
 Multipole matrices computed through 2nd order

  Scale SEOQF with 1.000000e-02/1.000000e-02/1.000000e-02

 Standard Electronic Orientation quadrupole field applied
 Guess from superposition of atomic densities
 Warning:  Energy on first SCF cycle will be non-variational
 Long-range K will be added via erf
 Coulomb attenuation parameter = 0.5 bohr**(-1)
 An unrestricted Kohn-Sham SCF calculation will be
 performed using Pulay DIIS extrapolation
 Exchange:  wPBE + LR-HF      Correlation:  PBE
 Using SG-1 standard quadrature grid
 SCF converges when DIIS error is below 1.0E-05
 Requested basis set is G3large
 There are 16 shells and 52 basis functions
 A cutoff of  1.0D-08 yielded    136 shell pairs
 There are   1462 function pairs (  1834 Cartesian)
 Warning!  Inaccurate integrated density:
   Number of electrons =     3
   Numerical integral  =     4.012981843575
   Relative error      =    33.7660614525 %
 ---------------------------------------
  Cycle       Energy         DIIS Error
 ---------------------------------------
    1      -7.7589513578      5.00E-03
    2      -7.7606271683      2.35E-03
    3      -7.7704930790      8.65E-04
    4      -7.7720455614      5.71E-05
    5      -7.7720512082      1.08E-05
    6      -7.7720514403      2.15E-06 Convergence criterion met
 ---------------------------------------
 One-Electron    Energy =   -10.9934944700
 Total Coulomb   Energy =     4.2852762187
 Alpha Exchange  Energy =    -0.4709428124
 Beta  Exchange  Energy =    -0.2633339358
 DFT   Exchange  Energy =    -1.2244929097
 DFT Correlation Energy =    -0.0516511922
 Nuclear Repu.   Energy =     0.9465876611
 Nuclear Attr.   Energy =   -18.7531227183
 Kinetic         Energy =     7.7596282483
 <S^2> = 0.7500
 SCF time:  CPU 3.22 s  wall 3.83 s
 Final Alpha MO Eigenvalues
            1           2           3           4           5           6
    1  -2.4586797  -0.7766662  -0.1746064  -0.1357891  -0.1357884  -0.0857137
            7
    1  -0.0693517
 Final Beta MO Eigenvalues
            1           2           3           4           5           6
    1  -2.4559019  -0.2066027  -0.1427938  -0.1271449  -0.1271446  -0.0761339
 Analysis of SCF Wavefunction
 
 --------------------------------------------------------------
                    Orbital Energies (a.u.)
 --------------------------------------------------------------
 
 Alpha MOs
 -- Occupied --
 -2.459  -0.777
 -- Virtual --
 -0.175  -0.136  -0.136  -0.086  -0.069  -0.058  -0.058  -0.052
 -0.026  -0.005  -0.005  -0.005   0.035   0.057   0.057   0.082
  0.082   0.195   0.240   0.305   0.305   0.344   0.353   0.353
  0.387   0.387   0.396   0.396   0.575   0.763   0.763   0.869
  1.016   1.017   1.057   1.057   1.257   2.417   3.351   3.744
  3.744   3.888   6.616   6.616   6.876  19.769  19.793  20.948
 20.950  20.950
 
 Beta MOs
 -- Occupied --
 -2.456
 -- Virtual --
 -0.207  -0.143  -0.127  -0.127  -0.076  -0.061  -0.057  -0.057
 -0.037  -0.013  -0.004  -0.001  -0.001   0.081   0.081   0.085
  0.085   0.108   0.206   0.287   0.307   0.307   0.392   0.392
  0.396   0.396   0.398   0.398   0.478   0.665   0.898   0.898
  1.018   1.018   1.049   1.140   1.140   1.328   2.899   3.412
  4.258   4.258   4.428   6.618   6.618   6.882  19.772  19.797
 20.949  20.951  20.951
 --------------------------------------------------------------
 
          Ground-State Mulliken Net Atomic Charges

     Atom                 Charge (a.u.)    Spin (a.u.)
  --------------------------------------------------------
      1 Li                    0.821137       0.175770
      2 H                     0.178863       0.824230
  --------------------------------------------------------
  Sum of atomic charges =     1.000000
  Sum of spin   charges =     1.000000

 -----------------------------------------------------------------
                    Cartesian Multipole Moments
 -----------------------------------------------------------------
    Charge (ESU x 10^10)
                 4.8032
    Dipole Moment (Debye)
         X       0.0000      Y       0.0000      Z       0.4524
       Tot       0.4524
    Quadrupole Moments (Debye-Ang)
        XX      -1.6445     XY       0.0000     YY      -1.6445
        XZ       0.0000     YZ       0.0000     ZZ       0.1995
    Octapole Moments (Debye-Ang^2)
       XXX       0.0000    XXY       0.0000    XYY       0.0000
       YYY       0.0000    XXZ      -1.8237    XYZ       0.0000
       YYZ      -1.8237    XZZ       0.0000    YZZ       0.0000
       ZZZ      -1.1508
    Hexadecapole Moments (Debye-Ang^3)
      XXXX      -1.6569   XXXY       0.0000   XXYY      -0.5523
      XYYY       0.0000   YYYY      -1.6569   XXXZ       0.0000
      XXYZ       0.0000   XYYZ       0.0000   YYYZ       0.0000
      XXZZ      -3.2552   XYZZ       0.0000   YYZZ      -3.2552
      XZZZ       0.0000   YZZZ       0.0000   ZZZZ      -8.9744
 -----------------------------------------------------------------
 Total job time:  3.90s(wall), 3.28s(cpu) 
 Tue Jun  4 15:32:41 2013

        *************************************************************
        *                                                           *
        *  Thank you very much for using Q-Chem.  Have a nice day.  *
        *                                                           *
        *************************************************************


0 sent ACK to 0 
now end server 0 ... 
