Process 0 of 1 is on cl198.stfx.acenet.ca - thread support 1
initial socket setup ...start
initial socket setup ...done 
now start server 0 ... 

cmd = /usr/bin/ssh clhead /usr/local/qchem/bin/get_hostid 1471991243 > /scratch/tmp/6028590.1.medium.q/qchem2562/lic.dat
                  Welcome to Q-Chem
     A Quantum Leap Into The Future Of Chemistry

 Y. Shao, L. Fusti-Molnar, Y. Jung, J. Kussmann, C. Ochsenfeld,
 S. T. Brown, A. T. B. Gilbert, L. V. Slipchenko,S. V. Levchenko,
 D. P. O'Neill, R. A. DiStasio Jr., R. C. Lochan, T. Wang,
 G. J. O. Beran, N. A. Besley, J. M. Herbert, C. Y. Lin,
 T. Van Voorhis, S. H. Chien, A. Sodt, R. P. Steele, 
 V. A. Rassolov, P. E. Maslen, P. P. Korambath, R. D. Adamson,
 B. Austin, J. Baker, E. F. C. Byrd, H. Dachsel, R. J. Doerksen,
 A. Dreuw, B. D. Dunietz, A. D. Dutoi, T. R. Furlani,
 S. R. Gwaltney, A. Heyden, S. Hirata, C.-P. Hsu, G. Kedziora,
 R. Z. Khaliullin, P. Klunzinger, A. M. Lee, M. S. Lee, W. Liang,
 I. Lotan, N. Nair, B. Peters, E. I. Proynov, P. A. Pieniazek, 
 Y. M. Rhee, J. Ritchie, E. Rosta, C. D. Sherrill, 
 A. C. Simmonett, J. E. Subotnik, H. L. Woodcock III,
 W. Zhang, A. T. Bell, A. K. Chakraborty, D. M. Chipman,
 F. J. Keil, A. Warshel, W. J. Hehre, H. F. Schaefer III,
 J. Kong, A. I. Krylov, P. M. W. Gill, M. Head-Gordon,
 Q-Chem, Version 3.1, Q-Chem, Inc., Pittsburgh, PA (2007).

 Additional authors for Version 3.1: 
 Z. Gan, Y. Zhao, N. E. Schultz, D. Truhlar, E. Epifanovsky and M. Oana.

 Additional authors for Version 3.2: 
 R. Baer, B. R. Brooks, D. Casanova, J.-D. Chai, C.-L. Cheng, 
 C. Cramer, D. Crittenden, A. Ghysels, G. Hawkins, E. G. Hohenstein, 
 C. Kelley, W. Kurlancheek, D. Liotard, E. Livshits, P. Manohar, 
 A. Marenich, D. Neuhauser, R. Olson, M. A. Rohrdanz, K. S. Thanthiriwatte, 
 A. J. W. Thom, V. Vanovschi, C. F. Williams, Q. Wu and Z.-Q. You. 


 Intel X86 Linux Version

 Q-chem begins on Tue Jun  4 15:44:19 2013  

 Parallel job on  1  processors
Processing $rem in /usr/local/qchem/config/preferences.

theFileMan(): MAXOPENFILES=974 MAX_SUB_FILE_NUM=16
Maximum size of a physical file is 2.0 GB, maximum size of a tmp-file is 32.0 GB


--------------------------------------------------------------
User input:
--------------------------------------------------------------

$molecule
-1,2
Li         0.00000        0.00000       -0.02802
H          0.00000        0.00000        1.64909
$end

$comment
negative
$end

$xc_functional
C PBE   1.00
X wPBE  1.00
$end

$rem
SYMMETRY_DECOMPOSITION	0
exchange 		general
LRC_DFT                 true
BASIS                   g3large
omega			420
mem_static              760
max_scf_cycles          200
scf_final_print         1
sym_ignore              true
$end

--------------------------------------------------------------
 Writing REM_CC_EA            2
 ----------------------------------------------------
       Standard Nuclear Orientation (Angstroms)
    I     Atom         X            Y            Z
 ----------------------------------------------------
    1      Li      0.000000     0.000000    -0.028020
    2      H       0.000000     0.000000     1.649090
 ----------------------------------------------------
 Nuclear Repulsion Energy =     0.9465876612 hartrees
 There are        3 alpha and        2 beta electrons
 Requested basis set is G3large
 There are 16 shells and 52 basis functions

Total QAlloc Memory Limit   2000 MB
Mega-Array Size       743 MB
MEM_STATIC part       760 MB

                       Distance Matrix (Angstroms)
             Li(  1)
   H (  2)  1.677110
 
 A cutoff of  1.0D-08 yielded    136 shell pairs
 There are   1462 function pairs (  1834 Cartesian)
Evaluating contribution to one-electron hamiltonian from nuclear
 Smallest overlap matrix eigenvalue = 4.09E-03
 Multipole matrices computed through 2nd order

  Scale SEOQF with 1.000000e-02/1.000000e-02/1.000000e-02

 Standard Electronic Orientation quadrupole field applied
 Guess from superposition of atomic densities
 Warning:  Energy on first SCF cycle will be non-variational
 Long-range K will be added via erf
 Coulomb attenuation parameter = 0.42 bohr**(-1)
 An unrestricted Kohn-Sham SCF calculation will be
 performed using Pulay DIIS extrapolation
 Exchange:  wPBE + LR-HF      Correlation:  PBE
 Using SG-1 standard quadrature grid
 SCF converges when DIIS error is below 1.0E-05
 Requested basis set is G3large
 There are 16 shells and 52 basis functions
 A cutoff of  1.0D-08 yielded    136 shell pairs
 There are   1462 function pairs (  1834 Cartesian)
 Warning!  Inaccurate integrated density:
   Number of electrons =     5
   Numerical integral  =     4.012981843575
   Relative error      =   -19.7403631285 %
 ---------------------------------------
  Cycle       Energy         DIIS Error
 ---------------------------------------
    1      -7.7615372156      4.92E-03
    2      -7.9826563467      6.42E-03
    3      -8.0139246060      3.77E-03
    4      -8.0411211643      5.77E-04
 Warning!  Inaccurate integrated density:
   Number of electrons =     5
   Numerical integral  =     4.992865214800
   Relative error      =    -0.1426957040 %
    5      -8.0465486442      4.19E-04
 Warning!  Inaccurate integrated density:
   Number of electrons =     5
   Numerical integral  =     4.990239808295
   Relative error      =    -0.1952038341 %
    6      -8.0518862791      3.42E-04
 Warning!  Inaccurate integrated density:
   Number of electrons =     5
   Numerical integral  =     4.990843716955
   Relative error      =    -0.1831256609 %
    7      -8.0559596619      3.72E-04
 Warning!  Inaccurate integrated density:
   Number of electrons =     5
   Numerical integral  =     4.988404016142
   Relative error      =    -0.2319196772 %
    8      -8.0509798502      2.64E-04
 Warning!  Inaccurate integrated density:
   Number of electrons =     5
   Numerical integral  =     4.986794579113
   Relative error      =    -0.2641084177 %
    9      -8.0494286822      1.67E-04
 Warning!  Inaccurate integrated density:
   Number of electrons =     5
   Numerical integral  =     4.984482982958
   Relative error      =    -0.3103403408 %
   10      -8.0494776538      5.38E-05
 Warning!  Inaccurate integrated density:
   Number of electrons =     5
   Numerical integral  =     4.983643773401
   Relative error      =    -0.3271245320 %
   11      -8.0495334104      1.71E-05
 Warning!  Inaccurate integrated density:
   Number of electrons =     5
   Numerical integral  =     4.983661199516
   Relative error      =    -0.3267760097 %
   12      -8.0495367187      1.00E-05
 Warning!  Inaccurate integrated density:
   Number of electrons =     5
   Numerical integral  =     4.983559843146
   Relative error      =    -0.3288031371 %
   13      -8.0495408077      6.75E-06 Convergence criterion met
 ---------------------------------------
 One-Electron    Energy =   -12.7045803822
 Total Coulomb   Energy =     5.9569831292
 Alpha Exchange  Energy =    -0.4253710982
 Beta  Exchange  Energy =    -0.3877175565
 DFT   Exchange  Energy =    -1.3469767526
 DFT Correlation Energy =    -0.0884658086
 Nuclear Repu.   Energy =     0.9465876611
 Nuclear Attr.   Energy =   -20.6546846484
 Kinetic         Energy =     7.9501042662
 <S^2> = 0.7502
 SCF time:  CPU 6.72 s  wall 7.44 s
 Final Alpha MO Eigenvalues
            1           2           3           4           5           6
    1  -2.0050034  -0.2118181   0.0088303   0.0535587   0.0730473   0.0807428
            7           8
    1   0.0916043   0.1188623
 Final Beta MO Eigenvalues
            1           2           3           4           5           6
    1  -2.0048777  -0.2129088   0.0669452   0.0807993   0.0882608   0.0889187
            7
    1   0.1006718
 Analysis of SCF Wavefunction
 
 --------------------------------------------------------------
                    Orbital Energies (a.u.)
 --------------------------------------------------------------
 
 Alpha MOs
 -- Occupied --
 -2.005  -0.212   0.009
 -- Virtual --
  0.054   0.073   0.081   0.092   0.119   0.127   0.148   0.212
  0.236   0.236   0.238   0.327   0.364   0.364   0.369   0.371
  0.482   0.589   0.630   0.632   0.679   0.680   0.696   0.696
  0.697   0.698   0.717   0.911   1.176   1.177   1.283   1.367
  1.367   1.438   1.439   1.647   2.964   3.750   4.311   4.312
  4.434   6.992   6.992   7.256  20.117  20.143  21.344  21.347
 21.348
 
 Beta MOs
 -- Occupied --
 -2.005  -0.213
 -- Virtual --
  0.067   0.081   0.088   0.089   0.101   0.127   0.128   0.146
  0.212   0.234   0.235   0.238   0.325   0.364   0.364   0.369
  0.370   0.481   0.589   0.630   0.631   0.679   0.679   0.695
  0.695   0.697   0.697   0.716   0.910   1.176   1.177   1.282
  1.367   1.367   1.438   1.439   1.647   2.962   3.750   4.310
  4.310   4.432   6.992   6.993   7.256  20.117  20.143  21.344
 21.347  21.348
 --------------------------------------------------------------
 
          Ground-State Mulliken Net Atomic Charges

     Atom                 Charge (a.u.)    Spin (a.u.)
  --------------------------------------------------------
      1 Li                   -0.653985       1.014326
      2 H                    -0.346015      -0.014326
  --------------------------------------------------------
  Sum of atomic charges =    -1.000000
  Sum of spin   charges =     1.000000

 -----------------------------------------------------------------
                    Cartesian Multipole Moments
 -----------------------------------------------------------------
    Charge (ESU x 10^10)
                -4.8032
    Dipole Moment (Debye)
         X      -0.1906      Y      -0.1905      Z      -5.9363
       Tot       5.9424
    Quadrupole Moments (Debye-Ang)
        XX     -99.6767     XY     -47.0654     YY     -99.6512
        XZ       0.7516     YZ       0.7514     ZZ     -59.5440
    Octapole Moments (Debye-Ang^2)
       XXX      -7.9607    XXY      -2.6531    XYY      -2.6538
       YYY      -7.9586    XXZ      -3.8179    XYZ       1.4207
       YYZ      -3.8187    XZZ      -2.6769    YZZ      -2.6762
       ZZZ     -23.6072
    Hexadecapole Moments (Debye-Ang^3)
      XXXX   -4153.2716   XXXY   -1379.4545   XXYY   -1384.1775
      XYYY   -1379.4545   YYYY   -4151.8003   XXXZ      25.3463
      XXYZ       8.4465   XYYZ       8.4487   YYYZ      25.3395
      XXZZ    -933.3702   XYZZ    -459.8575   YYZZ    -933.1250
      XZZZ      25.3644   YZZZ      25.3577   ZZZZ   -1456.0235
 -----------------------------------------------------------------
 Total job time:  7.52s(wall), 6.79s(cpu) 
 Tue Jun  4 15:44:27 2013

        *************************************************************
        *                                                           *
        *  Thank you very much for using Q-Chem.  Have a nice day.  *
        *                                                           *
        *************************************************************


0 sent ACK to 0 
now end server 0 ... 
 
**********************************************************************
Job 2 of 3 
**********************************************************************
 
Process 0 of 1 is on cl198.stfx.acenet.ca - thread support 1
initial socket setup ...start
initial socket setup ...done 
now start server 0 ... 

cmd = /usr/bin/ssh clhead /usr/local/qchem/bin/get_hostid 1658693949 > /scratch/tmp/6028590.1.medium.q/qchem2562/lic.dat
                  Welcome to Q-Chem
     A Quantum Leap Into The Future Of Chemistry

 Y. Shao, L. Fusti-Molnar, Y. Jung, J. Kussmann, C. Ochsenfeld,
 S. T. Brown, A. T. B. Gilbert, L. V. Slipchenko,S. V. Levchenko,
 D. P. O'Neill, R. A. DiStasio Jr., R. C. Lochan, T. Wang,
 G. J. O. Beran, N. A. Besley, J. M. Herbert, C. Y. Lin,
 T. Van Voorhis, S. H. Chien, A. Sodt, R. P. Steele, 
 V. A. Rassolov, P. E. Maslen, P. P. Korambath, R. D. Adamson,
 B. Austin, J. Baker, E. F. C. Byrd, H. Dachsel, R. J. Doerksen,
 A. Dreuw, B. D. Dunietz, A. D. Dutoi, T. R. Furlani,
 S. R. Gwaltney, A. Heyden, S. Hirata, C.-P. Hsu, G. Kedziora,
 R. Z. Khaliullin, P. Klunzinger, A. M. Lee, M. S. Lee, W. Liang,
 I. Lotan, N. Nair, B. Peters, E. I. Proynov, P. A. Pieniazek, 
 Y. M. Rhee, J. Ritchie, E. Rosta, C. D. Sherrill, 
 A. C. Simmonett, J. E. Subotnik, H. L. Woodcock III,
 W. Zhang, A. T. Bell, A. K. Chakraborty, D. M. Chipman,
 F. J. Keil, A. Warshel, W. J. Hehre, H. F. Schaefer III,
 J. Kong, A. I. Krylov, P. M. W. Gill, M. Head-Gordon,
 Q-Chem, Version 3.1, Q-Chem, Inc., Pittsburgh, PA (2007).

 Additional authors for Version 3.1: 
 Z. Gan, Y. Zhao, N. E. Schultz, D. Truhlar, E. Epifanovsky and M. Oana.

 Additional authors for Version 3.2: 
 R. Baer, B. R. Brooks, D. Casanova, J.-D. Chai, C.-L. Cheng, 
 C. Cramer, D. Crittenden, A. Ghysels, G. Hawkins, E. G. Hohenstein, 
 C. Kelley, W. Kurlancheek, D. Liotard, E. Livshits, P. Manohar, 
 A. Marenich, D. Neuhauser, R. Olson, M. A. Rohrdanz, K. S. Thanthiriwatte, 
 A. J. W. Thom, V. Vanovschi, C. F. Williams, Q. Wu and Z.-Q. You. 


 Intel X86 Linux Version

 Q-chem begins on Tue Jun  4 15:44:30 2013  

 Parallel job on  1  processors
Processing $rem in /usr/local/qchem/config/preferences.

theFileMan(): MAXOPENFILES=974 MAX_SUB_FILE_NUM=16
Maximum size of a physical file is 2.0 GB, maximum size of a tmp-file is 32.0 GB


--------------------------------------------------------------
User input:
--------------------------------------------------------------

$molecule
0,1
Li         0.00000        0.00000       -0.02802
H          0.00000        0.00000        1.64909
$end

$comment
neutral
$end

$xc_functional
C PBE   1.00
X wPBE  1.00
$end


$rem
SYMMETRY_DECOMPOSITION	0
LRC_DFT                 true
exchange 		general
BASIS                   g3large
omega			420
mem_static              760
max_scf_cycles          200
scf_final_print         1
sym_ignore              true
$end

--------------------------------------------------------------
 Writing REM_CC_EA            2
 ----------------------------------------------------
       Standard Nuclear Orientation (Angstroms)
    I     Atom         X            Y            Z
 ----------------------------------------------------
    1      Li      0.000000     0.000000    -0.028020
    2      H       0.000000     0.000000     1.649090
 ----------------------------------------------------
 Nuclear Repulsion Energy =     0.9465876612 hartrees
 There are        2 alpha and        2 beta electrons
 Requested basis set is G3large
 There are 16 shells and 52 basis functions

Total QAlloc Memory Limit   2000 MB
Mega-Array Size       743 MB
MEM_STATIC part       760 MB

                       Distance Matrix (Angstroms)
             Li(  1)
   H (  2)  1.677110
 
 A cutoff of  1.0D-08 yielded    136 shell pairs
 There are   1462 function pairs (  1834 Cartesian)
Evaluating contribution to one-electron hamiltonian from nuclear
 Smallest overlap matrix eigenvalue = 4.09E-03
 Multipole matrices computed through 2nd order

  Scale SEOQF with 1.000000e-02/1.000000e-02/1.000000e-02

 Standard Electronic Orientation quadrupole field applied
 Guess from superposition of atomic densities
 Warning:  Energy on first SCF cycle will be non-variational
 Long-range K will be added via erf
 Coulomb attenuation parameter = 0.42 bohr**(-1)
 A restricted Kohn-Sham SCF calculation will be
 performed using Pulay DIIS extrapolation
 Exchange:  wPBE + LR-HF      Correlation:  PBE
 Using SG-1 standard quadrature grid
 SCF converges when DIIS error is below 1.0E-05
 Requested basis set is G3large
 There are 16 shells and 52 basis functions
 A cutoff of  1.0D-08 yielded    136 shell pairs
 There are   1462 function pairs (  1834 Cartesian)
 Warning!  Inaccurate integrated density:
   Number of electrons =     4
   Numerical integral  =     4.012981843575
   Relative error      =     0.3245460894 %
 ---------------------------------------
  Cycle       Energy         DIIS Error
 ---------------------------------------
    1      -7.7615372156      4.92E-03
    2      -8.0305836477      5.89E-03
    3      -8.0487537150      3.34E-03
    4      -8.0596984861      3.63E-04
    5      -8.0600649638      1.39E-04
    6      -8.0601297246      2.15E-05
    7      -8.0601310125      3.78E-06 Convergence criterion met
 ---------------------------------------
 One-Electron    Energy =   -12.3640614827
 Total Coulomb   Energy =     5.5638990529
 Alpha Exchange  Energy =    -0.3876661323
 Beta  Exchange  Energy =    -0.3876661323
 DFT   Exchange  Energy =    -1.3469844390
 DFT Correlation Energy =    -0.0842395401
 Nuclear Repu.   Energy =     0.9465876611
 Nuclear Attr.   Energy =   -20.2999361734
 Kinetic         Energy =     7.9358746907
 SCF time:  CPU 3.36 s  wall 3.68 s
 Final Alpha MO Eigenvalues
            1           2           3           4           5           6
    1  -2.0950523  -0.2998049  -0.0095658   0.0146943   0.0146949   0.0215294
            7
    1   0.0274658
 Analysis of SCF Wavefunction
 
 --------------------------------------------------------------
                    Orbital Energies (a.u.)
 --------------------------------------------------------------
 
 Alpha MOs
 -- Occupied --
 -2.095  -0.300
 -- Virtual --
 -0.010   0.015   0.015   0.022   0.027   0.052   0.052   0.076
  0.134   0.155   0.155   0.160   0.242   0.278   0.278   0.284
  0.284   0.397   0.502   0.543   0.543   0.592   0.592   0.607
  0.607   0.610   0.610   0.632   0.823   1.089   1.089   1.196
  1.277   1.277   1.349   1.349   1.559   2.877   3.660   4.224
  4.224   4.346   6.902   6.902   7.167  20.027  20.053  21.254
 21.257  21.257
 --------------------------------------------------------------
 
          Ground-State Mulliken Net Atomic Charges

     Atom                 Charge (a.u.)
  ----------------------------------------
      1 Li                    0.338560
      2 H                    -0.338560
  ----------------------------------------
  Sum of atomic charges =     0.000000

 -----------------------------------------------------------------
                    Cartesian Multipole Moments
 -----------------------------------------------------------------
    Charge (ESU x 10^10)
                 0.0000
    Dipole Moment (Debye)
         X       0.0000      Y       0.0000      Z      -6.0821
       Tot       6.0821
    Quadrupole Moments (Debye-Ang)
        XX      -5.3814     XY       0.0001     YY      -5.3814
        XZ       0.0000     YZ       0.0000     ZZ     -12.1354
    Octapole Moments (Debye-Ang^2)
       XXX       0.0001    XXY       0.0000    XYY       0.0000
       YYY       0.0000    XXZ      -6.5033    XYZ       0.0000
       YYZ      -6.5033    XZZ       0.0000    YZZ       0.0000
       ZZZ     -27.0721
    Hexadecapole Moments (Debye-Ang^3)
      XXXX     -12.2492   XXXY       0.0001   XXYY      -4.0831
      XYYY       0.0001   YYYY     -12.2492   XXXZ       0.0000
      XXYZ       0.0000   XYYZ       0.0000   YYYZ       0.0000
      XXZZ     -12.4924   XYZZ       0.0001   YYZZ     -12.4924
      XZZZ       0.0000   YZZZ       0.0000   ZZZZ     -71.3742
 -----------------------------------------------------------------
 Total job time:  3.75s(wall), 3.42s(cpu) 
 Tue Jun  4 15:44:33 2013

        *************************************************************
        *                                                           *
        *  Thank you very much for using Q-Chem.  Have a nice day.  *
        *                                                           *
        *************************************************************


0 sent ACK to 0 
now end server 0 ... 
 
**********************************************************************
Job 3 of 3 
**********************************************************************
 
Process 0 of 1 is on cl198.stfx.acenet.ca - thread support 1
initial socket setup ...start
initial socket setup ...done 
now start server 0 ... 

cmd = /usr/bin/ssh clhead /usr/local/qchem/bin/get_hostid 904541052 > /scratch/tmp/6028590.1.medium.q/qchem2562/lic.dat
                  Welcome to Q-Chem
     A Quantum Leap Into The Future Of Chemistry

 Y. Shao, L. Fusti-Molnar, Y. Jung, J. Kussmann, C. Ochsenfeld,
 S. T. Brown, A. T. B. Gilbert, L. V. Slipchenko,S. V. Levchenko,
 D. P. O'Neill, R. A. DiStasio Jr., R. C. Lochan, T. Wang,
 G. J. O. Beran, N. A. Besley, J. M. Herbert, C. Y. Lin,
 T. Van Voorhis, S. H. Chien, A. Sodt, R. P. Steele, 
 V. A. Rassolov, P. E. Maslen, P. P. Korambath, R. D. Adamson,
 B. Austin, J. Baker, E. F. C. Byrd, H. Dachsel, R. J. Doerksen,
 A. Dreuw, B. D. Dunietz, A. D. Dutoi, T. R. Furlani,
 S. R. Gwaltney, A. Heyden, S. Hirata, C.-P. Hsu, G. Kedziora,
 R. Z. Khaliullin, P. Klunzinger, A. M. Lee, M. S. Lee, W. Liang,
 I. Lotan, N. Nair, B. Peters, E. I. Proynov, P. A. Pieniazek, 
 Y. M. Rhee, J. Ritchie, E. Rosta, C. D. Sherrill, 
 A. C. Simmonett, J. E. Subotnik, H. L. Woodcock III,
 W. Zhang, A. T. Bell, A. K. Chakraborty, D. M. Chipman,
 F. J. Keil, A. Warshel, W. J. Hehre, H. F. Schaefer III,
 J. Kong, A. I. Krylov, P. M. W. Gill, M. Head-Gordon,
 Q-Chem, Version 3.1, Q-Chem, Inc., Pittsburgh, PA (2007).

 Additional authors for Version 3.1: 
 Z. Gan, Y. Zhao, N. E. Schultz, D. Truhlar, E. Epifanovsky and M. Oana.

 Additional authors for Version 3.2: 
 R. Baer, B. R. Brooks, D. Casanova, J.-D. Chai, C.-L. Cheng, 
 C. Cramer, D. Crittenden, A. Ghysels, G. Hawkins, E. G. Hohenstein, 
 C. Kelley, W. Kurlancheek, D. Liotard, E. Livshits, P. Manohar, 
 A. Marenich, D. Neuhauser, R. Olson, M. A. Rohrdanz, K. S. Thanthiriwatte, 
 A. J. W. Thom, V. Vanovschi, C. F. Williams, Q. Wu and Z.-Q. You. 


 Intel X86 Linux Version

 Q-chem begins on Tue Jun  4 15:44:36 2013  

 Parallel job on  1  processors
Processing $rem in /usr/local/qchem/config/preferences.

theFileMan(): MAXOPENFILES=974 MAX_SUB_FILE_NUM=16
Maximum size of a physical file is 2.0 GB, maximum size of a tmp-file is 32.0 GB


--------------------------------------------------------------
User input:
--------------------------------------------------------------

$molecule
1,2
Li         0.00000        0.00000       -0.02802
H          0.00000        0.00000        1.64909
$end

$comment
positive
$end

$xc_functional
C PBE   1.00
X wPBE  1.00
$end

$rem
SYMMETRY_DECOMPOSITION	0
LRC_DFT                 true
exchange 		general
BASIS                   g3large
omega			420
mem_static              760
max_scf_cycles          200
scf_final_print         1
sym_ignore              true
$end

--------------------------------------------------------------
 Writing REM_CC_EA            2
 ----------------------------------------------------
       Standard Nuclear Orientation (Angstroms)
    I     Atom         X            Y            Z
 ----------------------------------------------------
    1      Li      0.000000     0.000000    -0.028020
    2      H       0.000000     0.000000     1.649090
 ----------------------------------------------------
 Nuclear Repulsion Energy =     0.9465876612 hartrees
 There are        2 alpha and        1 beta electrons
 Requested basis set is G3large
 There are 16 shells and 52 basis functions

Total QAlloc Memory Limit   2000 MB
Mega-Array Size       743 MB
MEM_STATIC part       760 MB

                       Distance Matrix (Angstroms)
             Li(  1)
   H (  2)  1.677110
 
 A cutoff of  1.0D-08 yielded    136 shell pairs
 There are   1462 function pairs (  1834 Cartesian)
Evaluating contribution to one-electron hamiltonian from nuclear
 Smallest overlap matrix eigenvalue = 4.09E-03
 Multipole matrices computed through 2nd order

  Scale SEOQF with 1.000000e-02/1.000000e-02/1.000000e-02

 Standard Electronic Orientation quadrupole field applied
 Guess from superposition of atomic densities
 Warning:  Energy on first SCF cycle will be non-variational
 Long-range K will be added via erf
 Coulomb attenuation parameter = 0.42 bohr**(-1)
 An unrestricted Kohn-Sham SCF calculation will be
 performed using Pulay DIIS extrapolation
 Exchange:  wPBE + LR-HF      Correlation:  PBE
 Using SG-1 standard quadrature grid
 SCF converges when DIIS error is below 1.0E-05
 Requested basis set is G3large
 There are 16 shells and 52 basis functions
 A cutoff of  1.0D-08 yielded    136 shell pairs
 There are   1462 function pairs (  1834 Cartesian)
 Warning!  Inaccurate integrated density:
   Number of electrons =     3
   Numerical integral  =     4.012981843575
   Relative error      =    33.7660614525 %
 ---------------------------------------
  Cycle       Energy         DIIS Error
 ---------------------------------------
    1      -7.7615372156      4.92E-03
    2      -7.7577213540      2.22E-03
    3      -7.7666766777      7.50E-04
    4      -7.7678601713      5.25E-05
    5      -7.7678650956      1.06E-05
    6      -7.7678653659      1.99E-06 Convergence criterion met
 ---------------------------------------
 One-Electron    Energy =   -10.9937552741
 Total Coulomb   Energy =     4.2847368005
 Alpha Exchange  Energy =    -0.4121229811
 Beta  Exchange  Energy =    -0.2254192303
 DFT   Exchange  Energy =    -1.3162643803
 DFT Correlation Energy =    -0.0516279618
 Nuclear Repu.   Energy =     0.9465876611
 Nuclear Attr.   Energy =   -18.7529324804
 Kinetic         Energy =     7.7591772063
 <S^2> = 0.7500
 SCF time:  CPU 3.07 s  wall 3.34 s
 Final Alpha MO Eigenvalues
            1           2           3           4           5           6
    1  -2.4211208  -0.7608265  -0.1759889  -0.1372787  -0.1372766  -0.0859264
            7
    1  -0.0697645
 Final Beta MO Eigenvalues
            1           2           3           4           5           6
    1  -2.4183694  -0.2071800  -0.1429528  -0.1280833  -0.1280784  -0.0764814
 Analysis of SCF Wavefunction
 
 --------------------------------------------------------------
                    Orbital Energies (a.u.)
 --------------------------------------------------------------
 
 Alpha MOs
 -- Occupied --
 -2.421  -0.761
 -- Virtual --
 -0.176  -0.137  -0.137  -0.086  -0.070  -0.058  -0.058  -0.053
 -0.027  -0.006  -0.006  -0.006   0.034   0.056   0.056   0.081
  0.081   0.194   0.233   0.297   0.297   0.339   0.351   0.351
  0.386   0.386   0.396   0.396   0.571   0.754   0.754   0.857
  1.009   1.010   1.047   1.047   1.244   2.389   3.319   3.714
  3.714   3.857   6.580   6.580   6.840  19.702  19.725  20.927
 20.929  20.929
 
 Beta MOs
 -- Occupied --
 -2.418
 -- Virtual --
 -0.207  -0.143  -0.128  -0.128  -0.076  -0.061  -0.057  -0.057
 -0.037  -0.013  -0.005  -0.002  -0.002   0.081   0.081   0.084
  0.084   0.110   0.206   0.285   0.299   0.299   0.392   0.392
  0.396   0.396   0.398   0.398   0.479   0.667   0.899   0.900
  1.010   1.011   1.065   1.144   1.145   1.325   2.900   3.383
  4.264   4.264   4.465   6.582   6.582   6.847  19.705  19.729
 20.928  20.930  20.930
 --------------------------------------------------------------
 
          Ground-State Mulliken Net Atomic Charges

     Atom                 Charge (a.u.)    Spin (a.u.)
  --------------------------------------------------------
      1 Li                    0.817947       0.178887
      2 H                     0.182053       0.821113
  --------------------------------------------------------
  Sum of atomic charges =     1.000000
  Sum of spin   charges =     1.000000

 -----------------------------------------------------------------
                    Cartesian Multipole Moments
 -----------------------------------------------------------------
    Charge (ESU x 10^10)
                 4.8032
    Dipole Moment (Debye)
         X       0.0000      Y       0.0000      Z       0.4609
       Tot       0.4609
    Quadrupole Moments (Debye-Ang)
        XX      -1.6563     XY       0.0000     YY      -1.6563
        XZ       0.0000     YZ       0.0000     ZZ       0.2140
    Octapole Moments (Debye-Ang^2)
       XXX       0.0000    XXY       0.0000    XYY       0.0000
       YYY       0.0000    XXZ      -1.8357    XYZ       0.0000
       YYZ      -1.8357    XZZ       0.0000    YZZ       0.0000
       ZZZ      -1.1316
    Hexadecapole Moments (Debye-Ang^3)
      XXXX      -1.6949   XXXY       0.0000   XXYY      -0.5650
      XYYY       0.0000   YYYY      -1.6949   XXXZ       0.0000
      XXYZ       0.0000   XYYZ       0.0000   YYYZ       0.0000
      XXZZ      -3.2779   XYZZ       0.0000   YYZZ      -3.2778
      XZZZ       0.0000   YZZZ       0.0000   ZZZZ      -8.9741
 -----------------------------------------------------------------
 Total job time:  3.41s(wall), 3.13s(cpu) 
 Tue Jun  4 15:44:39 2013

        *************************************************************
        *                                                           *
        *  Thank you very much for using Q-Chem.  Have a nice day.  *
        *                                                           *
        *************************************************************


0 sent ACK to 0 
now end server 0 ... 
