Process 0 of 1 is on cl243.stfx.acenet.ca - thread support 1
initial socket setup ...start
initial socket setup ...done 
now start server 0 ... 

cmd = /usr/bin/ssh clhead /usr/local/qchem/bin/get_hostid 1406375990 > /scratch/tmp/6028456.1.long.q/qchem2360/lic.dat
                  Welcome to Q-Chem
     A Quantum Leap Into The Future Of Chemistry

 Y. Shao, L. Fusti-Molnar, Y. Jung, J. Kussmann, C. Ochsenfeld,
 S. T. Brown, A. T. B. Gilbert, L. V. Slipchenko,S. V. Levchenko,
 D. P. O'Neill, R. A. DiStasio Jr., R. C. Lochan, T. Wang,
 G. J. O. Beran, N. A. Besley, J. M. Herbert, C. Y. Lin,
 T. Van Voorhis, S. H. Chien, A. Sodt, R. P. Steele, 
 V. A. Rassolov, P. E. Maslen, P. P. Korambath, R. D. Adamson,
 B. Austin, J. Baker, E. F. C. Byrd, H. Dachsel, R. J. Doerksen,
 A. Dreuw, B. D. Dunietz, A. D. Dutoi, T. R. Furlani,
 S. R. Gwaltney, A. Heyden, S. Hirata, C.-P. Hsu, G. Kedziora,
 R. Z. Khaliullin, P. Klunzinger, A. M. Lee, M. S. Lee, W. Liang,
 I. Lotan, N. Nair, B. Peters, E. I. Proynov, P. A. Pieniazek, 
 Y. M. Rhee, J. Ritchie, E. Rosta, C. D. Sherrill, 
 A. C. Simmonett, J. E. Subotnik, H. L. Woodcock III,
 W. Zhang, A. T. Bell, A. K. Chakraborty, D. M. Chipman,
 F. J. Keil, A. Warshel, W. J. Hehre, H. F. Schaefer III,
 J. Kong, A. I. Krylov, P. M. W. Gill, M. Head-Gordon,
 Q-Chem, Version 3.1, Q-Chem, Inc., Pittsburgh, PA (2007).

 Additional authors for Version 3.1: 
 Z. Gan, Y. Zhao, N. E. Schultz, D. Truhlar, E. Epifanovsky and M. Oana.

 Additional authors for Version 3.2: 
 R. Baer, B. R. Brooks, D. Casanova, J.-D. Chai, C.-L. Cheng, 
 C. Cramer, D. Crittenden, A. Ghysels, G. Hawkins, E. G. Hohenstein, 
 C. Kelley, W. Kurlancheek, D. Liotard, E. Livshits, P. Manohar, 
 A. Marenich, D. Neuhauser, R. Olson, M. A. Rohrdanz, K. S. Thanthiriwatte, 
 A. J. W. Thom, V. Vanovschi, C. F. Williams, Q. Wu and Z.-Q. You. 


 Intel X86 Linux Version

 Q-chem begins on Tue Jun  4 15:32:20 2013  

 Parallel job on  1  processors
Processing $rem in /usr/local/qchem/config/preferences.

theFileMan(): MAXOPENFILES=974 MAX_SUB_FILE_NUM=16
Maximum size of a physical file is 2.0 GB, maximum size of a tmp-file is 32.0 GB


--------------------------------------------------------------
User input:
--------------------------------------------------------------

$molecule
-1,2
Li         0.00000        0.00000       -0.02802
H          0.00000        0.00000        1.64909
$end

$comment
negative
$end

$xc_functional
C PBE   1.00
X wPBE  1.00
$end

$rem
SYMMETRY_DECOMPOSITION	0
exchange 		general
LRC_DFT                 true
BASIS                   g3large
omega			600
mem_static              760
max_scf_cycles          200
scf_final_print         1
sym_ignore              true
$end

--------------------------------------------------------------
 Writing REM_CC_EA            2
 ----------------------------------------------------
       Standard Nuclear Orientation (Angstroms)
    I     Atom         X            Y            Z
 ----------------------------------------------------
    1      Li      0.000000     0.000000    -0.028020
    2      H       0.000000     0.000000     1.649090
 ----------------------------------------------------
 Nuclear Repulsion Energy =     0.9465876612 hartrees
 There are        3 alpha and        2 beta electrons
 Requested basis set is G3large
 There are 16 shells and 52 basis functions

Total QAlloc Memory Limit   2000 MB
Mega-Array Size       743 MB
MEM_STATIC part       760 MB

                       Distance Matrix (Angstroms)
             Li(  1)
   H (  2)  1.677110
 
 A cutoff of  1.0D-08 yielded    136 shell pairs
 There are   1462 function pairs (  1834 Cartesian)
Evaluating contribution to one-electron hamiltonian from nuclear
 Smallest overlap matrix eigenvalue = 4.09E-03
 Multipole matrices computed through 2nd order

  Scale SEOQF with 1.000000e-02/1.000000e-02/1.000000e-02

 Standard Electronic Orientation quadrupole field applied
 Guess from superposition of atomic densities
 Warning:  Energy on first SCF cycle will be non-variational
 Long-range K will be added via erf
 Coulomb attenuation parameter = 0.6 bohr**(-1)
 An unrestricted Kohn-Sham SCF calculation will be
 performed using Pulay DIIS extrapolation
 Exchange:  wPBE + LR-HF      Correlation:  PBE
 Using SG-1 standard quadrature grid
 SCF converges when DIIS error is below 1.0E-05
 Requested basis set is G3large
 There are 16 shells and 52 basis functions
 A cutoff of  1.0D-08 yielded    136 shell pairs
 There are   1462 function pairs (  1834 Cartesian)
 Warning!  Inaccurate integrated density:
   Number of electrons =     5
   Numerical integral  =     4.012981843575
   Relative error      =   -19.7403631285 %
 ---------------------------------------
  Cycle       Energy         DIIS Error
 ---------------------------------------
    1      -7.7582007174      5.10E-03
    2      -7.9953804206      5.79E-03
    3      -8.0255060031      3.13E-03
    4      -8.0477483373      5.54E-04
 Warning!  Inaccurate integrated density:
   Number of electrons =     5
   Numerical integral  =     4.992262994833
   Relative error      =    -0.1547401033 %
    5      -8.0531230987      4.05E-04
 Warning!  Inaccurate integrated density:
   Number of electrons =     5
   Numerical integral  =     4.989451884970
   Relative error      =    -0.2109623006 %
    6      -8.0585007886      3.23E-04
 Warning!  Inaccurate integrated density:
   Number of electrons =     5
   Numerical integral  =     4.990330101785
   Relative error      =    -0.1933979643 %
    7      -8.0622897015      3.62E-04
 Warning!  Inaccurate integrated density:
   Number of electrons =     5
   Numerical integral  =     4.987535434105
   Relative error      =    -0.2492913179 %
    8      -8.0568015577      2.32E-04
 Warning!  Inaccurate integrated density:
   Number of electrons =     5
   Numerical integral  =     4.986076978213
   Relative error      =    -0.2784604357 %
    9      -8.0557872141      1.44E-04
 Warning!  Inaccurate integrated density:
   Number of electrons =     5
   Numerical integral  =     4.983961886842
   Relative error      =    -0.3207622632 %
   10      -8.0558426016      3.79E-05
 Warning!  Inaccurate integrated density:
   Number of electrons =     5
   Numerical integral  =     4.983480066187
   Relative error      =    -0.3303986763 %
   11      -8.0558703134      1.31E-05
 Warning!  Inaccurate integrated density:
   Number of electrons =     5
   Numerical integral  =     4.983489194625
   Relative error      =    -0.3302161075 %
   12      -8.0558751208      7.25E-06 Convergence criterion met
 ---------------------------------------
 One-Electron    Energy =   -12.7086893948
 Total Coulomb   Energy =     5.9653267744
 Alpha Exchange  Energy =    -0.5355168233
 Beta  Exchange  Energy =    -0.4982515147
 DFT   Exchange  Energy =    -1.1364564009
 DFT Correlation Energy =    -0.0888754227
 Nuclear Repu.   Energy =     0.9465876611
 Nuclear Attr.   Energy =   -20.6582107321
 Kinetic         Energy =     7.9495213373
 <S^2> = 0.7502
 SCF time:  CPU 6.92 s  wall 7.45 s
 Final Alpha MO Eigenvalues
            1           2           3           4           5           6
    1  -2.0856060  -0.2244450   0.0091026   0.0532537   0.0729989   0.0808079
            7           8
    1   0.0920871   0.1196142
 Final Beta MO Eigenvalues
            1           2           3           4           5           6
    1  -2.0854835  -0.2261612   0.0683660   0.0816271   0.0898335   0.0901623
            7
    1   0.1028204
 Analysis of SCF Wavefunction
 
 --------------------------------------------------------------
                    Orbital Energies (a.u.)
 --------------------------------------------------------------
 
 Alpha MOs
 -- Occupied --
 -2.086  -0.224   0.009
 -- Virtual --
  0.053   0.073   0.081   0.092   0.120   0.128   0.148   0.215
  0.238   0.239   0.240   0.329   0.366   0.366   0.370   0.372
  0.485   0.603   0.647   0.649   0.684   0.685   0.699   0.699
  0.702   0.703   0.729   0.924   1.198   1.199   1.310   1.382
  1.383   1.460   1.461   1.674   3.029   3.818   4.376   4.376
  4.499   7.070   7.070   7.334  20.266  20.292  21.391  21.395
 21.395
 
 Beta MOs
 -- Occupied --
 -2.085  -0.226
 -- Virtual --
  0.068   0.082   0.090   0.090   0.103   0.128   0.129   0.146
  0.215   0.236   0.238   0.240   0.328   0.366   0.366   0.370
  0.371   0.483   0.603   0.647   0.648   0.684   0.684   0.697
  0.698   0.701   0.701   0.728   0.922   1.197   1.198   1.309
  1.382   1.382   1.460   1.460   1.673   3.027   3.818   4.374
  4.375   4.497   7.070   7.070   7.334  20.266  20.292  21.391
 21.395  21.395
 --------------------------------------------------------------
 
          Ground-State Mulliken Net Atomic Charges

     Atom                 Charge (a.u.)    Spin (a.u.)
  --------------------------------------------------------
      1 Li                   -0.634599       1.014546
      2 H                    -0.365401      -0.014546
  --------------------------------------------------------
  Sum of atomic charges =    -1.000000
  Sum of spin   charges =     1.000000

 -----------------------------------------------------------------
                    Cartesian Multipole Moments
 -----------------------------------------------------------------
    Charge (ESU x 10^10)
                -4.8032
    Dipole Moment (Debye)
         X      -0.2071      Y      -0.2070      Z      -6.0338
       Tot       6.0409
    Quadrupole Moments (Debye-Ang)
        XX    -100.0231     XY     -47.3175     YY     -99.9802
        XZ       0.8003     YZ       0.7999     ZZ     -59.8962
    Octapole Moments (Debye-Ang^2)
       XXX      -8.5467    XXY      -2.8480    XYY      -2.8493
       YYY      -8.5428    XXZ      -3.6962    XYZ       1.4265
       YYZ      -3.6975    XZZ      -2.8693    YZZ      -2.8680
       ZZZ     -23.7067
    Hexadecapole Moments (Debye-Ang^3)
      XXXX   -4181.9098   XXXY   -1389.1852   XXYY   -1393.5501
      XYYY   -1389.1852   YYYY   -4179.3992   XXXZ      26.9235
      XXYZ       8.9704   XYYZ       8.9745   YYYZ      26.9114
      XXZZ    -939.5949   XYZZ    -463.1012   YYZZ    -939.1764
      XZZZ      26.9487   YZZZ      26.9366   ZZZZ   -1465.4182
 -----------------------------------------------------------------
 Total job time:  7.52s(wall), 6.98s(cpu) 
 Tue Jun  4 15:32:27 2013

        *************************************************************
        *                                                           *
        *  Thank you very much for using Q-Chem.  Have a nice day.  *
        *                                                           *
        *************************************************************


0 sent ACK to 0 
now end server 0 ... 
 
**********************************************************************
Job 2 of 3 
**********************************************************************
 
Process 0 of 1 is on cl243.stfx.acenet.ca - thread support 1
initial socket setup ...start
initial socket setup ...done 
now start server 0 ... 

cmd = /usr/bin/ssh clhead /usr/local/qchem/bin/get_hostid 1590938727 > /scratch/tmp/6028456.1.long.q/qchem2360/lic.dat
                  Welcome to Q-Chem
     A Quantum Leap Into The Future Of Chemistry

 Y. Shao, L. Fusti-Molnar, Y. Jung, J. Kussmann, C. Ochsenfeld,
 S. T. Brown, A. T. B. Gilbert, L. V. Slipchenko,S. V. Levchenko,
 D. P. O'Neill, R. A. DiStasio Jr., R. C. Lochan, T. Wang,
 G. J. O. Beran, N. A. Besley, J. M. Herbert, C. Y. Lin,
 T. Van Voorhis, S. H. Chien, A. Sodt, R. P. Steele, 
 V. A. Rassolov, P. E. Maslen, P. P. Korambath, R. D. Adamson,
 B. Austin, J. Baker, E. F. C. Byrd, H. Dachsel, R. J. Doerksen,
 A. Dreuw, B. D. Dunietz, A. D. Dutoi, T. R. Furlani,
 S. R. Gwaltney, A. Heyden, S. Hirata, C.-P. Hsu, G. Kedziora,
 R. Z. Khaliullin, P. Klunzinger, A. M. Lee, M. S. Lee, W. Liang,
 I. Lotan, N. Nair, B. Peters, E. I. Proynov, P. A. Pieniazek, 
 Y. M. Rhee, J. Ritchie, E. Rosta, C. D. Sherrill, 
 A. C. Simmonett, J. E. Subotnik, H. L. Woodcock III,
 W. Zhang, A. T. Bell, A. K. Chakraborty, D. M. Chipman,
 F. J. Keil, A. Warshel, W. J. Hehre, H. F. Schaefer III,
 J. Kong, A. I. Krylov, P. M. W. Gill, M. Head-Gordon,
 Q-Chem, Version 3.1, Q-Chem, Inc., Pittsburgh, PA (2007).

 Additional authors for Version 3.1: 
 Z. Gan, Y. Zhao, N. E. Schultz, D. Truhlar, E. Epifanovsky and M. Oana.

 Additional authors for Version 3.2: 
 R. Baer, B. R. Brooks, D. Casanova, J.-D. Chai, C.-L. Cheng, 
 C. Cramer, D. Crittenden, A. Ghysels, G. Hawkins, E. G. Hohenstein, 
 C. Kelley, W. Kurlancheek, D. Liotard, E. Livshits, P. Manohar, 
 A. Marenich, D. Neuhauser, R. Olson, M. A. Rohrdanz, K. S. Thanthiriwatte, 
 A. J. W. Thom, V. Vanovschi, C. F. Williams, Q. Wu and Z.-Q. You. 


 Intel X86 Linux Version

 Q-chem begins on Tue Jun  4 15:32:30 2013  

 Parallel job on  1  processors
Processing $rem in /usr/local/qchem/config/preferences.

theFileMan(): MAXOPENFILES=974 MAX_SUB_FILE_NUM=16
Maximum size of a physical file is 2.0 GB, maximum size of a tmp-file is 32.0 GB


--------------------------------------------------------------
User input:
--------------------------------------------------------------

$molecule
0,1
Li         0.00000        0.00000       -0.02802
H          0.00000        0.00000        1.64909
$end

$comment
neutral
$end

$xc_functional
C PBE   1.00
X wPBE  1.00
$end


$rem
SYMMETRY_DECOMPOSITION	0
LRC_DFT                 true
exchange 		general
BASIS                   g3large
omega			600
mem_static              760
max_scf_cycles          200
scf_final_print         1
sym_ignore              true
$end

--------------------------------------------------------------
 Writing REM_CC_EA            2
 ----------------------------------------------------
       Standard Nuclear Orientation (Angstroms)
    I     Atom         X            Y            Z
 ----------------------------------------------------
    1      Li      0.000000     0.000000    -0.028020
    2      H       0.000000     0.000000     1.649090
 ----------------------------------------------------
 Nuclear Repulsion Energy =     0.9465876612 hartrees
 There are        2 alpha and        2 beta electrons
 Requested basis set is G3large
 There are 16 shells and 52 basis functions

Total QAlloc Memory Limit   2000 MB
Mega-Array Size       743 MB
MEM_STATIC part       760 MB

                       Distance Matrix (Angstroms)
             Li(  1)
   H (  2)  1.677110
 
 A cutoff of  1.0D-08 yielded    136 shell pairs
 There are   1462 function pairs (  1834 Cartesian)
Evaluating contribution to one-electron hamiltonian from nuclear
 Smallest overlap matrix eigenvalue = 4.09E-03
 Multipole matrices computed through 2nd order

  Scale SEOQF with 1.000000e-02/1.000000e-02/1.000000e-02

 Standard Electronic Orientation quadrupole field applied
 Guess from superposition of atomic densities
 Warning:  Energy on first SCF cycle will be non-variational
 Long-range K will be added via erf
 Coulomb attenuation parameter = 0.6 bohr**(-1)
 A restricted Kohn-Sham SCF calculation will be
 performed using Pulay DIIS extrapolation
 Exchange:  wPBE + LR-HF      Correlation:  PBE
 Using SG-1 standard quadrature grid
 SCF converges when DIIS error is below 1.0E-05
 Requested basis set is G3large
 There are 16 shells and 52 basis functions
 A cutoff of  1.0D-08 yielded    136 shell pairs
 There are   1462 function pairs (  1834 Cartesian)
 Warning!  Inaccurate integrated density:
   Number of electrons =     4
   Numerical integral  =     4.012981843575
   Relative error      =     0.3245460894 %
 ---------------------------------------
  Cycle       Energy         DIIS Error
 ---------------------------------------
    1      -7.7582007174      5.10E-03
    2      -8.0425384076      5.29E-03
    3      -8.0586435017      2.73E-03
    4      -8.0662500132      3.14E-04
    5      -8.0665153998      1.10E-04
    6      -8.0665555392      1.40E-05
    7      -8.0665559629      2.33E-06 Convergence criterion met
 ---------------------------------------
 One-Electron    Energy =   -12.3689858495
 Total Coulomb   Energy =     5.5730535261
 Alpha Exchange  Energy =    -0.4979428381
 Beta  Exchange  Energy =    -0.4979428381
 DFT   Exchange  Energy =    -1.1366339420
 DFT Correlation Energy =    -0.0846916824
 Nuclear Repu.   Energy =     0.9465876611
 Nuclear Attr.   Energy =   -20.3039964396
 Kinetic         Energy =     7.9350105901
 SCF time:  CPU 3.63 s  wall 3.91 s
 Final Alpha MO Eigenvalues
            1           2           3           4           5           6
    1  -2.1753687  -0.3125746  -0.0092704   0.0147563   0.0147564   0.0219163
            7
    1   0.0277340
 Analysis of SCF Wavefunction
 
 --------------------------------------------------------------
                    Orbital Energies (a.u.)
 --------------------------------------------------------------
 
 Alpha MOs
 -- Occupied --
 -2.175  -0.313
 -- Virtual --
 -0.009   0.015   0.015   0.022   0.028   0.053   0.053   0.076
  0.136   0.158   0.158   0.162   0.245   0.281   0.281   0.285
  0.285   0.400   0.516   0.560   0.560   0.597   0.597   0.610
  0.610   0.615   0.615   0.644   0.836   1.111   1.111   1.222
  1.292   1.292   1.371   1.371   1.586   2.942   3.728   4.289
  4.289   4.411   6.980   6.980   7.244  20.176  20.202  21.301
 21.305  21.305
 --------------------------------------------------------------
 
          Ground-State Mulliken Net Atomic Charges

     Atom                 Charge (a.u.)
  ----------------------------------------
      1 Li                    0.356629
      2 H                    -0.356629
  ----------------------------------------
  Sum of atomic charges =     0.000000

 -----------------------------------------------------------------
                    Cartesian Multipole Moments
 -----------------------------------------------------------------
    Charge (ESU x 10^10)
                 0.0000
    Dipole Moment (Debye)
         X       0.0000      Y       0.0000      Z      -6.1808
       Tot       6.1808
    Quadrupole Moments (Debye-Ang)
        XX      -5.2342     XY       0.0000     YY      -5.2342
        XZ       0.0000     YZ       0.0000     ZZ     -12.2541
    Octapole Moments (Debye-Ang^2)
       XXX       0.0000    XXY       0.0000    XYY       0.0000
       YYY       0.0000    XXZ      -6.4239    XYZ       0.0000
       YYZ      -6.4239    XZZ       0.0000    YZZ       0.0000
       ZZZ     -27.2801
    Hexadecapole Moments (Debye-Ang^3)
      XXXX     -11.3920   XXXY       0.0001   XXYY      -3.7973
      XYYY       0.0001   YYYY     -11.3920   XXXZ       0.0000
      XXYZ       0.0000   XYYZ       0.0000   YYYZ       0.0000
      XXZZ     -12.2157   XYZZ       0.0001   YYZZ     -12.2157
      XZZZ       0.0000   YZZZ       0.0000   ZZZZ     -71.2541
 -----------------------------------------------------------------
 Total job time:  3.97s(wall), 3.69s(cpu) 
 Tue Jun  4 15:32:34 2013

        *************************************************************
        *                                                           *
        *  Thank you very much for using Q-Chem.  Have a nice day.  *
        *                                                           *
        *************************************************************


0 sent ACK to 0 
now end server 0 ... 
 
**********************************************************************
Job 3 of 3 
**********************************************************************
 
Process 0 of 1 is on cl243.stfx.acenet.ca - thread support 1
initial socket setup ...start
initial socket setup ...done 
now start server 0 ... 

cmd = /usr/bin/ssh clhead /usr/local/qchem/bin/get_hostid 1615707186 > /scratch/tmp/6028456.1.long.q/qchem2360/lic.dat
                  Welcome to Q-Chem
     A Quantum Leap Into The Future Of Chemistry

 Y. Shao, L. Fusti-Molnar, Y. Jung, J. Kussmann, C. Ochsenfeld,
 S. T. Brown, A. T. B. Gilbert, L. V. Slipchenko,S. V. Levchenko,
 D. P. O'Neill, R. A. DiStasio Jr., R. C. Lochan, T. Wang,
 G. J. O. Beran, N. A. Besley, J. M. Herbert, C. Y. Lin,
 T. Van Voorhis, S. H. Chien, A. Sodt, R. P. Steele, 
 V. A. Rassolov, P. E. Maslen, P. P. Korambath, R. D. Adamson,
 B. Austin, J. Baker, E. F. C. Byrd, H. Dachsel, R. J. Doerksen,
 A. Dreuw, B. D. Dunietz, A. D. Dutoi, T. R. Furlani,
 S. R. Gwaltney, A. Heyden, S. Hirata, C.-P. Hsu, G. Kedziora,
 R. Z. Khaliullin, P. Klunzinger, A. M. Lee, M. S. Lee, W. Liang,
 I. Lotan, N. Nair, B. Peters, E. I. Proynov, P. A. Pieniazek, 
 Y. M. Rhee, J. Ritchie, E. Rosta, C. D. Sherrill, 
 A. C. Simmonett, J. E. Subotnik, H. L. Woodcock III,
 W. Zhang, A. T. Bell, A. K. Chakraborty, D. M. Chipman,
 F. J. Keil, A. Warshel, W. J. Hehre, H. F. Schaefer III,
 J. Kong, A. I. Krylov, P. M. W. Gill, M. Head-Gordon,
 Q-Chem, Version 3.1, Q-Chem, Inc., Pittsburgh, PA (2007).

 Additional authors for Version 3.1: 
 Z. Gan, Y. Zhao, N. E. Schultz, D. Truhlar, E. Epifanovsky and M. Oana.

 Additional authors for Version 3.2: 
 R. Baer, B. R. Brooks, D. Casanova, J.-D. Chai, C.-L. Cheng, 
 C. Cramer, D. Crittenden, A. Ghysels, G. Hawkins, E. G. Hohenstein, 
 C. Kelley, W. Kurlancheek, D. Liotard, E. Livshits, P. Manohar, 
 A. Marenich, D. Neuhauser, R. Olson, M. A. Rohrdanz, K. S. Thanthiriwatte, 
 A. J. W. Thom, V. Vanovschi, C. F. Williams, Q. Wu and Z.-Q. You. 


 Intel X86 Linux Version

 Q-chem begins on Tue Jun  4 15:32:36 2013  

 Parallel job on  1  processors
Processing $rem in /usr/local/qchem/config/preferences.

theFileMan(): MAXOPENFILES=974 MAX_SUB_FILE_NUM=16
Maximum size of a physical file is 2.0 GB, maximum size of a tmp-file is 32.0 GB


--------------------------------------------------------------
User input:
--------------------------------------------------------------

$molecule
1,2
Li         0.00000        0.00000       -0.02802
H          0.00000        0.00000        1.64909
$end

$comment
positive
$end

$xc_functional
C PBE   1.00
X wPBE  1.00
$end

$rem
SYMMETRY_DECOMPOSITION	0
LRC_DFT                 true
exchange 		general
BASIS                   g3large
omega			600
mem_static              760
max_scf_cycles          200
scf_final_print         1
sym_ignore              true
$end

--------------------------------------------------------------
 Writing REM_CC_EA            2
 ----------------------------------------------------
       Standard Nuclear Orientation (Angstroms)
    I     Atom         X            Y            Z
 ----------------------------------------------------
    1      Li      0.000000     0.000000    -0.028020
    2      H       0.000000     0.000000     1.649090
 ----------------------------------------------------
 Nuclear Repulsion Energy =     0.9465876612 hartrees
 There are        2 alpha and        1 beta electrons
 Requested basis set is G3large
 There are 16 shells and 52 basis functions

Total QAlloc Memory Limit   2000 MB
Mega-Array Size       743 MB
MEM_STATIC part       760 MB

                       Distance Matrix (Angstroms)
             Li(  1)
   H (  2)  1.677110
 
 A cutoff of  1.0D-08 yielded    136 shell pairs
 There are   1462 function pairs (  1834 Cartesian)
Evaluating contribution to one-electron hamiltonian from nuclear
 Smallest overlap matrix eigenvalue = 4.09E-03
 Multipole matrices computed through 2nd order

  Scale SEOQF with 1.000000e-02/1.000000e-02/1.000000e-02

 Standard Electronic Orientation quadrupole field applied
 Guess from superposition of atomic densities
 Warning:  Energy on first SCF cycle will be non-variational
 Long-range K will be added via erf
 Coulomb attenuation parameter = 0.6 bohr**(-1)
 An unrestricted Kohn-Sham SCF calculation will be
 performed using Pulay DIIS extrapolation
 Exchange:  wPBE + LR-HF      Correlation:  PBE
 Using SG-1 standard quadrature grid
 SCF converges when DIIS error is below 1.0E-05
 Requested basis set is G3large
 There are 16 shells and 52 basis functions
 A cutoff of  1.0D-08 yielded    136 shell pairs
 There are   1462 function pairs (  1834 Cartesian)
 Warning!  Inaccurate integrated density:
   Number of electrons =     3
   Numerical integral  =     4.012981843575
   Relative error      =    33.7660614525 %
 ---------------------------------------
  Cycle       Energy         DIIS Error
 ---------------------------------------
    1      -7.7582007174      5.10E-03
    2      -7.7642625320      2.48E-03
    3      -7.7750592025      9.82E-04
    4      -7.7770384164      6.34E-05
    5      -7.7770452229      1.04E-05
    6      -7.7770454763      2.13E-06 Convergence criterion met
 ---------------------------------------
 One-Electron    Energy =   -10.9933859664
 Total Coulomb   Energy =     4.2862483628
 Alpha Exchange  Energy =    -0.5365243096
 Beta  Exchange  Energy =    -0.3077334036
 DFT   Exchange  Energy =    -1.1205562334
 DFT Correlation Energy =    -0.0516815872
 Nuclear Repu.   Energy =     0.9465876611
 Nuclear Attr.   Energy =   -18.7543788935
 Kinetic         Energy =     7.7609929271
 <S^2> = 0.7500
 SCF time:  CPU 3.42 s  wall 3.67 s
 Final Alpha MO Eigenvalues
            1           2           3           4           5           6
    1  -2.5019158  -0.7910111  -0.1735674  -0.1347200  -0.1347189  -0.0855919
            7
    1  -0.0690592
 Final Beta MO Eigenvalues
            1           2           3           4           5           6
    1  -2.4990704  -0.2047392  -0.1413213  -0.1263534  -0.1263501  -0.0757686
 Analysis of SCF Wavefunction
 
 --------------------------------------------------------------
                    Orbital Energies (a.u.)
 --------------------------------------------------------------
 
 Alpha MOs
 -- Occupied --
 -2.502  -0.791
 -- Virtual --
 -0.174  -0.135  -0.135  -0.086  -0.069  -0.058  -0.058  -0.052
 -0.026  -0.004  -0.004  -0.004   0.036   0.058   0.058   0.082
  0.082   0.196   0.245   0.312   0.312   0.348   0.356   0.356
  0.388   0.388   0.397   0.397   0.578   0.771   0.771   0.881
  1.023   1.024   1.065   1.065   1.268   2.448   3.386   3.777
  3.777   3.921   6.658   6.658   6.917  19.850  19.874  20.974
 20.976  20.976
 
 Beta MOs
 -- Occupied --
 -2.499
 -- Virtual --
 -0.205  -0.141  -0.126  -0.126  -0.076  -0.060  -0.056  -0.056
 -0.037  -0.012  -0.003  -0.001  -0.001   0.081   0.081   0.085
  0.085   0.109   0.207   0.292   0.314   0.314   0.392   0.392
  0.396   0.396   0.398   0.398   0.480   0.670   0.902   0.902
  1.024   1.025   1.052   1.144   1.144   1.335   2.907   3.446
  4.266   4.266   4.433   6.659   6.659   6.923  19.853  19.877
 20.975  20.977  20.977
 --------------------------------------------------------------
 
          Ground-State Mulliken Net Atomic Charges

     Atom                 Charge (a.u.)    Spin (a.u.)
  --------------------------------------------------------
      1 Li                    0.824902       0.172133
      2 H                     0.175098       0.827867
  --------------------------------------------------------
  Sum of atomic charges =     1.000000
  Sum of spin   charges =     1.000000

 -----------------------------------------------------------------
                    Cartesian Multipole Moments
 -----------------------------------------------------------------
    Charge (ESU x 10^10)
                 4.8032
    Dipole Moment (Debye)
         X       0.0000      Y       0.0000      Z       0.4433
       Tot       0.4433
    Quadrupole Moments (Debye-Ang)
        XX      -1.6314     XY       0.0000     YY      -1.6314
        XZ       0.0000     YZ       0.0000     ZZ       0.1845
    Octapole Moments (Debye-Ang^2)
       XXX       0.0000    XXY       0.0000    XYY       0.0000
       YYY       0.0000    XXZ      -1.8100    XYZ       0.0000
       YYZ      -1.8100    XZZ       0.0000    YZZ       0.0000
       ZZZ      -1.1694
    Hexadecapole Moments (Debye-Ang^3)
      XXXX      -1.6151   XXXY       0.0000   XXYY      -0.5384
      XYYY       0.0000   YYYY      -1.6151   XXXZ       0.0000
      XXYZ       0.0000   XYYZ       0.0000   YYYZ       0.0000
      XXZZ      -3.2287   XYZZ       0.0000   YYZZ      -3.2287
      XZZZ       0.0000   YZZZ       0.0000   ZZZZ      -8.9659
 -----------------------------------------------------------------
 Total job time:  3.74s(wall), 3.48s(cpu) 
 Tue Jun  4 15:32:40 2013

        *************************************************************
        *                                                           *
        *  Thank you very much for using Q-Chem.  Have a nice day.  *
        *                                                           *
        *************************************************************


0 sent ACK to 0 
now end server 0 ... 
