Process 0 of 1 is on cl137.stfx.acenet.ca - thread support 1
initial socket setup ...start
initial socket setup ...done 
now start server 0 ... 

cmd = /usr/bin/ssh clhead /usr/local/qchem/bin/get_hostid 1456334814 > /scratch/tmp/6028587.1.medium.q/qchem22965/lic.dat
                  Welcome to Q-Chem
     A Quantum Leap Into The Future Of Chemistry

 Y. Shao, L. Fusti-Molnar, Y. Jung, J. Kussmann, C. Ochsenfeld,
 S. T. Brown, A. T. B. Gilbert, L. V. Slipchenko,S. V. Levchenko,
 D. P. O'Neill, R. A. DiStasio Jr., R. C. Lochan, T. Wang,
 G. J. O. Beran, N. A. Besley, J. M. Herbert, C. Y. Lin,
 T. Van Voorhis, S. H. Chien, A. Sodt, R. P. Steele, 
 V. A. Rassolov, P. E. Maslen, P. P. Korambath, R. D. Adamson,
 B. Austin, J. Baker, E. F. C. Byrd, H. Dachsel, R. J. Doerksen,
 A. Dreuw, B. D. Dunietz, A. D. Dutoi, T. R. Furlani,
 S. R. Gwaltney, A. Heyden, S. Hirata, C.-P. Hsu, G. Kedziora,
 R. Z. Khaliullin, P. Klunzinger, A. M. Lee, M. S. Lee, W. Liang,
 I. Lotan, N. Nair, B. Peters, E. I. Proynov, P. A. Pieniazek, 
 Y. M. Rhee, J. Ritchie, E. Rosta, C. D. Sherrill, 
 A. C. Simmonett, J. E. Subotnik, H. L. Woodcock III,
 W. Zhang, A. T. Bell, A. K. Chakraborty, D. M. Chipman,
 F. J. Keil, A. Warshel, W. J. Hehre, H. F. Schaefer III,
 J. Kong, A. I. Krylov, P. M. W. Gill, M. Head-Gordon,
 Q-Chem, Version 3.1, Q-Chem, Inc., Pittsburgh, PA (2007).

 Additional authors for Version 3.1: 
 Z. Gan, Y. Zhao, N. E. Schultz, D. Truhlar, E. Epifanovsky and M. Oana.

 Additional authors for Version 3.2: 
 R. Baer, B. R. Brooks, D. Casanova, J.-D. Chai, C.-L. Cheng, 
 C. Cramer, D. Crittenden, A. Ghysels, G. Hawkins, E. G. Hohenstein, 
 C. Kelley, W. Kurlancheek, D. Liotard, E. Livshits, P. Manohar, 
 A. Marenich, D. Neuhauser, R. Olson, M. A. Rohrdanz, K. S. Thanthiriwatte, 
 A. J. W. Thom, V. Vanovschi, C. F. Williams, Q. Wu and Z.-Q. You. 


 Intel X86 Linux Version

 Q-chem begins on Tue Jun  4 15:44:06 2013  

 Parallel job on  1  processors
Processing $rem in /usr/local/qchem/config/preferences.

theFileMan(): MAXOPENFILES=974 MAX_SUB_FILE_NUM=16
Maximum size of a physical file is 2.0 GB, maximum size of a tmp-file is 32.0 GB


--------------------------------------------------------------
User input:
--------------------------------------------------------------

$molecule
-1,2
Li         0.00000        0.00000       -0.02802
H          0.00000        0.00000        1.64909
$end

$comment
negative
$end

$xc_functional
C PBE   1.00
X wPBE  1.00
$end

$rem
SYMMETRY_DECOMPOSITION	0
exchange 		general
LRC_DFT                 true
BASIS                   g3large
omega			380
mem_static              760
max_scf_cycles          200
scf_final_print         1
sym_ignore              true
$end

--------------------------------------------------------------
 Writing REM_CC_EA            2
 ----------------------------------------------------
       Standard Nuclear Orientation (Angstroms)
    I     Atom         X            Y            Z
 ----------------------------------------------------
    1      Li      0.000000     0.000000    -0.028020
    2      H       0.000000     0.000000     1.649090
 ----------------------------------------------------
 Nuclear Repulsion Energy =     0.9465876612 hartrees
 There are        3 alpha and        2 beta electrons
 Requested basis set is G3large
 There are 16 shells and 52 basis functions

Total QAlloc Memory Limit   2000 MB
Mega-Array Size       743 MB
MEM_STATIC part       760 MB

                       Distance Matrix (Angstroms)
             Li(  1)
   H (  2)  1.677110
 
 A cutoff of  1.0D-08 yielded    136 shell pairs
 There are   1462 function pairs (  1834 Cartesian)
Evaluating contribution to one-electron hamiltonian from nuclear
 Smallest overlap matrix eigenvalue = 4.09E-03
 Multipole matrices computed through 2nd order

  Scale SEOQF with 1.000000e-02/1.000000e-02/1.000000e-02

 Standard Electronic Orientation quadrupole field applied
 Guess from superposition of atomic densities
 Warning:  Energy on first SCF cycle will be non-variational
 Long-range K will be added via erf
 Coulomb attenuation parameter = 0.38 bohr**(-1)
 An unrestricted Kohn-Sham SCF calculation will be
 performed using Pulay DIIS extrapolation
 Exchange:  wPBE + LR-HF      Correlation:  PBE
 Using SG-1 standard quadrature grid
 SCF converges when DIIS error is below 1.0E-05
 Requested basis set is G3large
 There are 16 shells and 52 basis functions
 A cutoff of  1.0D-08 yielded    136 shell pairs
 There are   1462 function pairs (  1834 Cartesian)
 Warning!  Inaccurate integrated density:
   Number of electrons =     5
   Numerical integral  =     4.012981843575
   Relative error      =   -19.7403631285 %
 ---------------------------------------
  Cycle       Energy         DIIS Error
 ---------------------------------------
    1      -7.7638034591      4.88E-03
    2      -7.9791150579      6.60E-03
    3      -8.0109060189      3.94E-03
    4      -8.0395382775      5.86E-04
 Warning!  Inaccurate integrated density:
   Number of electrons =     5
   Numerical integral  =     4.993052993371
   Relative error      =    -0.1389401326 %
    5      -8.0450034118      4.23E-04
 Warning!  Inaccurate integrated density:
   Number of electrons =     5
   Numerical integral  =     4.990494439801
   Relative error      =    -0.1901112040 %
    6      -8.0503097211      3.47E-04
 Warning!  Inaccurate integrated density:
   Number of electrons =     5
   Numerical integral  =     4.991009638837
   Relative error      =    -0.1798072233 %
    7      -8.0544028197      3.76E-04
 Warning!  Inaccurate integrated density:
   Number of electrons =     5
   Numerical integral  =     4.988725584585
   Relative error      =    -0.2254883083 %
    8      -8.0496680779      2.75E-04
 Warning!  Inaccurate integrated density:
   Number of electrons =     5
   Numerical integral  =     4.987090919030
   Relative error      =    -0.2581816194 %
    9      -8.0479161239      1.75E-04
 Warning!  Inaccurate integrated density:
   Number of electrons =     5
   Numerical integral  =     4.984747571364
   Relative error      =    -0.3050485727 %
   10      -8.0479696119      6.28E-05
 Warning!  Inaccurate integrated density:
   Number of electrons =     5
   Numerical integral  =     4.983736636432
   Relative error      =    -0.3252672714 %
   11      -8.0480391240      1.98E-05
 Warning!  Inaccurate integrated density:
   Number of electrons =     5
   Numerical integral  =     4.983722239544
   Relative error      =    -0.3255552091 %
   12      -8.0480426111      1.14E-05
 Warning!  Inaccurate integrated density:
   Number of electrons =     5
   Numerical integral  =     4.983630501774
   Relative error      =    -0.3273899645 %
   13      -8.0480468502      6.80E-06 Convergence criterion met
 ---------------------------------------
 One-Electron    Energy =   -12.7037923443
 Total Coulomb   Energy =     5.9549383855
 Alpha Exchange  Energy =    -0.3970483384
 Beta  Exchange  Energy =    -0.3594187247
 DFT   Exchange  Energy =    -1.4009694099
 DFT Correlation Energy =    -0.0883440795
 Nuclear Repu.   Energy =     0.9465876611
 Nuclear Attr.   Energy =   -20.6540458126
 Kinetic         Energy =     7.9502534683
 <S^2> = 0.7502
 SCF time:  CPU 6.75 s  wall 7.59 s
 Final Alpha MO Eigenvalues
            1           2           3           4           5           6
    1  -1.9852622  -0.2068678   0.0088685   0.0535217   0.0730732   0.0807311
            7           8
    1   0.0913741   0.1186295
 Final Beta MO Eigenvalues
            1           2           3           4           5           6
    1  -1.9851250  -0.2079043   0.0666532   0.0805512   0.0876907   0.0886411
            7
    1   0.1001078
 Analysis of SCF Wavefunction
 
 --------------------------------------------------------------
                    Orbital Energies (a.u.)
 --------------------------------------------------------------
 
 Alpha MOs
 -- Occupied --
 -1.985  -0.207   0.009
 -- Virtual --
  0.054   0.073   0.081   0.091   0.119   0.127   0.148   0.212
  0.235   0.235   0.237   0.325   0.363   0.363   0.368   0.370
  0.481   0.584   0.625   0.626   0.677   0.678   0.695   0.695
  0.695   0.696   0.712   0.906   1.169   1.170   1.274   1.362
  1.362   1.431   1.431   1.639   2.947   3.733   4.294   4.294
  4.416   6.974   6.974   7.238  20.083  20.109  21.333  21.337
 21.337
 
 Beta MOs
 -- Occupied --
 -1.985  -0.208
 -- Virtual --
  0.067   0.081   0.088   0.089   0.100   0.127   0.128   0.146
  0.211   0.233   0.234   0.237   0.324   0.363   0.363   0.368
  0.369   0.480   0.584   0.624   0.625   0.677   0.677   0.694
  0.695   0.695   0.696   0.711   0.906   1.168   1.169   1.274
  1.362   1.362   1.430   1.431   1.638   2.945   3.732   4.292
  4.293   4.414   6.974   6.974   7.238  20.083  20.109  21.333
 21.337  21.337
 --------------------------------------------------------------
 
          Ground-State Mulliken Net Atomic Charges

     Atom                 Charge (a.u.)    Spin (a.u.)
  --------------------------------------------------------
      1 Li                   -0.660347       1.014877
      2 H                    -0.339653      -0.014877
  --------------------------------------------------------
  Sum of atomic charges =    -1.000000
  Sum of spin   charges =     1.000000

 -----------------------------------------------------------------
                    Cartesian Multipole Moments
 -----------------------------------------------------------------
    Charge (ESU x 10^10)
                -4.8032
    Dipole Moment (Debye)
         X      -0.2151      Y      -0.2150      Z      -5.9028
       Tot       5.9106
    Quadrupole Moments (Debye-Ang)
        XX     -99.5629     XY     -46.9717     YY     -99.5119
        XZ       0.8031     YZ       0.8026     ZZ     -59.4285
    Octapole Moments (Debye-Ang^2)
       XXX      -8.8599    XXY      -2.9519    XYY      -2.9535
       YYY      -8.8551    XXZ      -3.8465    XYZ       1.4184
       YYZ      -3.8480    XZZ      -2.9793    YZZ      -2.9777
       ZZZ     -23.5510
    Hexadecapole Moments (Debye-Ang^3)
      XXXX   -4143.9700   XXXY   -1375.9295   XXYY   -1380.8274
      XYYY   -1375.9295   YYYY   -4141.0002   XXXZ      27.0040
      XXYZ       8.9964   XYYZ       9.0013   YYYZ      26.9895
      XXZZ    -931.3420   XYZZ    -458.6825   YYZZ    -930.8470
      XZZZ      27.0222   YZZZ      27.0076   ZZZZ   -1452.9520
 -----------------------------------------------------------------
 Total job time:  7.73s(wall), 6.83s(cpu) 
 Tue Jun  4 15:44:14 2013

        *************************************************************
        *                                                           *
        *  Thank you very much for using Q-Chem.  Have a nice day.  *
        *                                                           *
        *************************************************************


0 sent ACK to 0 
now end server 0 ... 
 
**********************************************************************
Job 2 of 3 
**********************************************************************
 
Process 0 of 1 is on cl137.stfx.acenet.ca - thread support 1
initial socket setup ...start
initial socket setup ...done 
now start server 0 ... 

cmd = /usr/bin/ssh clhead /usr/local/qchem/bin/get_hostid 1320747720 > /scratch/tmp/6028587.1.medium.q/qchem22965/lic.dat
                  Welcome to Q-Chem
     A Quantum Leap Into The Future Of Chemistry

 Y. Shao, L. Fusti-Molnar, Y. Jung, J. Kussmann, C. Ochsenfeld,
 S. T. Brown, A. T. B. Gilbert, L. V. Slipchenko,S. V. Levchenko,
 D. P. O'Neill, R. A. DiStasio Jr., R. C. Lochan, T. Wang,
 G. J. O. Beran, N. A. Besley, J. M. Herbert, C. Y. Lin,
 T. Van Voorhis, S. H. Chien, A. Sodt, R. P. Steele, 
 V. A. Rassolov, P. E. Maslen, P. P. Korambath, R. D. Adamson,
 B. Austin, J. Baker, E. F. C. Byrd, H. Dachsel, R. J. Doerksen,
 A. Dreuw, B. D. Dunietz, A. D. Dutoi, T. R. Furlani,
 S. R. Gwaltney, A. Heyden, S. Hirata, C.-P. Hsu, G. Kedziora,
 R. Z. Khaliullin, P. Klunzinger, A. M. Lee, M. S. Lee, W. Liang,
 I. Lotan, N. Nair, B. Peters, E. I. Proynov, P. A. Pieniazek, 
 Y. M. Rhee, J. Ritchie, E. Rosta, C. D. Sherrill, 
 A. C. Simmonett, J. E. Subotnik, H. L. Woodcock III,
 W. Zhang, A. T. Bell, A. K. Chakraborty, D. M. Chipman,
 F. J. Keil, A. Warshel, W. J. Hehre, H. F. Schaefer III,
 J. Kong, A. I. Krylov, P. M. W. Gill, M. Head-Gordon,
 Q-Chem, Version 3.1, Q-Chem, Inc., Pittsburgh, PA (2007).

 Additional authors for Version 3.1: 
 Z. Gan, Y. Zhao, N. E. Schultz, D. Truhlar, E. Epifanovsky and M. Oana.

 Additional authors for Version 3.2: 
 R. Baer, B. R. Brooks, D. Casanova, J.-D. Chai, C.-L. Cheng, 
 C. Cramer, D. Crittenden, A. Ghysels, G. Hawkins, E. G. Hohenstein, 
 C. Kelley, W. Kurlancheek, D. Liotard, E. Livshits, P. Manohar, 
 A. Marenich, D. Neuhauser, R. Olson, M. A. Rohrdanz, K. S. Thanthiriwatte, 
 A. J. W. Thom, V. Vanovschi, C. F. Williams, Q. Wu and Z.-Q. You. 


 Intel X86 Linux Version

 Q-chem begins on Tue Jun  4 15:44:16 2013  

 Parallel job on  1  processors
Processing $rem in /usr/local/qchem/config/preferences.

theFileMan(): MAXOPENFILES=974 MAX_SUB_FILE_NUM=16
Maximum size of a physical file is 2.0 GB, maximum size of a tmp-file is 32.0 GB


--------------------------------------------------------------
User input:
--------------------------------------------------------------

$molecule
0,1
Li         0.00000        0.00000       -0.02802
H          0.00000        0.00000        1.64909
$end

$comment
neutral
$end

$xc_functional
C PBE   1.00
X wPBE  1.00
$end


$rem
SYMMETRY_DECOMPOSITION	0
LRC_DFT                 true
exchange 		general
BASIS                   g3large
omega			380
mem_static              760
max_scf_cycles          200
scf_final_print         1
sym_ignore              true
$end

--------------------------------------------------------------
 Writing REM_CC_EA            2
 ----------------------------------------------------
       Standard Nuclear Orientation (Angstroms)
    I     Atom         X            Y            Z
 ----------------------------------------------------
    1      Li      0.000000     0.000000    -0.028020
    2      H       0.000000     0.000000     1.649090
 ----------------------------------------------------
 Nuclear Repulsion Energy =     0.9465876612 hartrees
 There are        2 alpha and        2 beta electrons
 Requested basis set is G3large
 There are 16 shells and 52 basis functions

Total QAlloc Memory Limit   2000 MB
Mega-Array Size       743 MB
MEM_STATIC part       760 MB

                       Distance Matrix (Angstroms)
             Li(  1)
   H (  2)  1.677110
 
 A cutoff of  1.0D-08 yielded    136 shell pairs
 There are   1462 function pairs (  1834 Cartesian)
Evaluating contribution to one-electron hamiltonian from nuclear
 Smallest overlap matrix eigenvalue = 4.09E-03
 Multipole matrices computed through 2nd order

  Scale SEOQF with 1.000000e-02/1.000000e-02/1.000000e-02

 Standard Electronic Orientation quadrupole field applied
 Guess from superposition of atomic densities
 Warning:  Energy on first SCF cycle will be non-variational
 Long-range K will be added via erf
 Coulomb attenuation parameter = 0.38 bohr**(-1)
 A restricted Kohn-Sham SCF calculation will be
 performed using Pulay DIIS extrapolation
 Exchange:  wPBE + LR-HF      Correlation:  PBE
 Using SG-1 standard quadrature grid
 SCF converges when DIIS error is below 1.0E-05
 Requested basis set is G3large
 There are 16 shells and 52 basis functions
 A cutoff of  1.0D-08 yielded    136 shell pairs
 There are   1462 function pairs (  1834 Cartesian)
 Warning!  Inaccurate integrated density:
   Number of electrons =     4
   Numerical integral  =     4.012981843575
   Relative error      =     0.3245460894 %
 ---------------------------------------
  Cycle       Energy         DIIS Error
 ---------------------------------------
    1      -7.7638034591      4.88E-03
    2      -8.0273314673      6.06E-03
    3      -8.0461562170      3.50E-03
    4      -8.0581182986      3.77E-04
    5      -8.0585222766      1.48E-04
    6      -8.0585957909      2.43E-05
    7      -8.0585976299      4.32E-06 Convergence criterion met
 ---------------------------------------
 One-Electron    Energy =   -12.3623872046
 Total Coulomb   Energy =     5.5609451404
 Alpha Exchange  Energy =    -0.3593823459
 Beta  Exchange  Energy =    -0.3593823459
 DFT   Exchange  Energy =    -1.4008790669
 DFT Correlation Energy =    -0.0840994682
 Nuclear Repu.   Energy =     0.9465876611
 Nuclear Attr.   Energy =   -20.2984437299
 Kinetic         Energy =     7.9360565253
 SCF time:  CPU 3.55 s  wall 3.89 s
 Final Alpha MO Eigenvalues
            1           2           3           4           5           6
    1  -2.0755621  -0.2949535  -0.0097292   0.0146644   0.0146651   0.0213531
            7
    1   0.0273705
 Analysis of SCF Wavefunction
 
 --------------------------------------------------------------
                    Orbital Energies (a.u.)
 --------------------------------------------------------------
 
 Alpha MOs
 -- Occupied --
 -2.076  -0.295
 -- Virtual --
 -0.010   0.015   0.015   0.021   0.027   0.052   0.052   0.076
  0.133   0.154   0.154   0.159   0.241   0.277   0.277   0.283
  0.283   0.396   0.497   0.537   0.537   0.590   0.590   0.606
  0.606   0.608   0.609   0.627   0.819   1.082   1.082   1.187
  1.271   1.271   1.342   1.342   1.550   2.859   3.643   4.206
  4.206   4.329   6.884   6.884   7.148  19.992  20.018  21.243
 21.247  21.247
 --------------------------------------------------------------
 
          Ground-State Mulliken Net Atomic Charges

     Atom                 Charge (a.u.)
  ----------------------------------------
      1 Li                    0.332547
      2 H                    -0.332547
  ----------------------------------------
  Sum of atomic charges =     0.000000

 -----------------------------------------------------------------
                    Cartesian Multipole Moments
 -----------------------------------------------------------------
    Charge (ESU x 10^10)
                 0.0000
    Dipole Moment (Debye)
         X       0.0000      Y       0.0000      Z      -6.0487
       Tot       6.0487
    Quadrupole Moments (Debye-Ang)
        XX      -5.4312     XY       0.0001     YY      -5.4312
        XZ       0.0000     YZ       0.0000     ZZ     -12.0989
    Octapole Moments (Debye-Ang^2)
       XXX       0.0001    XXY       0.0000    XYY       0.0000
       YYY       0.0001    XXZ      -6.5270    XYZ       0.0000
       YYZ      -6.5270    XZZ       0.0000    YZZ       0.0000
       ZZZ     -27.0040
    Hexadecapole Moments (Debye-Ang^3)
      XXXX     -12.5604   XXXY       0.0002   XXYY      -4.1868
      XYYY       0.0002   YYYY     -12.5604   XXXZ       0.0001
      XXYZ       0.0000   XYYZ       0.0000   YYYZ       0.0000
      XXZZ     -12.5886   XYZZ       0.0001   YYZZ     -12.5886
      XZZZ       0.0001   YZZZ       0.0000   ZZZZ     -71.4313
 -----------------------------------------------------------------
 Total job time:  3.97s(wall), 3.61s(cpu) 
 Tue Jun  4 15:44:20 2013

        *************************************************************
        *                                                           *
        *  Thank you very much for using Q-Chem.  Have a nice day.  *
        *                                                           *
        *************************************************************


0 sent ACK to 0 
now end server 0 ... 
 
**********************************************************************
Job 3 of 3 
**********************************************************************
 
Process 0 of 1 is on cl137.stfx.acenet.ca - thread support 1
initial socket setup ...start
initial socket setup ...done 
now start server 0 ... 

cmd = /usr/bin/ssh clhead /usr/local/qchem/bin/get_hostid 572726419 > /scratch/tmp/6028587.1.medium.q/qchem22965/lic.dat
                  Welcome to Q-Chem
     A Quantum Leap Into The Future Of Chemistry

 Y. Shao, L. Fusti-Molnar, Y. Jung, J. Kussmann, C. Ochsenfeld,
 S. T. Brown, A. T. B. Gilbert, L. V. Slipchenko,S. V. Levchenko,
 D. P. O'Neill, R. A. DiStasio Jr., R. C. Lochan, T. Wang,
 G. J. O. Beran, N. A. Besley, J. M. Herbert, C. Y. Lin,
 T. Van Voorhis, S. H. Chien, A. Sodt, R. P. Steele, 
 V. A. Rassolov, P. E. Maslen, P. P. Korambath, R. D. Adamson,
 B. Austin, J. Baker, E. F. C. Byrd, H. Dachsel, R. J. Doerksen,
 A. Dreuw, B. D. Dunietz, A. D. Dutoi, T. R. Furlani,
 S. R. Gwaltney, A. Heyden, S. Hirata, C.-P. Hsu, G. Kedziora,
 R. Z. Khaliullin, P. Klunzinger, A. M. Lee, M. S. Lee, W. Liang,
 I. Lotan, N. Nair, B. Peters, E. I. Proynov, P. A. Pieniazek, 
 Y. M. Rhee, J. Ritchie, E. Rosta, C. D. Sherrill, 
 A. C. Simmonett, J. E. Subotnik, H. L. Woodcock III,
 W. Zhang, A. T. Bell, A. K. Chakraborty, D. M. Chipman,
 F. J. Keil, A. Warshel, W. J. Hehre, H. F. Schaefer III,
 J. Kong, A. I. Krylov, P. M. W. Gill, M. Head-Gordon,
 Q-Chem, Version 3.1, Q-Chem, Inc., Pittsburgh, PA (2007).

 Additional authors for Version 3.1: 
 Z. Gan, Y. Zhao, N. E. Schultz, D. Truhlar, E. Epifanovsky and M. Oana.

 Additional authors for Version 3.2: 
 R. Baer, B. R. Brooks, D. Casanova, J.-D. Chai, C.-L. Cheng, 
 C. Cramer, D. Crittenden, A. Ghysels, G. Hawkins, E. G. Hohenstein, 
 C. Kelley, W. Kurlancheek, D. Liotard, E. Livshits, P. Manohar, 
 A. Marenich, D. Neuhauser, R. Olson, M. A. Rohrdanz, K. S. Thanthiriwatte, 
 A. J. W. Thom, V. Vanovschi, C. F. Williams, Q. Wu and Z.-Q. You. 


 Intel X86 Linux Version

 Q-chem begins on Tue Jun  4 15:44:23 2013  

 Parallel job on  1  processors
Processing $rem in /usr/local/qchem/config/preferences.

theFileMan(): MAXOPENFILES=974 MAX_SUB_FILE_NUM=16
Maximum size of a physical file is 2.0 GB, maximum size of a tmp-file is 32.0 GB


--------------------------------------------------------------
User input:
--------------------------------------------------------------

$molecule
1,2
Li         0.00000        0.00000       -0.02802
H          0.00000        0.00000        1.64909
$end

$comment
positive
$end

$xc_functional
C PBE   1.00
X wPBE  1.00
$end

$rem
SYMMETRY_DECOMPOSITION	0
LRC_DFT                 true
exchange 		general
BASIS                   g3large
omega			380
mem_static              760
max_scf_cycles          200
scf_final_print         1
sym_ignore              true
$end

--------------------------------------------------------------
 Writing REM_CC_EA            2
 ----------------------------------------------------
       Standard Nuclear Orientation (Angstroms)
    I     Atom         X            Y            Z
 ----------------------------------------------------
    1      Li      0.000000     0.000000    -0.028020
    2      H       0.000000     0.000000     1.649090
 ----------------------------------------------------
 Nuclear Repulsion Energy =     0.9465876612 hartrees
 There are        2 alpha and        1 beta electrons
 Requested basis set is G3large
 There are 16 shells and 52 basis functions

Total QAlloc Memory Limit   2000 MB
Mega-Array Size       743 MB
MEM_STATIC part       760 MB

                       Distance Matrix (Angstroms)
             Li(  1)
   H (  2)  1.677110
 
 A cutoff of  1.0D-08 yielded    136 shell pairs
 There are   1462 function pairs (  1834 Cartesian)
Evaluating contribution to one-electron hamiltonian from nuclear
 Smallest overlap matrix eigenvalue = 4.09E-03
 Multipole matrices computed through 2nd order

  Scale SEOQF with 1.000000e-02/1.000000e-02/1.000000e-02

 Standard Electronic Orientation quadrupole field applied
 Guess from superposition of atomic densities
 Warning:  Energy on first SCF cycle will be non-variational
 Long-range K will be added via erf
 Coulomb attenuation parameter = 0.38 bohr**(-1)
 An unrestricted Kohn-Sham SCF calculation will be
 performed using Pulay DIIS extrapolation
 Exchange:  wPBE + LR-HF      Correlation:  PBE
 Using SG-1 standard quadrature grid
 SCF converges when DIIS error is below 1.0E-05
 Requested basis set is G3large
 There are 16 shells and 52 basis functions
 A cutoff of  1.0D-08 yielded    136 shell pairs
 There are   1462 function pairs (  1834 Cartesian)
 Warning!  Inaccurate integrated density:
   Number of electrons =     3
   Numerical integral  =     4.012981843575
   Relative error      =    33.7660614525 %
 ---------------------------------------
  Cycle       Energy         DIIS Error
 ---------------------------------------
    1      -7.7638034591      4.88E-03
    2      -7.7562982009      2.15E-03
    3      -7.7647488327      6.86E-04
    4      -7.7657473812      5.04E-05
    5      -7.7657519676      1.05E-05
    6      -7.7657521995      1.84E-06 Convergence criterion met
 ---------------------------------------
 One-Electron    Energy =   -10.9939292207
 Total Coulomb   Energy =     4.2845653991
 Alpha Exchange  Energy =    -0.3803969755
 Beta  Exchange  Energy =    -0.2056999334
 DFT   Exchange  Energy =    -1.3652621415
 DFT Correlation Energy =    -0.0516169887
 Nuclear Repu.   Energy =     0.9465876611
 Nuclear Attr.   Energy =   -18.7531197580
 Kinetic         Energy =     7.7591905373
 <S^2> = 0.7500
 SCF time:  CPU 3.09 s  wall 3.47 s
 Final Alpha MO Eigenvalues
            1           2           3           4           5           6
    1  -2.4014153  -0.7510633  -0.1769676  -0.1383846  -0.1383839  -0.0861023
            7
    1  -0.0700716
 Final Beta MO Eigenvalues
            1           2           3           4           5           6
    1  -2.3986680  -0.2098683  -0.1454550  -0.1288316  -0.1288293  -0.0767738
 Analysis of SCF Wavefunction
 
 --------------------------------------------------------------
                    Orbital Energies (a.u.)
 --------------------------------------------------------------
 
 Alpha MOs
 -- Occupied --
 -2.401  -0.751
 -- Virtual --
 -0.177  -0.138  -0.138  -0.086  -0.070  -0.059  -0.059  -0.053
 -0.028  -0.007  -0.006  -0.006   0.032   0.055   0.055   0.081
  0.081   0.193   0.229   0.292   0.292   0.336   0.349   0.349
  0.384   0.385   0.395   0.395   0.569   0.748   0.748   0.849
  1.004   1.005   1.040   1.040   1.237   2.373   3.302   3.697
  3.697   3.841   6.562   6.562   6.822  19.667  19.690  20.917
 20.918  20.918
 
 Beta MOs
 -- Occupied --
 -2.399
 -- Virtual --
 -0.210  -0.145  -0.129  -0.129  -0.077  -0.061  -0.057  -0.057
 -0.038  -0.014  -0.006  -0.003  -0.003   0.080   0.080   0.084
  0.084   0.107   0.205   0.279   0.294   0.294   0.391   0.391
  0.395   0.395   0.398   0.398   0.476   0.659   0.892   0.892
  1.006   1.006   1.042   1.132   1.132   1.316   2.891   3.365
  4.250   4.250   4.419   6.564   6.564   6.829  19.670  19.695
 20.917  20.919  20.919
 --------------------------------------------------------------
 
          Ground-State Mulliken Net Atomic Charges

     Atom                 Charge (a.u.)    Spin (a.u.)
  --------------------------------------------------------
      1 Li                    0.816370       0.180436
      2 H                     0.183630       0.819564
  --------------------------------------------------------
  Sum of atomic charges =     1.000000
  Sum of spin   charges =     1.000000

 -----------------------------------------------------------------
                    Cartesian Multipole Moments
 -----------------------------------------------------------------
    Charge (ESU x 10^10)
                 4.8032
    Dipole Moment (Debye)
         X       0.0000      Y       0.0000      Z       0.4653
       Tot       0.4653
    Quadrupole Moments (Debye-Ang)
        XX      -1.6623     XY       0.0000     YY      -1.6623
        XZ       0.0000     YZ       0.0000     ZZ       0.2216
    Octapole Moments (Debye-Ang^2)
       XXX       0.0000    XXY       0.0000    XYY       0.0000
       YYY       0.0000    XXZ      -1.8416    XYZ       0.0000
       YYZ      -1.8416    XZZ       0.0000    YZZ       0.0000
       ZZZ      -1.1214
    Hexadecapole Moments (Debye-Ang^3)
      XXXX      -1.7144   XXXY       0.0000   XXYY      -0.5714
      XYYY       0.0000   YYYY      -1.7143   XXXZ       0.0000
      XXYZ       0.0000   XYYZ       0.0000   YYYZ       0.0000
      XXZZ      -3.2889   XYZZ       0.0000   YYZZ      -3.2889
      XZZZ       0.0000   YZZZ       0.0000   ZZZZ      -8.9725
 -----------------------------------------------------------------
 Total job time:  3.53s(wall), 3.15s(cpu) 
 Tue Jun  4 15:44:26 2013

        *************************************************************
        *                                                           *
        *  Thank you very much for using Q-Chem.  Have a nice day.  *
        *                                                           *
        *************************************************************


0 sent ACK to 0 
now end server 0 ... 
